             VMA              LMA     Size Align Out     In      Symbol
               0                0 80000000     1 . = ORIGIN(RAM)
        80000000                0        0     1 __image_start = .
        80000000         80000000    24840  4096 .text
        80000000         80000000       b0   128         build-exploit/arch/arm64/start.o:(.text.boot)
        80000000         80000000        0     1                 $x
        80000000         80000000       b0     1                 _start
        80000004         80000004       ac     1                 fbr34ker_entry
        800000b0         800000b0       10     4         build-exploit/arch/arm64/cpu.o:(.text.cpu_current_el)
        800000b0         800000b0        0     1                 $x
        800000b0         800000b0       10     1                 cpu_current_el
        800000c0         800000c0       60     4         build-exploit/arch/arm64/cpu.o:(.text.cpu_read_system_registers)
        800000c0         800000c0        0     1                 $x
        800000c0         800000c0       60     1                 cpu_read_system_registers
        80000120         80000120        c     4         build-exploit/arch/arm64/cpu.o:(.text.cpu_halt_forever)
        80000120         80000120        0     1                 $x
        80000120         80000120        c     1                 cpu_halt_forever
        8000012c         8000012c       c0     4         build-exploit/kernel/allocator.o:(.text.allocator_init)
        8000012c         8000012c        0     1                 $x
        8000012c         8000012c       c0     1                 allocator_init
        800001ec         800001ec      24c     4         build-exploit/kernel/allocator.o:(.text.allocator_alloc)
        800001ec         800001ec        0     1                 $x
        800001ec         800001ec      24c     1                 allocator_alloc
        80000438         80000438      2cc     4         build-exploit/kernel/allocator.o:(.text.header_valid)
        80000438         80000438      2cc     1                 header_valid
        80000438         80000438        0     1                 $x
        80000704         80000704      1cc     4         build-exploit/kernel/allocator.o:(.text.allocator_check)
        80000704         80000704        0     1                 $x
        80000704         80000704      1cc     1                 allocator_check
        800008d0         800008d0       18     4         build-exploit/kernel/allocator.o:(.text.allocator_stats)
        800008d0         800008d0        0     1                 $x
        800008d0         800008d0       18     1                 allocator_stats
        800008e8         800008e8       10     4         build-exploit/kernel/allocator.o:(.text.allocator_base)
        800008e8         800008e8        0     1                 $x
        800008e8         800008e8       10     1                 allocator_base
        800008f8         800008f8       10     4         build-exploit/kernel/allocator.o:(.text.allocator_limit)
        800008f8         800008f8        0     1                 $x
        800008f8         800008f8       10     1                 allocator_limit
        80000908         80000908      188     4         build-exploit/kernel/architecture.o:(.text.architecture_init)
        80000908         80000908        0     1                 $x
        80000908         80000908      188     1                 architecture_init
        80000a90         80000a90       20     4         build-exploit/kernel/architecture.o:(.text.architecture_restart)
        80000a90         80000a90        0     1                 $x
        80000a90         80000a90       20     1                 architecture_restart
        80000ab0         80000ab0       10     4         build-exploit/kernel/architecture.o:(.text.architecture_ready)
        80000ab0         80000ab0        0     1                 $x
        80000ab0         80000ab0       10     1                 architecture_ready
        80000ac0         80000ac0       64     4         build-exploit/kernel/architecture.o:(.text.architecture_healthy)
        80000ac0         80000ac0        0     1                 $x
        80000ac0         80000ac0       64     1                 architecture_healthy
        80000b24         80000b24       14     4         build-exploit/kernel/architecture.o:(.text.start_trace)
        80000b24         80000b24       14     1                 start_trace
        80000b24         80000b24        0     1                 $x
        80000b38         80000b38        4     4         build-exploit/kernel/architecture.o:(.text.stop_trace)
        80000b38         80000b38        4     1                 stop_trace
        80000b38         80000b38        0     1                 $x
        80000b3c         80000b3c        4     4         build-exploit/kernel/architecture.o:(.text.start_board_description)
        80000b3c         80000b3c        4     1                 start_board_description
        80000b3c         80000b3c        0     1                 $x
        80000b40         80000b40        4     4         build-exploit/kernel/architecture.o:(.text.stop_board_description)
        80000b40         80000b40        4     1                 stop_board_description
        80000b40         80000b40        0     1                 $x
        80000b44         80000b44       38     4         build-exploit/kernel/architecture.o:(.text.start_event_bus)
        80000b44         80000b44       38     1                 start_event_bus
        80000b44         80000b44        0     1                 $x
        80000b7c         80000b7c        4     4         build-exploit/kernel/architecture.o:(.text.stop_event_bus)
        80000b7c         80000b7c        4     1                 stop_event_bus
        80000b7c         80000b7c        0     1                 $x
        80000b80         80000b80       d4     4         build-exploit/kernel/architecture.o:(.text.start_mmio_manager)
        80000b80         80000b80       d4     1                 start_mmio_manager
        80000b80         80000b80        0     1                 $x
        80000c54         80000c54        4     4         build-exploit/kernel/architecture.o:(.text.stop_mmio_manager)
        80000c54         80000c54        4     1                 stop_mmio_manager
        80000c54         80000c54        0     1                 $x
        80000c58         80000c58       14     4         build-exploit/kernel/architecture.o:(.text.start_service_registry)
        80000c58         80000c58       14     1                 start_service_registry
        80000c58         80000c58        0     1                 $x
        80000c6c         80000c6c        4     4         build-exploit/kernel/architecture.o:(.text.stop_service_registry)
        80000c6c         80000c6c        4     1                 stop_service_registry
        80000c6c         80000c6c        0     1                 $x
        80000c70         80000c70       14     4         build-exploit/kernel/architecture.o:(.text.start_physical_memory)
        80000c70         80000c70       14     1                 start_physical_memory
        80000c70         80000c70        0     1                 $x
        80000c84         80000c84        4     4         build-exploit/kernel/architecture.o:(.text.stop_physical_memory)
        80000c84         80000c84        4     1                 stop_physical_memory
        80000c84         80000c84        0     1                 $x
        80000c88         80000c88       14     4         build-exploit/kernel/architecture.o:(.text.start_driver_manager)
        80000c88         80000c88       14     1                 start_driver_manager
        80000c88         80000c88        0     1                 $x
        80000c9c         80000c9c        4     4         build-exploit/kernel/architecture.o:(.text.stop_driver_manager)
        80000c9c         80000c9c        4     1                 stop_driver_manager
        80000c9c         80000c9c        0     1                 $x
        80000ca0         80000ca0      18c     4         build-exploit/kernel/architecture.o:(.text.start_platform_catalog)
        80000ca0         80000ca0      18c     1                 start_platform_catalog
        80000ca0         80000ca0        0     1                 $x
        80000e2c         80000e2c        4     4         build-exploit/kernel/architecture.o:(.text.stop_platform_catalog)
        80000e2c         80000e2c        4     1                 stop_platform_catalog
        80000e2c         80000e2c        0     1                 $x
        80000e30         80000e30        8     4         build-exploit/kernel/architecture.o:(.text.start_bringup_report)
        80000e30         80000e30        8     1                 start_bringup_report
        80000e30         80000e30        0     1                 $x
        80000e38         80000e38        4     4         build-exploit/kernel/architecture.o:(.text.stop_bringup_report)
        80000e38         80000e38        4     1                 stop_bringup_report
        80000e38         80000e38        0     1                 $x
        80000e3c         80000e3c       44     4         build-exploit/kernel/architecture.o:(.text.trace_event)
        80000e3c         80000e3c       44     1                 trace_event
        80000e3c         80000e3c        0     1                 $x
        80000e80         80000e80        8     4         build-exploit/kernel/architecture.o:(.text.always_start)
        80000e80         80000e80        8     1                 always_start
        80000e80         80000e80        0     1                 $x
        80000e88         80000e88      83c     4         build-exploit/kernel/board.o:(.text.board_init)
        80000e88         80000e88        0     1                 $x
        80000e88         80000e88      83c     1                 board_init
        800016c4         800016c4       3c     4         build-exploit/kernel/board.o:(.text.board_shutdown)
        800016c4         800016c4        0     1                 $x
        800016c4         800016c4       3c     1                 board_shutdown
        80001700         80001700       10     4         build-exploit/kernel/board.o:(.text.board_ready)
        80001700         80001700        0     1                 $x
        80001700         80001700       10     1                 board_ready
        80001710         80001710       90     4         build-exploit/kernel/board.o:(.text.board_healthy)
        80001710         80001710        0     1                 $x
        80001710         80001710       90     1                 board_healthy
        800017a0         800017a0       20     4         build-exploit/kernel/board.o:(.text.board_active)
        800017a0         800017a0        0     1                 $x
        800017a0         800017a0       20     1                 board_active
        800017c0         800017c0       2c     4         build-exploit/kernel/board.o:(.text.board_source_name)
        800017c0         800017c0        0     1                 $x
        800017c0         800017c0       2c     1                 board_source_name
        800017ec         800017ec       2c     4         build-exploit/kernel/board.o:(.text.board_device_type_name)
        800017ec         800017ec        0     1                 $x
        800017ec         800017ec       2c     1                 board_device_type_name
        80001818         80001818      194     4         build-exploit/kernel/board.o:(.text.board_add_device)
        80001818         80001818        0     1                 $x
        80001818         80001818      194     1                 board_add_device
        800019ac         800019ac      27c     4         build-exploit/kernel/board.o:(.text.board_export_json)
        800019ac         800019ac        0     1                 $x
        800019ac         800019ac      27c     1                 board_export_json
        80001c28         80001c28       f0     4         build-exploit/kernel/board.o:(.text.append)
        80001c28         80001c28       f0     1                 append
        80001c28         80001c28        0     1                 $x
        80001d18         80001d18      1e0     4         build-exploit/kernel/board.o:(.text.add_dtb_device)
        80001d18         80001d18      1e0     1                 add_dtb_device
        80001d18         80001d18        0     1                 $x
        80001ef8         80001ef8      16c     4         build-exploit/kernel/boot_evidence.o:(.text.boot_evidence_init)
        80001ef8         80001ef8        0     1                 $x
        80001ef8         80001ef8      16c     1                 boot_evidence_init
        80002064         80002064      11c     4         build-exploit/kernel/boot_evidence.o:(.text.boot_evidence_stage)
        80002064         80002064        0     1                 $x
        80002064         80002064      11c     1                 boot_evidence_stage
        80002180         80002180      114     4         build-exploit/kernel/boot_evidence.o:(.text.boot_evidence_error)
        80002180         80002180        0     1                 $x
        80002180         80002180      114     1                 boot_evidence_error
        80002294         80002294      10c     4         build-exploit/kernel/boot_evidence.o:(.text.boot_evidence_clean_shutdown)
        80002294         80002294        0     1                 $x
        80002294         80002294      10c     1                 boot_evidence_clean_shutdown
        800023a0         800023a0       c4     4         build-exploit/kernel/boot_evidence.o:(.text.boot_evidence_record)
        800023a0         800023a0        0     1                 $x
        800023a0         800023a0       c4     1                 boot_evidence_record
        80002464         80002464       2c     4         build-exploit/kernel/boot_evidence.o:(.text.boot_stage_name)
        80002464         80002464        0     1                 $x
        80002464         80002464       2c     1                 boot_stage_name
        80002490         80002490      1c0     4         build-exploit/kernel/boot_evidence.o:(.text.boot_evidence_export_json)
        80002490         80002490        0     1                 $x
        80002490         80002490      1c0     1                 boot_evidence_export_json
        80002650         80002650       34     4         build-exploit/kernel/bringup_report.o:(.text.bringup_report_init)
        80002650         80002650        0     1                 $x
        80002650         80002650       34     1                 bringup_report_init
        80002684         80002684      b78     4         build-exploit/kernel/bringup_report.o:(.text.bringup_report_run)
        80002684         80002684        0     1                 $x
        80002684         80002684      b78     1                 bringup_report_run
        800031fc         800031fc       10     4         build-exploit/kernel/bringup_report.o:(.text.bringup_report_count)
        800031fc         800031fc        0     1                 $x
        800031fc         800031fc       10     1                 bringup_report_count
        8000320c         8000320c       68     4         build-exploit/kernel/bringup_report.o:(.text.bringup_report_at)
        8000320c         8000320c        0     1                 $x
        8000320c         8000320c       68     1                 bringup_report_at
        80003274         80003274       18     4         build-exploit/kernel/bringup_report.o:(.text.bringup_report_summary)
        80003274         80003274        0     1                 $x
        80003274         80003274       18     1                 bringup_report_summary
        8000328c         8000328c       2c     4         build-exploit/kernel/bringup_report.o:(.text.bringup_status_name)
        8000328c         8000328c        0     1                 $x
        8000328c         8000328c       2c     1                 bringup_status_name
        800032b8         800032b8      21c     4         build-exploit/kernel/bringup_report.o:(.text.bringup_report_export_json)
        800032b8         800032b8        0     1                 $x
        800032b8         800032b8      21c     1                 bringup_report_export_json
        800034d4         800034d4       f0     4         build-exploit/kernel/bringup_report.o:(.text.append)
        800034d4         800034d4       f0     1                 append
        800034d4         800034d4        0     1                 $x
        800035c4         800035c4        c     4         build-exploit/kernel/build_info.o:(.text.fbr34ker_build_info)
        800035c4         800035c4        0     1                 $x
        800035c4         800035c4        c     1                 fbr34ker_build_info
        800035d0         800035d0       5c     4         build-exploit/kernel/bringup.o:(.text.bringup_init)
        800035d0         800035d0        0     1                 $x
        800035d0         800035d0       5c     1                 bringup_init
        8000362c         8000362c       10     4         build-exploit/kernel/bringup.o:(.text.bringup_restricted)
        8000362c         8000362c        0     1                 $x
        8000362c         8000362c       10     1                 bringup_restricted
        8000363c         8000363c       2c     4         build-exploit/kernel/bringup.o:(.text.bringup_enter)
        8000363c         8000363c        0     1                 $x
        8000363c         8000363c       2c     1                 bringup_enter
        80003668         80003668       4c     4         build-exploit/kernel/bringup.o:(.text.bringup_exit)
        80003668         80003668        0     1                 $x
        80003668         80003668       4c     1                 bringup_exit
        800036b4         800036b4       90     4         build-exploit/kernel/bringup.o:(.text.bringup_command_allowed)
        800036b4         800036b4        0     1                 $x
        800036b4         800036b4       90     1                 bringup_command_allowed
        80003744         80003744       50     4         build-exploit/kernel/bringup.o:(.text.bringup_mode_name)
        80003744         80003744        0     1                 $x
        80003744         80003744       50     1                 bringup_mode_name
        80003794         80003794       74     4         build-exploit/kernel/command.o:(.text.shell_command_name_reserved)
        80003794         80003794        0     1                 $x
        80003794         80003794       74     1                 shell_command_name_reserved
        80003808         80003808       24     4         build-exploit/kernel/command.o:(.text.shell_init)
        80003808         80003808        0     1                 $x
        80003808         80003808       24     1                 shell_init
        8000382c         8000382c      214     4         build-exploit/kernel/command.o:(.text.shell_execute_line)
        8000382c         8000382c        0     1                 $x
        8000382c         8000382c      214     1                 shell_execute_line
        80003a40         80003a40      17c     4         build-exploit/kernel/command.o:(.text.shell_run)
        80003a40         80003a40        0     1                 $x
        80003a40         80003a40      17c     1                 shell_run
        80003bbc         80003bbc       90     4         build-exploit/kernel/command.o:(.text.command_help)
        80003bbc         80003bbc       90     1                 command_help
        80003bbc         80003bbc        0     1                 $x
        80003c4c         80003c4c      13c     4         build-exploit/kernel/command.o:(.text.command_version)
        80003c4c         80003c4c      13c     1                 command_version
        80003c4c         80003c4c        0     1                 $x
        80003d88         80003d88      124     4         build-exploit/kernel/command.o:(.text.command_architecture)
        80003d88         80003d88      124     1                 command_architecture
        80003d88         80003d88        0     1                 $x
        80003eac         80003eac      228     4         build-exploit/kernel/command.o:(.text.command_board_info)
        80003eac         80003eac      228     1                 command_board_info
        80003eac         80003eac        0     1                 $x
        800040d4         800040d4       9c     4         build-exploit/kernel/command.o:(.text.command_board_json)
        800040d4         800040d4       9c     1                 command_board_json
        800040d4         800040d4        0     1                 $x
        80004170         80004170      198     4         build-exploit/kernel/command.o:(.text.command_mmio_map)
        80004170         80004170      198     1                 command_mmio_map
        80004170         80004170        0     1                 $x
        80004308         80004308      1d0     4         build-exploit/kernel/command.o:(.text.command_physical_memory)
        80004308         80004308      1d0     1                 command_physical_memory
        80004308         80004308        0     1                 $x
        800044d8         800044d8      170     4         build-exploit/kernel/command.o:(.text.command_bringup_report_show)
        800044d8         800044d8      170     1                 command_bringup_report_show
        800044d8         800044d8        0     1                 $x
        80004648         80004648       a4     4         build-exploit/kernel/command.o:(.text.command_bringup_report_json)
        80004648         80004648       a4     1                 command_bringup_report_json
        80004648         80004648        0     1                 $x
        800046ec         800046ec       e4     4         build-exploit/kernel/command.o:(.text.command_boot_evidence_show)
        800046ec         800046ec       e4     1                 command_boot_evidence_show
        800046ec         800046ec        0     1                 $x
        800047d0         800047d0       94     4         build-exploit/kernel/command.o:(.text.command_boot_evidence_json)
        800047d0         800047d0       94     1                 command_boot_evidence_json
        800047d0         800047d0        0     1                 $x
        80004864         80004864      134     4         build-exploit/kernel/command.o:(.text.command_components)
        80004864         80004864      134     1                 command_components
        80004864         80004864        0     1                 $x
        80004998         80004998       f0     4         build-exploit/kernel/command.o:(.text.command_service_registry)
        80004998         80004998       f0     1                 command_service_registry
        80004998         80004998        0     1                 $x
        80004a88         80004a88      138     4         build-exploit/kernel/command.o:(.text.command_drivers)
        80004a88         80004a88      138     1                 command_drivers
        80004a88         80004a88        0     1                 $x
        80004bc0         80004bc0      110     4         build-exploit/kernel/command.o:(.text.command_events)
        80004bc0         80004bc0      110     1                 command_events
        80004bc0         80004bc0        0     1                 $x
        80004cd0         80004cd0      120     4         build-exploit/kernel/command.o:(.text.command_trace)
        80004cd0         80004cd0      120     1                 command_trace
        80004cd0         80004cd0        0     1                 $x
        80004df0         80004df0       9c     4         build-exploit/kernel/command.o:(.text.command_trace_json)
        80004df0         80004df0       9c     1                 command_trace_json
        80004df0         80004df0        0     1                 $x
        80004e8c         80004e8c      11c     4         build-exploit/kernel/command.o:(.text.command_fault_status)
        80004e8c         80004e8c      11c     1                 command_fault_status
        80004e8c         80004e8c        0     1                 $x
        80004fa8         80004fa8       bc     4         build-exploit/kernel/command.o:(.text.command_info)
        80004fa8         80004fa8       bc     1                 command_info
        80004fa8         80004fa8        0     1                 $x
        80005064         80005064       2c     4         build-exploit/kernel/command.o:(.text.command_exception_level)
        80005064         80005064       2c     1                 command_exception_level
        80005064         80005064        0     1                 $x
        80005090         80005090       f4     4         build-exploit/kernel/command.o:(.text.command_system_registers)
        80005090         80005090       f4     1                 command_system_registers
        80005090         80005090        0     1                 $x
        80005184         80005184       3c     4         build-exploit/kernel/command.o:(.text.command_timer_frequency)
        80005184         80005184       3c     1                 command_timer_frequency
        80005184         80005184        0     1                 $x
        800051c0         800051c0      4c4     4         build-exploit/kernel/command.o:(.text.command_handoff)
        800051c0         800051c0      4c4     1                 command_handoff
        800051c0         800051c0        0     1                 $x
        80005684         80005684      2a0     4         build-exploit/kernel/command.o:(.text.command_boot_modules)
        80005684         80005684      2a0     1                 command_boot_modules
        80005684         80005684        0     1                 $x
        80005924         80005924      164     4         build-exploit/kernel/command.o:(.text.command_probe_status)
        80005924         80005924      164     1                 command_probe_status
        80005924         80005924        0     1                 $x
        80005a88         80005a88      214     4         build-exploit/kernel/command.o:(.text.command_probe_validate)
        80005a88         80005a88      214     1                 command_probe_validate
        80005a88         80005a88        0     1                 $x
        80005c9c         80005c9c      178     4         build-exploit/kernel/command.o:(.text.command_compatibility)
        80005c9c         80005c9c      178     1                 command_compatibility
        80005c9c         80005c9c        0     1                 $x
        80005e14         80005e14       4c     4         build-exploit/kernel/command.o:(.text.command_bringup_status)
        80005e14         80005e14       4c     1                 command_bringup_status
        80005e14         80005e14        0     1                 $x
        80005e60         80005e60       24     4         build-exploit/kernel/command.o:(.text.command_bringup_enter)
        80005e60         80005e60       24     1                 command_bringup_enter
        80005e60         80005e60        0     1                 $x
        80005e84         80005e84       80     4         build-exploit/kernel/command.o:(.text.command_bringup_exit)
        80005e84         80005e84       80     1                 command_bringup_exit
        80005e84         80005e84        0     1                 $x
        80005f04         80005f04       3c     4         build-exploit/kernel/command.o:(.text.command_console_test)
        80005f04         80005f04       3c     1                 command_console_test
        80005f04         80005f04        0     1                 $x
        80005f40         80005f40       b8     4         build-exploit/kernel/command.o:(.text.command_console_history)
        80005f40         80005f40       b8     1                 command_console_history
        80005f40         80005f40        0     1                 $x
        80005ff8         80005ff8      100     4         build-exploit/kernel/command.o:(.text.command_console_transports)
        80005ff8         80005ff8      100     1                 command_console_transports
        80005ff8         80005ff8        0     1                 $x
        800060f8         800060f8       c4     4         build-exploit/kernel/command.o:(.text.command_console_semihosting)
        800060f8         800060f8       c4     1                 command_console_semihosting
        800060f8         800060f8        0     1                 $x
        800061bc         800061bc      260     4         build-exploit/kernel/command.o:(.text.command_timer_test)
        800061bc         800061bc      260     1                 command_timer_test
        800061bc         800061bc        0     1                 $x
        8000641c         8000641c      1c0     4         build-exploit/kernel/command.o:(.text.command_memory_check)
        8000641c         8000641c      1c0     1                 command_memory_check
        8000641c         8000641c        0     1                 $x
        800065dc         800065dc       58     4         build-exploit/kernel/command.o:(.text.command_uptime)
        800065dc         800065dc       58     1                 command_uptime
        800065dc         800065dc        0     1                 $x
        80006634         80006634      100     4         build-exploit/kernel/command.o:(.text.command_regions)
        80006634         80006634      100     1                 command_regions
        80006634         80006634        0     1                 $x
        80006734         80006734       d4     4         build-exploit/kernel/command.o:(.text.command_heap)
        80006734         80006734       d4     1                 command_heap
        80006734         80006734        0     1                 $x
        80006808         80006808       18     4         build-exploit/kernel/command.o:(.text.command_log)
        80006808         80006808       18     1                 command_log
        80006808         80006808        0     1                 $x
        80006820         80006820       b0     4         build-exploit/kernel/command.o:(.text.command_dt_info)
        80006820         80006820       b0     1                 command_dt_info
        80006820         80006820        0     1                 $x
        800068d0         800068d0       60     4         build-exploit/kernel/command.o:(.text.command_dt_node)
        800068d0         800068d0       60     1                 command_dt_node
        800068d0         800068d0        0     1                 $x
        80006930         80006930       5c     4         build-exploit/kernel/command.o:(.text.command_dt_find)
        80006930         80006930       5c     1                 command_dt_find
        80006930         80006930        0     1                 $x
        8000698c         8000698c       44     4         build-exploit/kernel/command.o:(.text.command_dt_property)
        8000698c         8000698c       44     1                 command_dt_property
        8000698c         8000698c        0     1                 $x
        800069d0         800069d0       5c     4         build-exploit/kernel/command.o:(.text.command_dt_compatible)
        800069d0         800069d0       5c     1                 command_dt_compatible
        800069d0         800069d0        0     1                 $x
        80006a2c         80006a2c      1c8     4         build-exploit/kernel/command.o:(.text.command_dt_reg)
        80006a2c         80006a2c      1c8     1                 command_dt_reg
        80006a2c         80006a2c        0     1                 $x
        80006bf4         80006bf4       a4     4         build-exploit/kernel/command.o:(.text.command_dt_alias)
        80006bf4         80006bf4       a4     1                 command_dt_alias
        80006bf4         80006bf4        0     1                 $x
        80006c98         80006c98       88     4         build-exploit/kernel/command.o:(.text.command_dt_stdout)
        80006c98         80006c98       88     1                 command_dt_stdout
        80006c98         80006c98        0     1                 $x
        80006d20         80006d20      128     4         build-exploit/kernel/command.o:(.text.command_dt_cells)
        80006d20         80006d20      128     1                 command_dt_cells
        80006d20         80006d20        0     1                 $x
        80006e48         80006e48       ac     4         build-exploit/kernel/command.o:(.text.command_dt_clock)
        80006e48         80006e48       ac     1                 command_dt_clock
        80006e48         80006e48        0     1                 $x
        80006ef4         80006ef4      130     4         build-exploit/kernel/command.o:(.text.command_dt_interrupts)
        80006ef4         80006ef4      130     1                 command_dt_interrupts
        80006ef4         80006ef4        0     1                 $x
        80007024         80007024      130     4         build-exploit/kernel/command.o:(.text.command_dt_clocks)
        80007024         80007024      130     1                 command_dt_clocks
        80007024         80007024        0     1                 $x
        80007154         80007154      1ac     4         build-exploit/kernel/command.o:(.text.command_platform_features)
        80007154         80007154      1ac     1                 command_platform_features
        80007154         80007154        0     1                 $x
        80007300         80007300       f4     4         build-exploit/kernel/command.o:(.text.command_service_health)
        80007300         80007300       f4     1                 command_service_health
        80007300         80007300        0     1                 $x
        800073f4         800073f4      11c     4         build-exploit/kernel/command.o:(.text.command_display_info)
        800073f4         800073f4      11c     1                 command_display_info
        800073f4         800073f4        0     1                 $x
        80007510         80007510      178     4         build-exploit/kernel/command.o:(.text.command_display_clear)
        80007510         80007510      178     1                 command_display_clear
        80007510         80007510        0     1                 $x
        80007688         80007688      198     4         build-exploit/kernel/command.o:(.text.command_display_console)
        80007688         80007688      198     1                 command_display_console
        80007688         80007688        0     1                 $x
        80007820         80007820      114     4         build-exploit/kernel/command.o:(.text.command_display_test)
        80007820         80007820      114     1                 command_display_test
        80007820         80007820        0     1                 $x
        80007934         80007934       d4     4         build-exploit/kernel/command.o:(.text.command_irq_info)
        80007934         80007934       d4     1                 command_irq_info
        80007934         80007934        0     1                 $x
        80007a08         80007a08      194     4         build-exploit/kernel/command.o:(.text.command_irq_test)
        80007a08         80007a08      194     1                 command_irq_test
        80007a08         80007a08        0     1                 $x
        80007b9c         80007b9c       68     4         build-exploit/kernel/command.o:(.text.command_irq_enable)
        80007b9c         80007b9c       68     1                 command_irq_enable
        80007b9c         80007b9c        0     1                 $x
        80007c04         80007c04       4c     4         build-exploit/kernel/command.o:(.text.command_irq_disable)
        80007c04         80007c04       4c     1                 command_irq_disable
        80007c04         80007c04        0     1                 $x
        80007c50         80007c50       90     4         build-exploit/kernel/command.o:(.text.command_irq_selftest)
        80007c50         80007c50       90     1                 command_irq_selftest
        80007c50         80007c50        0     1                 $x
        80007ce0         80007ce0      138     4         build-exploit/kernel/command.o:(.text.command_platform_selftest)
        80007ce0         80007ce0      138     1                 command_platform_selftest
        80007ce0         80007ce0        0     1                 $x
        80007e18         80007e18       c8     4         build-exploit/kernel/command.o:(.text.command_watchdog_info)
        80007e18         80007e18       c8     1                 command_watchdog_info
        80007e18         80007e18        0     1                 $x
        80007ee0         80007ee0      15c     4         build-exploit/kernel/command.o:(.text.command_watchdog_arm)
        80007ee0         80007ee0      15c     1                 command_watchdog_arm
        80007ee0         80007ee0        0     1                 $x
        8000803c         8000803c       64     4         build-exploit/kernel/command.o:(.text.command_watchdog_pet)
        8000803c         8000803c       64     1                 command_watchdog_pet
        8000803c         8000803c        0     1                 $x
        800080a0         800080a0       64     4         build-exploit/kernel/command.o:(.text.command_watchdog_disarm)
        800080a0         800080a0       64     1                 command_watchdog_disarm
        800080a0         800080a0        0     1                 $x
        80008104         80008104       6c     4         build-exploit/kernel/command.o:(.text.command_watchdog_test)
        80008104         80008104       6c     1                 command_watchdog_test
        80008104         80008104        0     1                 $x
        80008170         80008170      150     4         build-exploit/kernel/command.o:(.text.command_module_policy)
        80008170         80008170      150     1                 command_module_policy
        80008170         80008170        0     1                 $x
        800082c0         800082c0       24     4         build-exploit/kernel/command.o:(.text.command_crash_show)
        800082c0         800082c0       24     1                 command_crash_show
        800082c0         800082c0        0     1                 $x
        800082e4         800082e4       24     4         build-exploit/kernel/command.o:(.text.command_crash_clear)
        800082e4         800082e4       24     1                 command_crash_clear
        800082e4         800082e4        0     1                 $x
        80008308         80008308       80     4         build-exploit/kernel/command.o:(.text.command_crash_json)
        80008308         80008308       80     1                 command_crash_json
        80008308         80008308        0     1                 $x
        80008388         80008388       c8     4         build-exploit/kernel/command.o:(.text.command_health)
        80008388         80008388       c8     1                 command_health
        80008388         80008388        0     1                 $x
        80008450         80008450      204     4         build-exploit/kernel/command.o:(.text.command_modules)
        80008450         80008450      204     1                 command_modules
        80008450         80008450        0     1                 $x
        80008654         80008654      2b0     4         build-exploit/kernel/command.o:(.text.command_module_info)
        80008654         80008654      2b0     1                 command_module_info
        80008654         80008654        0     1                 $x
        80008904         80008904      23c     4         build-exploit/kernel/command.o:(.text.command_module_load)
        80008904         80008904      23c     1                 command_module_load
        80008904         80008904        0     1                 $x
        80008b40         80008b40       68     4         build-exploit/kernel/command.o:(.text.command_module_run)
        80008b40         80008b40       68     1                 command_module_run
        80008b40         80008b40        0     1                 $x
        80008ba8         80008ba8       68     4         build-exploit/kernel/command.o:(.text.command_module_unload)
        80008ba8         80008ba8       68     1                 command_module_unload
        80008ba8         80008ba8        0     1                 $x
        80008c10         80008c10       70     4         build-exploit/kernel/command.o:(.text.command_echo)
        80008c10         80008c10       70     1                 command_echo
        80008c10         80008c10        0     1                 $x
        80008c80         80008c80       20     4         build-exploit/kernel/command.o:(.text.command_clear)
        80008c80         80008c80       20     1                 command_clear
        80008c80         80008c80        0     1                 $x
        80008ca0         80008ca0       54     4         build-exploit/kernel/command.o:(.text.command_reboot)
        80008ca0         80008ca0       54     1                 command_reboot
        80008ca0         80008ca0        0     1                 $x
        80008cf4         80008cf4       54     4         build-exploit/kernel/command.o:(.text.command_halt)
        80008cf4         80008cf4       54     1                 command_halt
        80008cf4         80008cf4        0     1                 $x
        80008d48         80008d48      254     4         build-exploit/kernel/command.o:(.text.command_kernel_patches)
        80008d48         80008d48      254     1                 command_kernel_patches
        80008d48         80008d48        0     1                 $x
        80008f9c         80008f9c      288     4         build-exploit/kernel/command.o:(.text.command_secure_boot_bypass)
        80008f9c         80008f9c      288     1                 command_secure_boot_bypass
        80008f9c         80008f9c        0     1                 $x
        80009224         80009224      288     4         build-exploit/kernel/command.o:(.text.command_persistence)
        80009224         80009224      288     1                 command_persistence
        80009224         80009224        0     1                 $x
        800094ac         800094ac      228     4         build-exploit/kernel/command.o:(.text.command_trust_cache)
        800094ac         800094ac      228     1                 command_trust_cache
        800094ac         800094ac        0     1                 $x
        800096d4         800096d4      90c     4         build-exploit/kernel/command.o:(.text.command_exploit_chain)
        800096d4         800096d4      90c     1                 command_exploit_chain
        800096d4         800096d4        0     1                 $x
        80009fe0         80009fe0      244     4         build-exploit/kernel/command.o:(.text.command_exploit_status)
        80009fe0         80009fe0      244     1                 command_exploit_status
        80009fe0         80009fe0        0     1                 $x
        8000a224         8000a224      234     4         build-exploit/kernel/command.o:(.text.command_usb_status)
        8000a224         8000a224      234     1                 command_usb_status
        8000a224         8000a224        0     1                 $x
        8000a458         8000a458      2f4     4         build-exploit/kernel/command.o:(.text.command_fault_arm)
        8000a458         8000a458      2f4     1                 command_fault_arm
        8000a458         8000a458        0     1                 $x
        8000a74c         8000a74c       48     4         build-exploit/kernel/command.o:(.text.command_fault_clear)
        8000a74c         8000a74c       48     1                 command_fault_clear
        8000a74c         8000a74c        0     1                 $x
        8000a794         8000a794       d4     4         build-exploit/kernel/command.o:(.text.command_architecture_restart)
        8000a794         8000a794       d4     1                 command_architecture_restart
        8000a794         8000a794        0     1                 $x
        8000a868         8000a868       24     4         build-exploit/kernel/command.o:(.text.command_test_crash)
        8000a868         8000a868       24     1                 command_test_crash
        8000a868         8000a868        0     1                 $x
        8000a88c         8000a88c      104     4         build-exploit/kernel/command.o:(.text.parse_u64)
        8000a88c         8000a88c      104     1                 parse_u64
        8000a88c         8000a88c        0     1                 $x
        8000a990         8000a990       40     4         build-exploit/kernel/console.o:(.text.console_init)
        8000a990         8000a990        0     1                 $x
        8000a990         8000a990       40     1                 console_init
        8000a9d0         8000a9d0      134     4         build-exploit/kernel/console.o:(.text.console_putc)
        8000a9d0         8000a9d0        0     1                 $x
        8000a9d0         8000a9d0      134     1                 console_putc
        8000ab04         8000ab04       40     4         build-exploit/kernel/console.o:(.text.console_write)
        8000ab04         8000ab04        0     1                 $x
        8000ab04         8000ab04       40     1                 console_write
        8000ab44         8000ab44       40     4         build-exploit/kernel/console.o:(.text.console_write_n)
        8000ab44         8000ab44        0     1                 $x
        8000ab44         8000ab44       40     1                 console_write_n
        8000ab84         8000ab84        4     4         build-exploit/kernel/console.o:(.text.console_getc_nonblocking)
        8000ab84         8000ab84        0     1                 $x
        8000ab84         8000ab84        4     1                 console_getc_nonblocking
        8000ab88         8000ab88       44     4         build-exploit/kernel/console.o:(.text.console_capture_begin)
        8000ab88         8000ab88        0     1                 $x
        8000ab88         8000ab88       44     1                 console_capture_begin
        8000abcc         8000abcc       60     4         build-exploit/kernel/console.o:(.text.console_capture_end)
        8000abcc         8000abcc        0     1                 $x
        8000abcc         8000abcc       60     1                 console_capture_end
        8000ac2c         8000ac2c      10c     4         build-exploit/kernel/console.o:(.text.console_history_copy)
        8000ac2c         8000ac2c        0     1                 $x
        8000ac2c         8000ac2c      10c     1                 console_history_copy
        8000ad38         8000ad38       34     4         build-exploit/kernel/console.o:(.text.console_history_stats)
        8000ad38         8000ad38        0     1                 $x
        8000ad38         8000ad38       34     1                 console_history_stats
        8000ad6c         8000ad6c       48     4         build-exploit/kernel/console.o:(.text.console_semihosting_set)
        8000ad6c         8000ad6c        0     1                 $x
        8000ad6c         8000ad6c       48     1                 console_semihosting_set
        8000adb4         8000adb4       10     4         build-exploit/kernel/console.o:(.text.console_semihosting_enabled)
        8000adb4         8000adb4        0     1                 $x
        8000adb4         8000adb4       10     1                 console_semihosting_enabled
        8000adc4         8000adc4       e0     4         build-exploit/kernel/crash.o:(.text.crash_init)
        8000adc4         8000adc4        0     1                 $x
        8000adc4         8000adc4       e0     1                 crash_init
        8000aea4         8000aea4       c8     4         build-exploit/kernel/crash.o:(.text.crash_available)
        8000aea4         8000aea4        0     1                 $x
        8000aea4         8000aea4       c8     1                 crash_available
        8000af6c         8000af6c      22c     4         build-exploit/kernel/crash.o:(.text.crash_capture)
        8000af6c         8000af6c        0     1                 $x
        8000af6c         8000af6c      22c     1                 crash_capture
        8000b198         8000b198      3b0     4         build-exploit/kernel/crash.o:(.text.crash_export_text)
        8000b198         8000b198        0     1                 $x
        8000b198         8000b198      3b0     1                 crash_export_text
        8000b548         8000b548       f0     4         build-exploit/kernel/crash.o:(.text.append)
        8000b548         8000b548       f0     1                 append
        8000b548         8000b548        0     1                 $x
        8000b638         8000b638      28c     4         build-exploit/kernel/crash.o:(.text.crash_export_json)
        8000b638         8000b638        0     1                 $x
        8000b638         8000b638      28c     1                 crash_export_json
        8000b8c4         8000b8c4       78     4         build-exploit/kernel/crash.o:(.text.crash_print)
        8000b8c4         8000b8c4        0     1                 $x
        8000b8c4         8000b8c4       78     1                 crash_print
        8000b93c         8000b93c       14     4         build-exploit/kernel/crash.o:(.text.crash_clear)
        8000b93c         8000b93c        0     1                 $x
        8000b93c         8000b93c       14     1                 crash_clear
        8000b950         8000b950        8     4         build-exploit/kernel/crc32.o:(.text.crc32_begin)
        8000b950         8000b950        0     1                 $x
        8000b950         8000b950        8     1                 crc32_begin
        8000b958         8000b958       dc     4         build-exploit/kernel/crc32.o:(.text.crc32_update)
        8000b958         8000b958        0     1                 $x
        8000b958         8000b958       dc     1                 crc32_update
        8000ba34         8000ba34        8     4         build-exploit/kernel/crc32.o:(.text.crc32_finish)
        8000ba34         8000ba34        0     1                 $x
        8000ba34         8000ba34        8     1                 crc32_finish
        8000ba3c         8000ba3c       f0     4         build-exploit/kernel/crc32.o:(.text.crc32_compute)
        8000ba3c         8000ba3c        0     1                 $x
        8000ba3c         8000ba3c       f0     1                 crc32_compute
        8000bb2c         8000bb2c      2c4     4         build-exploit/kernel/device_tree.o:(.text.device_tree_looks_valid)
        8000bb2c         8000bb2c        0     1                 $x
        8000bb2c         8000bb2c      2c4     1                 device_tree_looks_valid
        8000bdf0         8000bdf0      11c     4         build-exploit/kernel/device_tree.o:(.text.reservation_map_valid)
        8000bdf0         8000bdf0      11c     1                 reservation_map_valid
        8000bdf0         8000bdf0        0     1                 $x
        8000bf0c         8000bf0c       18     4         build-exploit/kernel/device_tree.o:(.text.device_tree_valid)
        8000bf0c         8000bf0c        0     1                 $x
        8000bf0c         8000bf0c       18     1                 device_tree_valid
        8000bf24         8000bf24       10     4         build-exploit/kernel/device_tree.o:(.text.device_tree_blob)
        8000bf24         8000bf24        0     1                 $x
        8000bf24         8000bf24       10     1                 device_tree_blob
        8000bf34         8000bf34       10     4         build-exploit/kernel/device_tree.o:(.text.device_tree_size)
        8000bf34         8000bf34        0     1                 $x
        8000bf34         8000bf34       10     1                 device_tree_size
        8000bf44         8000bf44      378     4         build-exploit/kernel/device_tree.o:(.text.device_tree_init)
        8000bf44         8000bf44        0     1                 $x
        8000bf44         8000bf44      378     1                 device_tree_init
        8000c2bc         8000c2bc      140     4         build-exploit/kernel/device_tree.o:(.text.device_tree_summary)
        8000c2bc         8000c2bc        0     1                 $x
        8000c2bc         8000c2bc      140     1                 device_tree_summary
        8000c3fc         8000c3fc      308     4         build-exploit/kernel/device_tree.o:(.text.walk_next)
        8000c3fc         8000c3fc      308     1                 walk_next
        8000c3fc         8000c3fc        0     1                 $x
        8000c704         8000c704      12c     4         build-exploit/kernel/device_tree.o:(.text.device_tree_has_node)
        8000c704         8000c704        0     1                 $x
        8000c704         8000c704      12c     1                 device_tree_has_node
        8000c830         8000c830      194     4         build-exploit/kernel/device_tree.o:(.text.find_property)
        8000c830         8000c830      194     1                 find_property
        8000c830         8000c830        0     1                 $x
        8000c9c4         8000c9c4       bc     4         build-exploit/kernel/device_tree.o:(.text.device_tree_get_u32)
        8000c9c4         8000c9c4        0     1                 $x
        8000c9c4         8000c9c4       bc     1                 device_tree_get_u32
        8000ca80         8000ca80       f0     4         build-exploit/kernel/device_tree.o:(.text.device_tree_get_string)
        8000ca80         8000ca80        0     1                 $x
        8000ca80         8000ca80       f0     1                 device_tree_get_string
        8000cb70         8000cb70       f4     4         build-exploit/kernel/device_tree.o:(.text.device_tree_string_list_contains)
        8000cb70         8000cb70        0     1                 $x
        8000cb70         8000cb70       f4     1                 device_tree_string_list_contains
        8000cc64         8000cc64      284     4         build-exploit/kernel/device_tree.o:(.text.device_tree_get_reg)
        8000cc64         8000cc64        0     1                 $x
        8000cc64         8000cc64      284     1                 device_tree_get_reg
        8000cee8         8000cee8       94     4         build-exploit/kernel/device_tree.o:(.text.read_cells)
        8000cee8         8000cee8       94     1                 read_cells
        8000cee8         8000cee8        0     1                 $x
        8000cf7c         8000cf7c      130     4         build-exploit/kernel/device_tree.o:(.text.device_tree_resolve_alias)
        8000cf7c         8000cf7c        0     1                 $x
        8000cf7c         8000cf7c      130     1                 device_tree_resolve_alias
        8000d0ac         8000d0ac      1c0     4         build-exploit/kernel/device_tree.o:(.text.device_tree_stdout_path)
        8000d0ac         8000d0ac        0     1                 $x
        8000d0ac         8000d0ac      1c0     1                 device_tree_stdout_path
        8000d26c         8000d26c      19c     4         build-exploit/kernel/device_tree.o:(.text.device_tree_find_compatible)
        8000d26c         8000d26c        0     1                 $x
        8000d26c         8000d26c      19c     1                 device_tree_find_compatible
        8000d408         8000d408      1f4     4         build-exploit/kernel/device_tree.o:(.text.device_tree_print_node)
        8000d408         8000d408        0     1                 $x
        8000d408         8000d408      1f4     1                 device_tree_print_node
        8000d5fc         8000d5fc      208     4         build-exploit/kernel/device_tree.o:(.text.device_tree_find)
        8000d5fc         8000d5fc        0     1                 $x
        8000d5fc         8000d5fc      208     1                 device_tree_find
        8000d804         8000d804      280     4         build-exploit/kernel/device_tree.o:(.text.device_tree_print_property)
        8000d804         8000d804        0     1                 $x
        8000d804         8000d804      280     1                 device_tree_print_property
        8000da84         8000da84      118     4         build-exploit/kernel/device_tree.o:(.text.device_tree_get_cells)
        8000da84         8000da84        0     1                 $x
        8000da84         8000da84      118     1                 device_tree_get_cells
        8000db9c         8000db9c      124     4         build-exploit/kernel/device_tree.o:(.text.device_tree_get_clock_frequency)
        8000db9c         8000db9c        0     1                 $x
        8000db9c         8000db9c      124     1                 device_tree_get_clock_frequency
        8000dcc0         8000dcc0      1b0     4         build-exploit/kernel/device_tree.o:(.text.device_tree_find_compatible_path)
        8000dcc0         8000dcc0        0     1                 $x
        8000dcc0         8000dcc0      1b0     1                 device_tree_find_compatible_path
        8000de70         8000de70      114     4         build-exploit/kernel/device_tree.o:(.text.device_tree_reservation_count)
        8000de70         8000de70        0     1                 $x
        8000de70         8000de70      114     1                 device_tree_reservation_count
        8000df84         8000df84      130     4         build-exploit/kernel/device_tree.o:(.text.device_tree_reservation_at)
        8000df84         8000df84        0     1                 $x
        8000df84         8000df84      130     1                 device_tree_reservation_at
        8000e0b4         8000e0b4       68     4         build-exploit/kernel/device_tree.o:(.text.property_name)
        8000e0b4         8000e0b4       68     1                 property_name
        8000e0b4         8000e0b4        0     1                 $x
        8000e11c         8000e11c       58     4         build-exploit/kernel/driver.o:(.text.driver_manager_init)
        8000e11c         8000e11c        0     1                 $x
        8000e11c         8000e11c       58     1                 driver_manager_init
        8000e174         8000e174       e0     4         build-exploit/kernel/driver.o:(.text.driver_manager_shutdown)
        8000e174         8000e174        0     1                 $x
        8000e174         8000e174       e0     1                 driver_manager_shutdown
        8000e254         8000e254       dc     4         build-exploit/kernel/driver.o:(.text.driver_stop_all)
        8000e254         8000e254        0     1                 $x
        8000e254         8000e254       dc     1                 driver_stop_all
        8000e330         8000e330       10     4         build-exploit/kernel/driver.o:(.text.driver_manager_ready)
        8000e330         8000e330        0     1                 $x
        8000e330         8000e330       10     1                 driver_manager_ready
        8000e340         8000e340      168     4         build-exploit/kernel/driver.o:(.text.driver_register)
        8000e340         8000e340        0     1                 $x
        8000e340         8000e340      168     1                 driver_register
        8000e4a8         8000e4a8      308     4         build-exploit/kernel/driver.o:(.text.driver_start_all)
        8000e4a8         8000e4a8        0     1                 $x
        8000e4a8         8000e4a8      308     1                 driver_start_all
        8000e7b0         8000e7b0       80     4         build-exploit/kernel/driver.o:(.text.driver_manager_healthy)
        8000e7b0         8000e7b0        0     1                 $x
        8000e7b0         8000e7b0       80     1                 driver_manager_healthy
        8000e830         8000e830       10     4         build-exploit/kernel/driver.o:(.text.driver_count)
        8000e830         8000e830        0     1                 $x
        8000e830         8000e830       10     1                 driver_count
        8000e840         8000e840       70     4         build-exploit/kernel/driver.o:(.text.driver_at)
        8000e840         8000e840        0     1                 $x
        8000e840         8000e840       70     1                 driver_at
        8000e8b0         8000e8b0       2c     4         build-exploit/kernel/driver.o:(.text.driver_state_name)
        8000e8b0         8000e8b0        0     1                 $x
        8000e8b0         8000e8b0       2c     1                 driver_state_name
        8000e8dc         8000e8dc       80     4         build-exploit/kernel/event.o:(.text.event_bus_init)
        8000e8dc         8000e8dc        0     1                 $x
        8000e8dc         8000e8dc       80     1                 event_bus_init
        8000e95c         8000e95c       24     4         build-exploit/kernel/event.o:(.text.event_bus_shutdown)
        8000e95c         8000e95c        0     1                 $x
        8000e95c         8000e95c       24     1                 event_bus_shutdown
        8000e980         8000e980       10     4         build-exploit/kernel/event.o:(.text.event_bus_ready)
        8000e980         8000e980        0     1                 $x
        8000e980         8000e980       10     1                 event_bus_ready
        8000e990         8000e990       78     4         build-exploit/kernel/event.o:(.text.event_bus_subscribe)
        8000e990         8000e990        0     1                 $x
        8000e990         8000e990       78     1                 event_bus_subscribe
        8000ea08         8000ea08      20c     4         build-exploit/kernel/event.o:(.text.event_bus_publish)
        8000ea08         8000ea08        0     1                 $x
        8000ea08         8000ea08      20c     1                 event_bus_publish
        8000ec14         8000ec14       10     4         build-exploit/kernel/event.o:(.text.event_bus_count)
        8000ec14         8000ec14        0     1                 $x
        8000ec14         8000ec14       10     1                 event_bus_count
        8000ec24         8000ec24       88     4         build-exploit/kernel/event.o:(.text.event_bus_at)
        8000ec24         8000ec24        0     1                 $x
        8000ec24         8000ec24       88     1                 event_bus_at
        8000ecac         8000ecac       18     4         build-exploit/kernel/event.o:(.text.event_bus_stats)
        8000ecac         8000ecac        0     1                 $x
        8000ecac         8000ecac       18     1                 event_bus_stats
        8000ecc4         8000ecc4       2c     4         build-exploit/kernel/event.o:(.text.event_type_name)
        8000ecc4         8000ecc4        0     1                 $x
        8000ecc4         8000ecc4       2c     1                 event_type_name
        8000ecf0         8000ecf0       18     4         build-exploit/kernel/exception.o:(.text.exception_init)
        8000ecf0         8000ecf0        0     1                 $x
        8000ecf0         8000ecf0       18     1                 exception_init
        8000ed08         8000ed08       b0     4         build-exploit/kernel/exception.o:(.text.exception_handle)
        8000ed08         8000ed08        0     1                 $x
        8000ed08         8000ed08       b0     1                 exception_handle
        8000edb8         8000edb8       50     4         build-exploit/kernel/fault.o:(.text.fault_injection_init)
        8000edb8         8000edb8        0     1                 $x
        8000edb8         8000edb8       50     1                 fault_injection_init
        8000ee08         8000ee08       10     4         build-exploit/kernel/fault.o:(.text.fault_injection_available)
        8000ee08         8000ee08        0     1                 $x
        8000ee08         8000ee08       10     1                 fault_injection_available
        8000ee18         8000ee18       e0     4         build-exploit/kernel/fault.o:(.text.fault_injection_arm)
        8000ee18         8000ee18        0     1                 $x
        8000ee18         8000ee18       e0     1                 fault_injection_arm
        8000eef8         8000eef8       2c     4         build-exploit/kernel/fault.o:(.text.fault_point_name)
        8000eef8         8000eef8        0     1                 $x
        8000eef8         8000eef8       2c     1                 fault_point_name
        8000ef24         8000ef24       18     4         build-exploit/kernel/fault.o:(.text.fault_injection_disarm)
        8000ef24         8000ef24        0     1                 $x
        8000ef24         8000ef24       18     1                 fault_injection_disarm
        8000ef3c         8000ef3c      154     4         build-exploit/kernel/fault.o:(.text.fault_injection_should_fail)
        8000ef3c         8000ef3c        0     1                 $x
        8000ef3c         8000ef3c      154     1                 fault_injection_should_fail
        8000f090         8000f090       18     4         build-exploit/kernel/fault.o:(.text.fault_injection_status)
        8000f090         8000f090        0     1                 $x
        8000f090         8000f090       18     1                 fault_injection_status
        8000f0a8         8000f0a8       e8     4         build-exploit/kernel/fault.o:(.text.fault_point_parse)
        8000f0a8         8000f0a8        0     1                 $x
        8000f0a8         8000f0a8       e8     1                 fault_point_parse
        8000f190         8000f190       d4     4         build-exploit/kernel/framebuffer_console.o:(.text.framebuffer_console_init)
        8000f190         8000f190        0     1                 $x
        8000f190         8000f190       d4     1                 framebuffer_console_init
        8000f264         8000f264       58     4         build-exploit/kernel/framebuffer_console.o:(.text.framebuffer_console_set_enabled)
        8000f264         8000f264        0     1                 $x
        8000f264         8000f264       58     1                 framebuffer_console_set_enabled
        8000f2bc         8000f2bc      5b4     4         build-exploit/kernel/framebuffer_console.o:(.text.framebuffer_console_putc)
        8000f2bc         8000f2bc        0     1                 $x
        8000f2bc         8000f2bc      5b4     1                 framebuffer_console_putc
        8000f870         8000f870       40     4         build-exploit/kernel/framebuffer_console.o:(.text.framebuffer_console_write)
        8000f870         8000f870        0     1                 $x
        8000f870         8000f870       40     1                 framebuffer_console_write
        8000f8b0         8000f8b0      194     4         build-exploit/kernel/framebuffer_console.o:(.text.framebuffer_console_clear)
        8000f8b0         8000f8b0        0     1                 $x
        8000f8b0         8000f8b0      194     1                 framebuffer_console_clear
        8000fa44         8000fa44      140     4         build-exploit/kernel/framebuffer_console.o:(.text.clear_rows)
        8000fa44         8000fa44      140     1                 clear_rows
        8000fa44         8000fa44        0     1                 $x
        8000fb84         8000fb84      134     4         build-exploit/kernel/framebuffer_console.o:(.text.framebuffer_console_panic)
        8000fb84         8000fb84        0     1                 $x
        8000fb84         8000fb84      134     1                 framebuffer_console_panic
        8000fcb8         8000fcb8       90     4         build-exploit/kernel/framebuffer_console.o:(.text.framebuffer_console_stats)
        8000fcb8         8000fcb8        0     1                 $x
        8000fcb8         8000fcb8       90     1                 framebuffer_console_stats
        8000fd48         8000fd48      664     4         build-exploit/kernel/format.o:(.text.fm_vprintf)
        8000fd48         8000fd48        0     1                 $x
        8000fd48         8000fd48      664     1                 fm_vprintf
        800103ac         800103ac       a4     4         build-exploit/kernel/format.o:(.text.fm_printf)
        800103ac         800103ac        0     1                 $x
        800103ac         800103ac       a4     1                 fm_printf
        80010450         80010450      804     4         build-exploit/kernel/format.o:(.text.fm_vsnprintf)
        80010450         80010450        0     1                 $x
        80010450         80010450      804     1                 fm_vsnprintf
        80010c54         80010c54       98     4         build-exploit/kernel/format.o:(.text.fm_snprintf)
        80010c54         80010c54        0     1                 $x
        80010c54         80010c54       98     1                 fm_snprintf
        80010cec         80010cec      124     4         build-exploit/kernel/handoff.o:(.text.fbr34ker_handoff_covers_range)
        80010cec         80010cec        0     1                 $x
        80010cec         80010cec      124     1                 fbr34ker_handoff_covers_range
        80010e10         80010e10      228     4         build-exploit/kernel/handoff.o:(.text.fbr34ker_handoff_describes_range)
        80010e10         80010e10        0     1                 $x
        80010e10         80010e10      228     1                 fbr34ker_handoff_describes_range
        80011038         80011038      3d4     4         build-exploit/kernel/handoff.o:(.text.fbr34ker_handoff_valid)
        80011038         80011038        0     1                 $x
        80011038         80011038      3d4     1                 fbr34ker_handoff_valid
        8001140c         8001140c      198     4         build-exploit/kernel/handoff.o:(.text.regions_basic_valid)
        8001140c         8001140c      198     1                 regions_basic_valid
        8001140c         8001140c        0     1                 $x
        800115a4         800115a4      19c     4         build-exploit/kernel/handoff.o:(.text.boot_modules_valid)
        800115a4         800115a4      19c     1                 boot_modules_valid
        800115a4         800115a4        0     1                 $x
        80011740         80011740      370     4         build-exploit/kernel/handoff.o:(.text.v2_flags_valid)
        80011740         80011740      370     1                 v2_flags_valid
        80011740         80011740        0     1                 $x
        80011ab0         80011ab0      300     4         build-exploit/kernel/handoff.o:(.text.v3_callbacks_valid)
        80011ab0         80011ab0      300     1                 v3_callbacks_valid
        80011ab0         80011ab0        0     1                 $x
        80011db0         80011db0      d70     4         build-exploit/kernel/handoff.o:(.text.v4_valid)
        80011db0         80011db0      d70     1                 v4_valid
        80011db0         80011db0        0     1                 $x
        80012b20         80012b20       3c     4         build-exploit/kernel/handoff.o:(.text.fbr34ker_handoff_set_active)
        80012b20         80012b20        0     1                 $x
        80012b20         80012b20       3c     1                 fbr34ker_handoff_set_active
        80012b5c         80012b5c       10     4         build-exploit/kernel/handoff.o:(.text.fbr34ker_handoff_active)
        80012b5c         80012b5c        0     1                 $x
        80012b5c         80012b5c       10     1                 fbr34ker_handoff_active
        80012b6c         80012b6c      20c     4         build-exploit/kernel/handoff.o:(.text.context_pointer_valid)
        80012b6c         80012b6c      20c     1                 context_pointer_valid
        80012b6c         80012b6c        0     1                 $x
        80012d78         80012d78      4e0     4         build-exploit/kernel/handoff.o:(.text.regions_v4_valid)
        80012d78         80012d78      4e0     1                 regions_v4_valid
        80012d78         80012d78        0     1                 $x
        80013258         80013258      47c     4         build-exploit/kernel/handoff.o:(.text.framebuffer_v4_valid)
        80013258         80013258      47c     1                 framebuffer_v4_valid
        80013258         80013258        0     1                 $x
        800136d4         800136d4      96c     4         build-exploit/kernel/handoff.o:(.text.v4_metadata_ranges_valid)
        800136d4         800136d4      96c     1                 v4_metadata_ranges_valid
        800136d4         800136d4        0     1                 $x
        80014040         80014040     1318     4         build-exploit/kernel/handoff.o:(.text.callback_set_v4_valid)
        80014040         80014040     1318     1                 callback_set_v4_valid
        80014040         80014040        0     1                 $x
        80015358         80015358      220     4         build-exploit/kernel/handoff.o:(.text.callback_address_valid)
        80015358         80015358      220     1                 callback_address_valid
        80015358         80015358        0     1                 $x
        80015578         80015578       50     4         build-exploit/kernel/hardware_probe.o:(.text.hardware_probe_init)
        80015578         80015578        0     1                 $x
        80015578         80015578       50     1                 hardware_probe_init
        800155c8         800155c8       18     4         build-exploit/kernel/hardware_probe.o:(.text.hardware_probe_status)
        800155c8         800155c8        0     1                 $x
        800155c8         800155c8       18     1                 hardware_probe_status
        800155e0         800155e0       10     4         build-exploit/kernel/hardware_probe.o:(.text.hardware_probe_active)
        800155e0         800155e0        0     1                 $x
        800155e0         800155e0       10     1                 hardware_probe_active
        800155f0         800155f0       10     4         build-exploit/kernel/hardware_probe.o:(.text.hardware_probe_immutable)
        800155f0         800155f0        0     1                 $x
        800155f0         800155f0       10     1                 hardware_probe_immutable
        80015600         80015600       3c     4         build-exploit/kernel/hardware_probe.o:(.text.hardware_probe_unlock)
        80015600         80015600        0     1                 $x
        80015600         80015600       3c     1                 hardware_probe_unlock
        8001563c         8001563c       1c     4         build-exploit/kernel/hardware_probe.o:(.text.hardware_probe_mark_reviewed)
        8001563c         8001563c        0     1                 $x
        8001563c         8001563c       1c     1                 hardware_probe_mark_reviewed
        80015658         80015658       34     4         build-exploit/kernel/hardware_probe.o:(.text.hardware_probe_mark_validated)
        80015658         80015658        0     1                 $x
        80015658         80015658       34     1                 hardware_probe_mark_validated
        8001568c         8001568c       28     4         build-exploit/kernel/hardware_probe.o:(.text.hardware_probe_modules_allowed)
        8001568c         8001568c        0     1                 $x
        8001568c         8001568c       28     1                 hardware_probe_modules_allowed
        800156b4         800156b4       40     4         build-exploit/kernel/hardware_probe.o:(.text.hardware_probe_framebuffer_writes_allowed)
        800156b4         800156b4        0     1                 $x
        800156b4         800156b4       40     1                 hardware_probe_framebuffer_writes_allowed
        800156f4         800156f4       40     4         build-exploit/kernel/hardware_probe.o:(.text.hardware_probe_interrupt_mutation_allowed)
        800156f4         800156f4        0     1                 $x
        800156f4         800156f4       40     1                 hardware_probe_interrupt_mutation_allowed
        80015734         80015734       40     4         build-exploit/kernel/hardware_probe.o:(.text.hardware_probe_watchdog_mutation_allowed)
        80015734         80015734        0     1                 $x
        80015734         80015734       40     1                 hardware_probe_watchdog_mutation_allowed
        80015774         80015774       40     4         build-exploit/kernel/hardware_probe.o:(.text.hardware_probe_power_actions_allowed)
        80015774         80015774        0     1                 $x
        80015774         80015774       40     1                 hardware_probe_power_actions_allowed
        800157b4         800157b4      128     4         build-exploit/kernel/hardware_probe.o:(.text.hardware_probe_memory_map_valid)
        800157b4         800157b4        0     1                 $x
        800157b4         800157b4      128     1                 hardware_probe_memory_map_valid
        800158dc         800158dc       2c     4         build-exploit/kernel/hardware_probe.o:(.text.hardware_compatibility_state_name)
        800158dc         800158dc        0     1                 $x
        800158dc         800158dc       2c     1                 hardware_compatibility_state_name
        80015908         80015908       3c     4         build-exploit/kernel/hardware_probe.o:(.text.hardware_probe_handoff_state)
        80015908         80015908        0     1                 $x
        80015908         80015908       3c     1                 hardware_probe_handoff_state
        80015944         80015944       20     4         build-exploit/kernel/hardware_probe.o:(.text.hardware_probe_console_output_state)
        80015944         80015944        0     1                 $x
        80015944         80015944       20     1                 hardware_probe_console_output_state
        80015964         80015964       20     4         build-exploit/kernel/hardware_probe.o:(.text.hardware_probe_console_input_state)
        80015964         80015964        0     1                 $x
        80015964         80015964       20     1                 hardware_probe_console_input_state
        80015984         80015984       24     4         build-exploit/kernel/hardware_probe.o:(.text.hardware_probe_timer_state)
        80015984         80015984        0     1                 $x
        80015984         80015984       24     1                 hardware_probe_timer_state
        800159a8         800159a8       24     4         build-exploit/kernel/hardware_probe.o:(.text.hardware_probe_memory_state)
        800159a8         800159a8        0     1                 $x
        800159a8         800159a8       24     1                 hardware_probe_memory_state
        800159cc         800159cc       20     4         build-exploit/kernel/hardware_probe.o:(.text.hardware_probe_device_tree_state)
        800159cc         800159cc        0     1                 $x
        800159cc         800159cc       20     1                 hardware_probe_device_tree_state
[...]
            8a70             8a70       d8     1         build-exploit/kernel/string.o:(.debug_addr)
            8a70             8a70        0     1                 $d
            8b48             8b48      128     1         build-exploit/kernel/trace.o:(.debug_addr)
            8b48             8b48        0     1                 $d
            8c70             8c70       e0     1         build-exploit/kernel/watchdog.o:(.debug_addr)
            8c70             8c70        0     1                 $d
            8d50             8d50      1e0     1         build-exploit/kernel/apple_platform.o:(.debug_addr)
            8d50             8d50        0     1                 $d
            8f30             8f30      8b0     1         build-exploit/kernel/usb.o:(.debug_addr)
            8f30             8f30        0     1                 $d
            97e0             97e0      250     1         build-exploit/kernel/usbliter8_exploit.o:(.debug_addr)
            97e0             97e0        0     1                 $d
            9a30             9a30      2a0     1         build-exploit/kernel/trust_cache.o:(.debug_addr)
            9a30             9a30        0     1                 $d
            9cd0             9cd0       60     1         build-exploit/modules/hello/hello.o:(.debug_addr)
            9cd0             9cd0        0     1                 $d
            9d30             9d30      1a0     1         build-exploit/platform/gic.o:(.debug_addr)
            9d30             9d30        0     1                 $d
            9ed0             9ed0      470     1         build-exploit/platform/generic_arm64/platform.o:(.debug_addr)
            9ed0             9ed0        0     1                 $d
            a340             a340      120     1         build-exploit/platform/generic_arm64/timer.o:(.debug_addr)
            a340             a340        0     1                 $d
               0                0     5990     8 .debug_frame
               0                0       60     8         build-exploit/arch/arm64/cpu.o:(.debug_frame)
               0                0        0     1                 $d
              60               60      158     8         build-exploit/kernel/allocator.o:(.debug_frame)
              60               60        0     1                 $d
             1b8              1b8      2f0     8         build-exploit/kernel/architecture.o:(.debug_frame)
             1b8              1b8        0     1                 $d
             4a8              4a8      208     8         build-exploit/kernel/board.o:(.debug_frame)
             4a8              4a8        0     1                 $d
             6b0              6b0      128     8         build-exploit/kernel/boot_evidence.o:(.debug_frame)
             6b0              6b0        0     1                 $d
             7d8              7d8      140     8         build-exploit/kernel/bringup_report.o:(.debug_frame)
             7d8              7d8        0     1                 $d
             918              918       30     8         build-exploit/kernel/build_info.o:(.debug_frame)
             918              918        0     1                 $d
             948              948       d8     8         build-exploit/kernel/bringup.o:(.debug_frame)
             948              948        0     1                 $d
             a20              a20      f88     8         build-exploit/kernel/command.o:(.debug_frame)
             a20              a20        0     1                 $d
            19a8             19a8      188     8         build-exploit/kernel/console.o:(.debug_frame)
            19a8             19a8        0     1                 $d
            1b30             1b30      188     8         build-exploit/kernel/crash.o:(.debug_frame)
            1b30             1b30        0     1                 $d
            1cb8             1cb8       78     8         build-exploit/kernel/crc32.o:(.debug_frame)
            1cb8             1cb8        0     1                 $d
            1d30             1d30      498     8         build-exploit/kernel/device_tree.o:(.debug_frame)
            1d30             1d30        0     1                 $d
            21c8             21c8      170     8         build-exploit/kernel/driver.o:(.debug_frame)
            21c8             21c8        0     1                 $d
            2338             2338      118     8         build-exploit/kernel/event.o:(.debug_frame)
            2338             2338        0     1                 $d
            2450             2450       58     8         build-exploit/kernel/exception.o:(.debug_frame)
            2450             2450        0     1                 $d
            24a8             24a8      138     8         build-exploit/kernel/fault.o:(.debug_frame)
            24a8             24a8        0     1                 $d
            25e0             25e0      148     8         build-exploit/kernel/framebuffer_console.o:(.debug_frame)
            25e0             25e0        0     1                 $d
            2728             2728       c0     8         build-exploit/kernel/format.o:(.debug_frame)
            2728             2728        0     1                 $d
            27e8             27e8      240     8         build-exploit/kernel/handoff.o:(.debug_frame)
            27e8             27e8        0     1                 $d
            2a28             2a28      360     8         build-exploit/kernel/hardware_probe.o:(.debug_frame)
            2a28             2a28        0     1                 $d
            2d88             2d88      2d8     8         build-exploit/kernel/kernel_patches.o:(.debug_frame)
            2d88             2d88        0     1                 $d
            3060             3060      240     8         build-exploit/kernel/secure_boot_bypass.o:(.debug_frame)
            3060             3060        0     1                 $d
            32a0             32a0      318     8         build-exploit/kernel/persistence.o:(.debug_frame)
            32a0             32a0        0     1                 $d
            35b8             35b8      130     8         build-exploit/kernel/hal_sim.o:(.debug_frame)
            35b8             35b8        0     1                 $d
            36e8             36e8      100     8         build-exploit/kernel/interrupt.o:(.debug_frame)
            36e8             36e8        0     1                 $d
            37e8             37e8      190     8         build-exploit/kernel/lifecycle.o:(.debug_frame)
            37e8             37e8        0     1                 $d
            3978             3978      130     8         build-exploit/kernel/log.o:(.debug_frame)
            3978             3978        0     1                 $d
            3aa8             3aa8       48     8         build-exploit/kernel/main.o:(.debug_frame)
            3aa8             3aa8        0     1                 $d
            3af0             3af0      330     8         build-exploit/kernel/module.o:(.debug_frame)
            3af0             3af0        0     1                 $d
            3e20             3e20      308     8         build-exploit/kernel/mmio.o:(.debug_frame)
            3e20             3e20        0     1                 $d
            4128             4128      1e8     8         build-exploit/kernel/physical_memory.o:(.debug_frame)
            4128             4128        0     1                 $d
            4310             4310      178     8         build-exploit/kernel/protocol.o:(.debug_frame)
            4310             4310        0     1                 $d
            4488             4488      100     8         build-exploit/kernel/sha256.o:(.debug_frame)
            4488             4488        0     1                 $d
            4588             4588       c8     8         build-exploit/kernel/service_guard.o:(.debug_frame)
            4588             4588        0     1                 $d
            4650             4650      1f0     8         build-exploit/kernel/service_registry.o:(.debug_frame)
            4650             4650        0     1                 $d
            4840             4840       a0     8         build-exploit/kernel/stack_guard.o:(.debug_frame)
            4840             4840        0     1                 $d
            48e0             48e0      150     8         build-exploit/kernel/string.o:(.debug_frame)
            48e0             48e0        0     1                 $d
            4a30             4a30      170     8         build-exploit/kernel/trace.o:(.debug_frame)
            4a30             4a30        0     1                 $d
            4ba0             4ba0      110     8         build-exploit/kernel/watchdog.o:(.debug_frame)
            4ba0             4ba0        0     1                 $d
            4cb0             4cb0       d0     8         build-exploit/kernel/apple_platform.o:(.debug_frame)
            4cb0             4cb0        0     1                 $d
            4d80             4d80      3d8     8         build-exploit/kernel/usb.o:(.debug_frame)
            4d80             4d80        0     1                 $d
            5158             5158      180     8         build-exploit/kernel/usbliter8_exploit.o:(.debug_frame)
            5158             5158        0     1                 $d
            52d8             52d8      140     8         build-exploit/kernel/trust_cache.o:(.debug_frame)
            52d8             52d8        0     1                 $d
            5418             5418       60     8         build-exploit/modules/hello/hello.o:(.debug_frame)
            5418             5418        0     1                 $d
            5478             5478      118     8         build-exploit/platform/gic.o:(.debug_frame)
            5478             5478        0     1                 $d
            5590             5590      348     8         build-exploit/platform/generic_arm64/platform.o:(.debug_frame)
            5590             5590        0     1                 $d
            58d8             58d8       b8     8         build-exploit/platform/generic_arm64/timer.o:(.debug_frame)
            58d8             58d8        0     1                 $d
               0                0    174df     1 .debug_line
               0                0       e1     1         build-exploit/arch/arm64/cpu.o:(.debug_line)
               0                0        0     1                 $d
              e1               e1      5ea     1         build-exploit/kernel/allocator.o:(.debug_line)
              e1               e1        0     1                 $d
             6cb              6cb      5ef     1         build-exploit/kernel/architecture.o:(.debug_line)
             6cb              6cb        0     1                 $d
             cba              cba      97f     1         build-exploit/kernel/board.o:(.debug_line)
             cba              cba        0     1                 $d
            1639             1639      46e     1         build-exploit/kernel/boot_evidence.o:(.debug_line)
            1639             1639        0     1                 $d
            1aa7             1aa7      a26     1         build-exploit/kernel/bringup_report.o:(.debug_line)
            1aa7             1aa7        0     1                 $d
            24cd             24cd       89     1         build-exploit/kernel/build_info.o:(.debug_line)
            24cd             24cd        0     1                 $d
            2556             2556      1d6     1         build-exploit/kernel/bringup.o:(.debug_line)
            2556             2556        0     1                 $d
            272c             272c     3b5a     1         build-exploit/kernel/command.o:(.debug_line)
            272c             272c        0     1                 $d
            6286             6286      3df     1         build-exploit/kernel/console.o:(.debug_line)
            6286             6286        0     1                 $d
            6665             6665      65e     1         build-exploit/kernel/crash.o:(.debug_line)
            6665             6665        0     1                 $d
            6cc3             6cc3      149     1         build-exploit/kernel/crc32.o:(.debug_line)
            6cc3             6cc3        0     1                 $d
            6e0c             6e0c     16df     1         build-exploit/kernel/device_tree.o:(.debug_line)
            6e0c             6e0c        0     1                 $d
            84eb             84eb      5e8     1         build-exploit/kernel/driver.o:(.debug_line)
            84eb             84eb        0     1                 $d
            8ad3             8ad3      2e3     1         build-exploit/kernel/event.o:(.debug_line)
            8ad3             8ad3        0     1                 $d
            8db6             8db6      165     1         build-exploit/kernel/exception.o:(.debug_line)
            8db6             8db6        0     1                 $d
            8f1b             8f1b      2ca     1         build-exploit/kernel/fault.o:(.debug_line)
            8f1b             8f1b        0     1                 $d
            91e5             91e5      73b     1         build-exploit/kernel/framebuffer_console.o:(.debug_line)
            91e5             91e5        0     1                 $d
            9920             9920      911     1         build-exploit/kernel/format.o:(.debug_line)
            9920             9920        0     1                 $d
            a231             a231     16fb     1         build-exploit/kernel/handoff.o:(.debug_line)
            a231             a231        0     1                 $d
            b92c             b92c      62d     1         build-exploit/kernel/hardware_probe.o:(.debug_line)
            b92c             b92c        0     1                 $d
            bf59             bf59      84e     1         build-exploit/kernel/kernel_patches.o:(.debug_line)
            bf59             bf59        0     1                 $d
            c7a7             c7a7      618     1         build-exploit/kernel/secure_boot_bypass.o:(.debug_line)
            c7a7             c7a7        0     1                 $d
            cdbf             cdbf      96e     1         build-exploit/kernel/persistence.o:(.debug_line)
            cdbf             cdbf        0     1                 $d
            d72d             d72d      2e6     1         build-exploit/kernel/hal_sim.o:(.debug_line)
            d72d             d72d        0     1                 $d
            da13             da13      354     1         build-exploit/kernel/interrupt.o:(.debug_line)
            da13             da13        0     1                 $d
            dd67             dd67      715     1         build-exploit/kernel/lifecycle.o:(.debug_line)
            dd67             dd67        0     1                 $d
            e47c             e47c      30c     1         build-exploit/kernel/log.o:(.debug_line)
            e47c             e47c        0     1                 $d
            e788             e788      522     1         build-exploit/kernel/main.o:(.debug_line)
            e788             e788        0     1                 $d
            ecaa             ecaa     14c4     1         build-exploit/kernel/module.o:(.debug_line)
            ecaa             ecaa        0     1                 $d
           1016e            1016e      bab     1         build-exploit/kernel/mmio.o:(.debug_line)
           1016e            1016e        0     1                 $d
           10d19            10d19      8fb     1         build-exploit/kernel/physical_memory.o:(.debug_line)
           10d19            10d19        0     1                 $d
           11614            11614      8c8     1         build-exploit/kernel/protocol.o:(.debug_line)
           11614            11614        0     1                 $d
           11edc            11edc      65b     1         build-exploit/kernel/sha256.o:(.debug_line)
           11edc            11edc        0     1                 $d
           12537            12537      24a     1         build-exploit/kernel/service_guard.o:(.debug_line)
           12537            12537        0     1                 $d
           12781            12781      4bb     1         build-exploit/kernel/service_registry.o:(.debug_line)
           12781            12781        0     1                 $d
           12c3c            12c3c      164     1         build-exploit/kernel/stack_guard.o:(.debug_line)
           12c3c            12c3c        0     1                 $d
           12da0            12da0      3a7     1         build-exploit/kernel/string.o:(.debug_line)
           12da0            12da0        0     1                 $d
           13147            13147      3ee     1         build-exploit/kernel/trace.o:(.debug_line)
           13147            13147        0     1                 $d
           13535            13535      2e5     1         build-exploit/kernel/watchdog.o:(.debug_line)
           13535            13535        0     1                 $d
           1381a            1381a      204     1         build-exploit/kernel/apple_platform.o:(.debug_line)
           1381a            1381a        0     1                 $d
           13a1e            13a1e     183e     1         build-exploit/kernel/usb.o:(.debug_line)
           13a1e            13a1e        0     1                 $d
           1525c            1525c      437     1         build-exploit/kernel/usbliter8_exploit.o:(.debug_line)
           1525c            1525c        0     1                 $d
           15693            15693      55a     1         build-exploit/kernel/trust_cache.o:(.debug_line)
           15693            15693        0     1                 $d
           15bed            15bed       c9     1         build-exploit/modules/hello/hello.o:(.debug_line)
           15bed            15bed        0     1                 $d
           15cb6            15cb6      46e     1         build-exploit/platform/gic.o:(.debug_line)
           15cb6            15cb6        0     1                 $d
           16124            16124      f00     1         build-exploit/platform/generic_arm64/platform.o:(.debug_line)
           16124            16124        0     1                 $d
           17024            17024      359     1         build-exploit/platform/generic_arm64/timer.o:(.debug_line)
           17024            17024        0     1                 $d
           1737d            1737d       73     1         build-exploit/arch/arm64/start.o:(.debug_line)
           1737d            1737d        0     1                 $d
           173f0            173f0       ef     1         build-exploit/arch/arm64/vectors.o:(.debug_line)
           173f0            173f0        0     1                 $d
               0                0      68a     1 .debug_line_str
               0                0      68a     1         <internal>:(.debug_line_str)
               0                0       70     1 .debug_aranges
               0                0       30     1         build-exploit/arch/arm64/start.o:(.debug_aranges)
               0                0        0     1                 $d
              30               30       40     1         build-exploit/arch/arm64/vectors.o:(.debug_aranges)
              30               30        0     1                 $d
               0                0     ba00     8 .symtab
               0                0     ba00     8         <internal>:(.symtab)
               0                0      132     1 .shstrtab
               0                0      132     1         <internal>:(.shstrtab)
               0                0     4300     1 .strtab
               0                0     4300     1         <internal>:(.strtab)
