             VMA              LMA     Size Align Out     In      Symbol
               0                0 80000000     1 . = ORIGIN ( RAM )
        80000000                0        0     1 __image_start = .
        80000000         80000000    15f80  4096 .text
        80000000         80000000       b0   128         build-hardware-probe/arch/arm64/start.o:(.text.boot)
        80000000         80000000        0     1                 $x
        80000000         80000000       b0     1                 _start
        80000004         80000004       ac     1                 fbr34ker_entry
        800000b0         800000b0        c     4         build-hardware-probe/arch/arm64/cpu.o:(.text.cpu_current_el)
        800000b0         800000b0        0     1                 $x
        800000b0         800000b0        c     1                 cpu_current_el
        800000bc         800000bc       58     4         build-hardware-probe/arch/arm64/cpu.o:(.text.cpu_read_system_registers)
        800000bc         800000bc        0     1                 $x
        800000bc         800000bc       58     1                 cpu_read_system_registers
        80000114         80000114        c     4         build-hardware-probe/arch/arm64/cpu.o:(.text.cpu_halt_forever)
        80000114         80000114        0     1                 $x
        80000114         80000114        c     1                 cpu_halt_forever
        80000120         80000120       a0     4         build-hardware-probe/kernel/allocator.o:(.text.allocator_init)
        80000120         80000120        0     1                 $x
        80000120         80000120       a0     1                 allocator_init
        800001c0         800001c0      204     4         build-hardware-probe/kernel/allocator.o:(.text.allocator_alloc)
        800001c0         800001c0        0     1                 $x
        800001c0         800001c0      204     1                 allocator_alloc
        800003c4         800003c4      2b0     4         build-hardware-probe/kernel/allocator.o:(.text.header_valid)
        800003c4         800003c4      2b0     1                 header_valid
        800003c4         800003c4        0     1                 $x
        80000674         80000674      1bc     4         build-hardware-probe/kernel/allocator.o:(.text.allocator_check)
        80000674         80000674        0     1                 $x
        80000674         80000674      1bc     1                 allocator_check
        80000830         80000830       34     4         build-hardware-probe/kernel/allocator.o:(.text.allocator_stats)
        80000830         80000830        0     1                 $x
        80000830         80000830       34     1                 allocator_stats
        80000864         80000864        c     4         build-hardware-probe/kernel/allocator.o:(.text.allocator_base)
        80000864         80000864        0     1                 $x
        80000864         80000864        c     1                 allocator_base
        80000870         80000870        c     4         build-hardware-probe/kernel/allocator.o:(.text.allocator_limit)
        80000870         80000870        0     1                 $x
        80000870         80000870        c     1                 allocator_limit
        8000087c         8000087c      170     4         build-hardware-probe/kernel/architecture.o:(.text.architecture_init)
        8000087c         8000087c        0     1                 $x
        8000087c         8000087c      170     1                 architecture_init
        800009ec         800009ec        c     4         build-hardware-probe/kernel/architecture.o:(.text.architecture_ready)
        800009ec         800009ec        0     1                 $x
        800009ec         800009ec        c     1                 architecture_ready
        800009f8         800009f8       5c     4         build-hardware-probe/kernel/architecture.o:(.text.architecture_healthy)
        800009f8         800009f8        0     1                 $x
        800009f8         800009f8       5c     1                 architecture_healthy
        80000a54         80000a54       14     4         build-hardware-probe/kernel/architecture.o:(.text.start_trace)
        80000a54         80000a54       14     1                 start_trace
        80000a54         80000a54        0     1                 $x
        80000a68         80000a68        4     4         build-hardware-probe/kernel/architecture.o:(.text.stop_trace)
        80000a68         80000a68        4     1                 stop_trace
        80000a68         80000a68        0     1                 $x
        80000a6c         80000a6c        4     4         build-hardware-probe/kernel/architecture.o:(.text.start_board_description)
        80000a6c         80000a6c        4     1                 start_board_description
        80000a6c         80000a6c        0     1                 $x
        80000a70         80000a70        4     4         build-hardware-probe/kernel/architecture.o:(.text.stop_board_description)
        80000a70         80000a70        4     1                 stop_board_description
        80000a70         80000a70        0     1                 $x
        80000a74         80000a74       38     4         build-hardware-probe/kernel/architecture.o:(.text.start_event_bus)
        80000a74         80000a74       38     1                 start_event_bus
        80000a74         80000a74        0     1                 $x
        80000aac         80000aac        4     4         build-hardware-probe/kernel/architecture.o:(.text.stop_event_bus)
        80000aac         80000aac        4     1                 stop_event_bus
        80000aac         80000aac        0     1                 $x
        80000ab0         80000ab0       a4     4         build-hardware-probe/kernel/architecture.o:(.text.start_mmio_manager)
        80000ab0         80000ab0       a4     1                 start_mmio_manager
        80000ab0         80000ab0        0     1                 $x
        80000b54         80000b54        4     4         build-hardware-probe/kernel/architecture.o:(.text.stop_mmio_manager)
        80000b54         80000b54        4     1                 stop_mmio_manager
        80000b54         80000b54        0     1                 $x
        80000b58         80000b58       14     4         build-hardware-probe/kernel/architecture.o:(.text.start_service_registry)
        80000b58         80000b58       14     1                 start_service_registry
        80000b58         80000b58        0     1                 $x
        80000b6c         80000b6c        4     4         build-hardware-probe/kernel/architecture.o:(.text.stop_service_registry)
        80000b6c         80000b6c        4     1                 stop_service_registry
        80000b6c         80000b6c        0     1                 $x
        80000b70         80000b70       14     4         build-hardware-probe/kernel/architecture.o:(.text.start_physical_memory)
        80000b70         80000b70       14     1                 start_physical_memory
        80000b70         80000b70        0     1                 $x
        80000b84         80000b84        4     4         build-hardware-probe/kernel/architecture.o:(.text.stop_physical_memory)
        80000b84         80000b84        4     1                 stop_physical_memory
        80000b84         80000b84        0     1                 $x
        80000b88         80000b88       14     4         build-hardware-probe/kernel/architecture.o:(.text.start_driver_manager)
        80000b88         80000b88       14     1                 start_driver_manager
        80000b88         80000b88        0     1                 $x
        80000b9c         80000b9c        4     4         build-hardware-probe/kernel/architecture.o:(.text.stop_driver_manager)
        80000b9c         80000b9c        4     1                 stop_driver_manager
        80000b9c         80000b9c        0     1                 $x
        80000ba0         80000ba0      164     4         build-hardware-probe/kernel/architecture.o:(.text.start_platform_catalog)
        80000ba0         80000ba0      164     1                 start_platform_catalog
        80000ba0         80000ba0        0     1                 $x
        80000d04         80000d04        4     4         build-hardware-probe/kernel/architecture.o:(.text.stop_platform_catalog)
        80000d04         80000d04        4     1                 stop_platform_catalog
        80000d04         80000d04        0     1                 $x
        80000d08         80000d08        8     4         build-hardware-probe/kernel/architecture.o:(.text.start_bringup_report)
        80000d08         80000d08        8     1                 start_bringup_report
        80000d08         80000d08        0     1                 $x
        80000d10         80000d10        4     4         build-hardware-probe/kernel/architecture.o:(.text.stop_bringup_report)
        80000d10         80000d10        4     1                 stop_bringup_report
        80000d10         80000d10        0     1                 $x
        80000d14         80000d14       40     4         build-hardware-probe/kernel/architecture.o:(.text.trace_event)
        80000d14         80000d14       40     1                 trace_event
        80000d14         80000d14        0     1                 $x
        80000d54         80000d54        8     4         build-hardware-probe/kernel/architecture.o:(.text.always_start)
        80000d54         80000d54        8     1                 always_start
        80000d54         80000d54        0     1                 $x
        80000d5c         80000d5c      7f8     4         build-hardware-probe/kernel/board.o:(.text.board_init)
        80000d5c         80000d5c        0     1                 $x
        80000d5c         80000d5c      7f8     1                 board_init
        80001554         80001554       2c     4         build-hardware-probe/kernel/board.o:(.text.board_shutdown)
        80001554         80001554        0     1                 $x
        80001554         80001554       2c     1                 board_shutdown
        80001580         80001580        c     4         build-hardware-probe/kernel/board.o:(.text.board_ready)
        80001580         80001580        0     1                 $x
        80001580         80001580        c     1                 board_ready
        8000158c         8000158c       80     4         build-hardware-probe/kernel/board.o:(.text.board_healthy)
        8000158c         8000158c        0     1                 $x
        8000158c         8000158c       80     1                 board_healthy
        8000160c         8000160c       1c     4         build-hardware-probe/kernel/board.o:(.text.board_active)
        8000160c         8000160c        0     1                 $x
        8000160c         8000160c       1c     1                 board_active
        80001628         80001628       24     4         build-hardware-probe/kernel/board.o:(.text.board_source_name)
        80001628         80001628        0     1                 $x
        80001628         80001628       24     1                 board_source_name
        8000164c         8000164c       24     4         build-hardware-probe/kernel/board.o:(.text.board_device_type_name)
        8000164c         8000164c        0     1                 $x
        8000164c         8000164c       24     1                 board_device_type_name
        80001670         80001670      23c     4         build-hardware-probe/kernel/board.o:(.text.board_export_json)
        80001670         80001670        0     1                 $x
        80001670         80001670      23c     1                 board_export_json
        800018ac         800018ac       c0     4         build-hardware-probe/kernel/board.o:(.text.append)
        800018ac         800018ac       c0     1                 append
        800018ac         800018ac        0     1                 $x
        8000196c         8000196c      1c0     4         build-hardware-probe/kernel/board.o:(.text.add_dtb_device)
        8000196c         8000196c      1c0     1                 add_dtb_device
        8000196c         8000196c        0     1                 $x
        80001b2c         80001b2c      178     4         build-hardware-probe/kernel/boot_evidence.o:(.text.boot_evidence_init)
        80001b2c         80001b2c        0     1                 $x
        80001b2c         80001b2c      178     1                 boot_evidence_init
        80001ca4         80001ca4      124     4         build-hardware-probe/kernel/boot_evidence.o:(.text.boot_evidence_stage)
        80001ca4         80001ca4        0     1                 $x
        80001ca4         80001ca4      124     1                 boot_evidence_stage
        80001dc8         80001dc8      11c     4         build-hardware-probe/kernel/boot_evidence.o:(.text.boot_evidence_error)
        80001dc8         80001dc8        0     1                 $x
        80001dc8         80001dc8      11c     1                 boot_evidence_error
        80001ee4         80001ee4      110     4         build-hardware-probe/kernel/boot_evidence.o:(.text.boot_evidence_clean_shutdown)
        80001ee4         80001ee4        0     1                 $x
        80001ee4         80001ee4      110     1                 boot_evidence_clean_shutdown
        80001ff4         80001ff4       c4     4         build-hardware-probe/kernel/boot_evidence.o:(.text.boot_evidence_record)
        80001ff4         80001ff4        0     1                 $x
        80001ff4         80001ff4       c4     1                 boot_evidence_record
        800020b8         800020b8       24     4         build-hardware-probe/kernel/boot_evidence.o:(.text.boot_stage_name)
        800020b8         800020b8        0     1                 $x
        800020b8         800020b8       24     1                 boot_stage_name
        800020dc         800020dc      1a0     4         build-hardware-probe/kernel/boot_evidence.o:(.text.boot_evidence_export_json)
        800020dc         800020dc        0     1                 $x
        800020dc         800020dc      1a0     1                 boot_evidence_export_json
        8000227c         8000227c       34     4         build-hardware-probe/kernel/bringup_report.o:(.text.bringup_report_init)
        8000227c         8000227c        0     1                 $x
        8000227c         8000227c       34     1                 bringup_report_init
        800022b0         800022b0      b50     4         build-hardware-probe/kernel/bringup_report.o:(.text.bringup_report_run)
        800022b0         800022b0        0     1                 $x
        800022b0         800022b0      b50     1                 bringup_report_run
        80002e00         80002e00        c     4         build-hardware-probe/kernel/bringup_report.o:(.text.bringup_report_count)
        80002e00         80002e00        0     1                 $x
        80002e00         80002e00        c     1                 bringup_report_count
        80002e0c         80002e0c       58     4         build-hardware-probe/kernel/bringup_report.o:(.text.bringup_report_at)
        80002e0c         80002e0c        0     1                 $x
        80002e0c         80002e0c       58     1                 bringup_report_at
        80002e64         80002e64       1c     4         build-hardware-probe/kernel/bringup_report.o:(.text.bringup_report_summary)
        80002e64         80002e64        0     1                 $x
        80002e64         80002e64       1c     1                 bringup_report_summary
        80002e80         80002e80       24     4         build-hardware-probe/kernel/bringup_report.o:(.text.bringup_status_name)
        80002e80         80002e80        0     1                 $x
        80002e80         80002e80       24     1                 bringup_status_name
        80002ea4         80002ea4      1dc     4         build-hardware-probe/kernel/bringup_report.o:(.text.bringup_report_export_json)
        80002ea4         80002ea4        0     1                 $x
        80002ea4         80002ea4      1dc     1                 bringup_report_export_json
        80003080         80003080       c0     4         build-hardware-probe/kernel/bringup_report.o:(.text.append)
        80003080         80003080       c0     1                 append
        80003080         80003080        0     1                 $x
        80003140         80003140        c     4         build-hardware-probe/kernel/build_info.o:(.text.fbr34ker_build_info)
        80003140         80003140        0     1                 $x
        80003140         80003140        c     1                 fbr34ker_build_info
        8000314c         8000314c       54     4         build-hardware-probe/kernel/bringup.o:(.text.bringup_init)
        8000314c         8000314c        0     1                 $x
        8000314c         8000314c       54     1                 bringup_init
        800031a0         800031a0        c     4         build-hardware-probe/kernel/bringup.o:(.text.bringup_restricted)
        800031a0         800031a0        0     1                 $x
        800031a0         800031a0        c     1                 bringup_restricted
        800031ac         800031ac       24     4         build-hardware-probe/kernel/bringup.o:(.text.bringup_enter)
        800031ac         800031ac        0     1                 $x
        800031ac         800031ac       24     1                 bringup_enter
        800031d0         800031d0       44     4         build-hardware-probe/kernel/bringup.o:(.text.bringup_exit)
        800031d0         800031d0        0     1                 $x
        800031d0         800031d0       44     1                 bringup_exit
        80003214         80003214       88     4         build-hardware-probe/kernel/bringup.o:(.text.bringup_command_allowed)
        80003214         80003214        0     1                 $x
        80003214         80003214       88     1                 bringup_command_allowed
        8000329c         8000329c       44     4         build-hardware-probe/kernel/bringup.o:(.text.bringup_mode_name)
        8000329c         8000329c        0     1                 $x
        8000329c         8000329c       44     1                 bringup_mode_name
        800032e0         800032e0       6c     4         build-hardware-probe/kernel/command.o:(.text.shell_command_name_reserved)
        800032e0         800032e0        0     1                 $x
        800032e0         800032e0       6c     1                 shell_command_name_reserved
        8000334c         8000334c       24     4         build-hardware-probe/kernel/command.o:(.text.shell_init)
        8000334c         8000334c        0     1                 $x
        8000334c         8000334c       24     1                 shell_init
        80003370         80003370      1f8     4         build-hardware-probe/kernel/command.o:(.text.shell_execute_line)
        80003370         80003370        0     1                 $x
        80003370         80003370      1f8     1                 shell_execute_line
        80003568         80003568      168     4         build-hardware-probe/kernel/command.o:(.text.shell_run)
        80003568         80003568        0     1                 $x
        80003568         80003568      168     1                 shell_run
        800036d0         800036d0       70     4         build-hardware-probe/kernel/command.o:(.text.command_help)
        800036d0         800036d0       70     1                 command_help
        800036d0         800036d0        0     1                 $x
        80003740         80003740       68     4         build-hardware-probe/kernel/command.o:(.text.command_version)
        80003740         80003740       68     1                 command_version
        80003740         80003740        0     1                 $x
        800037a8         800037a8      110     4         build-hardware-probe/kernel/command.o:(.text.command_architecture)
        800037a8         800037a8      110     1                 command_architecture
        800037a8         800037a8        0     1                 $x
        800038b8         800038b8      204     4         build-hardware-probe/kernel/command.o:(.text.command_board_info)
        800038b8         800038b8      204     1                 command_board_info
        800038b8         800038b8        0     1                 $x
        80003abc         80003abc       90     4         build-hardware-probe/kernel/command.o:(.text.command_board_json)
        80003abc         80003abc       90     1                 command_board_json
        80003abc         80003abc        0     1                 $x
        80003b4c         80003b4c      168     4         build-hardware-probe/kernel/command.o:(.text.command_mmio_map)
        80003b4c         80003b4c      168     1                 command_mmio_map
        80003b4c         80003b4c        0     1                 $x
        80003cb4         80003cb4      1b4     4         build-hardware-probe/kernel/command.o:(.text.command_physical_memory)
        80003cb4         80003cb4      1b4     1                 command_physical_memory
        80003cb4         80003cb4        0     1                 $x
        80003e68         80003e68      148     4         build-hardware-probe/kernel/command.o:(.text.command_bringup_report_show)
        80003e68         80003e68      148     1                 command_bringup_report_show
        80003e68         80003e68        0     1                 $x
        80003fb0         80003fb0       98     4         build-hardware-probe/kernel/command.o:(.text.command_bringup_report_json)
        80003fb0         80003fb0       98     1                 command_bringup_report_json
        80003fb0         80003fb0        0     1                 $x
        80004048         80004048       d4     4         build-hardware-probe/kernel/command.o:(.text.command_boot_evidence_show)
        80004048         80004048       d4     1                 command_boot_evidence_show
        80004048         80004048        0     1                 $x
        8000411c         8000411c       88     4         build-hardware-probe/kernel/command.o:(.text.command_boot_evidence_json)
        8000411c         8000411c       88     1                 command_boot_evidence_json
        8000411c         8000411c        0     1                 $x
        800041a4         800041a4      11c     4         build-hardware-probe/kernel/command.o:(.text.command_components)
        800041a4         800041a4      11c     1                 command_components
        800041a4         800041a4        0     1                 $x
        800042c0         800042c0       d0     4         build-hardware-probe/kernel/command.o:(.text.command_service_registry)
        800042c0         800042c0       d0     1                 command_service_registry
        800042c0         800042c0        0     1                 $x
        80004390         80004390      11c     4         build-hardware-probe/kernel/command.o:(.text.command_drivers)
        80004390         80004390      11c     1                 command_drivers
        80004390         80004390        0     1                 $x
        800044ac         800044ac       f4     4         build-hardware-probe/kernel/command.o:(.text.command_events)
        800044ac         800044ac       f4     1                 command_events
        800044ac         800044ac        0     1                 $x
        800045a0         800045a0       fc     4         build-hardware-probe/kernel/command.o:(.text.command_trace)
        800045a0         800045a0       fc     1                 command_trace
        800045a0         800045a0        0     1                 $x
        8000469c         8000469c       90     4         build-hardware-probe/kernel/command.o:(.text.command_trace_json)
        8000469c         8000469c       90     1                 command_trace_json
        8000469c         8000469c        0     1                 $x
        8000472c         8000472c       fc     4         build-hardware-probe/kernel/command.o:(.text.command_fault_status)
        8000472c         8000472c       fc     1                 command_fault_status
        8000472c         8000472c        0     1                 $x
        80004828         80004828       b0     4         build-hardware-probe/kernel/command.o:(.text.command_info)
        80004828         80004828       b0     1                 command_info
        80004828         80004828        0     1                 $x
        800048d8         800048d8       28     4         build-hardware-probe/kernel/command.o:(.text.command_exception_level)
        800048d8         800048d8       28     1                 command_exception_level
        800048d8         800048d8        0     1                 $x
        80004900         80004900       e8     4         build-hardware-probe/kernel/command.o:(.text.command_system_registers)
        80004900         80004900       e8     1                 command_system_registers
        80004900         80004900        0     1                 $x
        800049e8         800049e8       38     4         build-hardware-probe/kernel/command.o:(.text.command_timer_frequency)
        800049e8         800049e8       38     1                 command_timer_frequency
        800049e8         800049e8        0     1                 $x
        80004a20         80004a20      128     4         build-hardware-probe/kernel/command.o:(.text.command_handoff)
        80004a20         80004a20      128     1                 command_handoff
        80004a20         80004a20        0     1                 $x
        80004b48         80004b48       cc     4         build-hardware-probe/kernel/command.o:(.text.command_boot_modules)
        80004b48         80004b48       cc     1                 command_boot_modules
        80004b48         80004b48        0     1                 $x
        80004c14         80004c14      154     4         build-hardware-probe/kernel/command.o:(.text.command_probe_status)
        80004c14         80004c14      154     1                 command_probe_status
        80004c14         80004c14        0     1                 $x
        80004d68         80004d68      208     4         build-hardware-probe/kernel/command.o:(.text.command_probe_validate)
        80004d68         80004d68      208     1                 command_probe_validate
        80004d68         80004d68        0     1                 $x
        80004f70         80004f70      170     4         build-hardware-probe/kernel/command.o:(.text.command_compatibility)
        80004f70         80004f70      170     1                 command_compatibility
        80004f70         80004f70        0     1                 $x
        800050e0         800050e0       48     4         build-hardware-probe/kernel/command.o:(.text.command_bringup_status)
        800050e0         800050e0       48     1                 command_bringup_status
        800050e0         800050e0        0     1                 $x
        80005128         80005128       24     4         build-hardware-probe/kernel/command.o:(.text.command_bringup_enter)
        80005128         80005128       24     1                 command_bringup_enter
        80005128         80005128        0     1                 $x
        8000514c         8000514c       74     4         build-hardware-probe/kernel/command.o:(.text.command_bringup_exit)
        8000514c         8000514c       74     1                 command_bringup_exit
        8000514c         8000514c        0     1                 $x
        800051c0         800051c0       38     4         build-hardware-probe/kernel/command.o:(.text.command_console_test)
        800051c0         800051c0       38     1                 command_console_test
        800051c0         800051c0        0     1                 $x
        800051f8         800051f8       a4     4         build-hardware-probe/kernel/command.o:(.text.command_console_history)
        800051f8         800051f8       a4     1                 command_console_history
        800051f8         800051f8        0     1                 $x
        8000529c         8000529c       f0     4         build-hardware-probe/kernel/command.o:(.text.command_console_transports)
        8000529c         8000529c       f0     1                 command_console_transports
        8000529c         8000529c        0     1                 $x
        8000538c         8000538c       b8     4         build-hardware-probe/kernel/command.o:(.text.command_console_semihosting)
        8000538c         8000538c       b8     1                 command_console_semihosting
        8000538c         8000538c        0     1                 $x
        80005444         80005444      238     4         build-hardware-probe/kernel/command.o:(.text.command_timer_test)
        80005444         80005444      238     1                 command_timer_test
        80005444         80005444        0     1                 $x
        8000567c         8000567c      1a4     4         build-hardware-probe/kernel/command.o:(.text.command_memory_check)
        8000567c         8000567c      1a4     1                 command_memory_check
        8000567c         8000567c        0     1                 $x
        80005820         80005820       48     4         build-hardware-probe/kernel/command.o:(.text.command_uptime)
        80005820         80005820       48     1                 command_uptime
        80005820         80005820        0     1                 $x
        80005868         80005868       e4     4         build-hardware-probe/kernel/command.o:(.text.command_regions)
        80005868         80005868       e4     1                 command_regions
        80005868         80005868        0     1                 $x
        8000594c         8000594c       bc     4         build-hardware-probe/kernel/command.o:(.text.command_heap)
        8000594c         8000594c       bc     1                 command_heap
        8000594c         8000594c        0     1                 $x
        80005a08         80005a08       18     4         build-hardware-probe/kernel/command.o:(.text.command_log)
        80005a08         80005a08       18     1                 command_log
        80005a08         80005a08        0     1                 $x
        80005a20         80005a20       9c     4         build-hardware-probe/kernel/command.o:(.text.command_dt_info)
        80005a20         80005a20       9c     1                 command_dt_info
        80005a20         80005a20        0     1                 $x
        80005abc         80005abc       5c     4         build-hardware-probe/kernel/command.o:(.text.command_dt_node)
        80005abc         80005abc       5c     1                 command_dt_node
        80005abc         80005abc        0     1                 $x
        80005b18         80005b18       5c     4         build-hardware-probe/kernel/command.o:(.text.command_dt_find)
        80005b18         80005b18       5c     1                 command_dt_find
        80005b18         80005b18        0     1                 $x
        80005b74         80005b74       40     4         build-hardware-probe/kernel/command.o:(.text.command_dt_property)
        80005b74         80005b74       40     1                 command_dt_property
        80005b74         80005b74        0     1                 $x
        80005bb4         80005bb4       5c     4         build-hardware-probe/kernel/command.o:(.text.command_dt_compatible)
        80005bb4         80005bb4       5c     1                 command_dt_compatible
        80005bb4         80005bb4        0     1                 $x
        80005c10         80005c10      198     4         build-hardware-probe/kernel/command.o:(.text.command_dt_reg)
        80005c10         80005c10      198     1                 command_dt_reg
        80005c10         80005c10        0     1                 $x
        80005da8         80005da8       94     4         build-hardware-probe/kernel/command.o:(.text.command_dt_alias)
        80005da8         80005da8       94     1                 command_dt_alias
        80005da8         80005da8        0     1                 $x
        80005e3c         80005e3c       7c     4         build-hardware-probe/kernel/command.o:(.text.command_dt_stdout)
        80005e3c         80005e3c       7c     1                 command_dt_stdout
        80005e3c         80005e3c        0     1                 $x
        80005eb8         80005eb8      110     4         build-hardware-probe/kernel/command.o:(.text.command_dt_cells)
        80005eb8         80005eb8      110     1                 command_dt_cells
        80005eb8         80005eb8        0     1                 $x
        80005fc8         80005fc8       9c     4         build-hardware-probe/kernel/command.o:(.text.command_dt_clock)
        80005fc8         80005fc8       9c     1                 command_dt_clock
        80005fc8         80005fc8        0     1                 $x
        80006064         80006064      118     4         build-hardware-probe/kernel/command.o:(.text.command_dt_interrupts)
        80006064         80006064      118     1                 command_dt_interrupts
        80006064         80006064        0     1                 $x
        8000617c         8000617c      118     4         build-hardware-probe/kernel/command.o:(.text.command_dt_clocks)
        8000617c         8000617c      118     1                 command_dt_clocks
        8000617c         8000617c        0     1                 $x
        80006294         80006294      1a4     4         build-hardware-probe/kernel/command.o:(.text.command_platform_features)
        80006294         80006294      1a4     1                 command_platform_features
        80006294         80006294        0     1                 $x
        80006438         80006438       d4     4         build-hardware-probe/kernel/command.o:(.text.command_service_health)
        80006438         80006438       d4     1                 command_service_health
        80006438         80006438        0     1                 $x
        8000650c         8000650c       f8     4         build-hardware-probe/kernel/command.o:(.text.command_display_info)
        8000650c         8000650c       f8     1                 command_display_info
        8000650c         8000650c        0     1                 $x
        80006604         80006604      15c     4         build-hardware-probe/kernel/command.o:(.text.command_display_clear)
        80006604         80006604      15c     1                 command_display_clear
        80006604         80006604        0     1                 $x
        80006760         80006760      170     4         build-hardware-probe/kernel/command.o:(.text.command_display_console)
        80006760         80006760      170     1                 command_display_console
        80006760         80006760        0     1                 $x
        800068d0         800068d0      114     4         build-hardware-probe/kernel/command.o:(.text.command_display_test)
        800068d0         800068d0      114     1                 command_display_test
        800068d0         800068d0        0     1                 $x
        800069e4         800069e4       b8     4         build-hardware-probe/kernel/command.o:(.text.command_irq_info)
        800069e4         800069e4       b8     1                 command_irq_info
        800069e4         800069e4        0     1                 $x
        80006a9c         80006a9c      180     4         build-hardware-probe/kernel/command.o:(.text.command_irq_test)
        80006a9c         80006a9c      180     1                 command_irq_test
        80006a9c         80006a9c        0     1                 $x
        80006c1c         80006c1c       5c     4         build-hardware-probe/kernel/command.o:(.text.command_irq_enable)
        80006c1c         80006c1c       5c     1                 command_irq_enable
        80006c1c         80006c1c        0     1                 $x
        80006c78         80006c78       4c     4         build-hardware-probe/kernel/command.o:(.text.command_irq_disable)
        80006c78         80006c78       4c     1                 command_irq_disable
        80006c78         80006c78        0     1                 $x
        80006cc4         80006cc4       80     4         build-hardware-probe/kernel/command.o:(.text.command_irq_selftest)
        80006cc4         80006cc4       80     1                 command_irq_selftest
        80006cc4         80006cc4        0     1                 $x
        80006d44         80006d44      11c     4         build-hardware-probe/kernel/command.o:(.text.command_platform_selftest)
        80006d44         80006d44      11c     1                 command_platform_selftest
        80006d44         80006d44        0     1                 $x
        80006e60         80006e60       ac     4         build-hardware-probe/kernel/command.o:(.text.command_watchdog_info)
        80006e60         80006e60       ac     1                 command_watchdog_info
        80006e60         80006e60        0     1                 $x
        80006f0c         80006f0c      140     4         build-hardware-probe/kernel/command.o:(.text.command_watchdog_arm)
        80006f0c         80006f0c      140     1                 command_watchdog_arm
        80006f0c         80006f0c        0     1                 $x
        8000704c         8000704c       58     4         build-hardware-probe/kernel/command.o:(.text.command_watchdog_pet)
        8000704c         8000704c       58     1                 command_watchdog_pet
        8000704c         8000704c        0     1                 $x
        800070a4         800070a4       58     4         build-hardware-probe/kernel/command.o:(.text.command_watchdog_disarm)
        800070a4         800070a4       58     1                 command_watchdog_disarm
        800070a4         800070a4        0     1                 $x
        800070fc         800070fc       60     4         build-hardware-probe/kernel/command.o:(.text.command_watchdog_test)
        800070fc         800070fc       60     1                 command_watchdog_test
        800070fc         800070fc        0     1                 $x
        8000715c         8000715c      140     4         build-hardware-probe/kernel/command.o:(.text.command_module_policy)
        8000715c         8000715c      140     1                 command_module_policy
        8000715c         8000715c        0     1                 $x
        8000729c         8000729c       20     4         build-hardware-probe/kernel/command.o:(.text.command_crash_show)
        8000729c         8000729c       20     1                 command_crash_show
        8000729c         8000729c        0     1                 $x
        800072bc         800072bc       24     4         build-hardware-probe/kernel/command.o:(.text.command_crash_clear)
        800072bc         800072bc       24     1                 command_crash_clear
        800072bc         800072bc        0     1                 $x
        800072e0         800072e0       74     4         build-hardware-probe/kernel/command.o:(.text.command_crash_json)
        800072e0         800072e0       74     1                 command_crash_json
        800072e0         800072e0        0     1                 $x
        80007354         80007354       b8     4         build-hardware-probe/kernel/command.o:(.text.command_health)
        80007354         80007354       b8     1                 command_health
        80007354         80007354        0     1                 $x
        8000740c         8000740c      1ec     4         build-hardware-probe/kernel/command.o:(.text.command_modules)
        8000740c         8000740c      1ec     1                 command_modules
        8000740c         8000740c        0     1                 $x
        800075f8         800075f8      2a0     4         build-hardware-probe/kernel/command.o:(.text.command_module_info)
        800075f8         800075f8      2a0     1                 command_module_info
        800075f8         800075f8        0     1                 $x
        80007898         80007898      21c     4         build-hardware-probe/kernel/command.o:(.text.command_module_load)
        80007898         80007898      21c     1                 command_module_load
        80007898         80007898        0     1                 $x
        80007ab4         80007ab4       64     4         build-hardware-probe/kernel/command.o:(.text.command_module_run)
        80007ab4         80007ab4       64     1                 command_module_run
        80007ab4         80007ab4        0     1                 $x
        80007b18         80007b18       64     4         build-hardware-probe/kernel/command.o:(.text.command_module_unload)
        80007b18         80007b18       64     1                 command_module_unload
        80007b18         80007b18        0     1                 $x
        80007b7c         80007b7c       68     4         build-hardware-probe/kernel/command.o:(.text.command_echo)
        80007b7c         80007b7c       68     1                 command_echo
        80007b7c         80007b7c        0     1                 $x
        80007be4         80007be4       20     4         build-hardware-probe/kernel/command.o:(.text.command_clear)
        80007be4         80007be4       20     1                 command_clear
        80007be4         80007be4        0     1                 $x
        80007c04         80007c04       3c     4         build-hardware-probe/kernel/command.o:(.text.command_reboot)
        80007c04         80007c04       3c     1                 command_reboot
        80007c04         80007c04        0     1                 $x
        80007c40         80007c40       3c     4         build-hardware-probe/kernel/command.o:(.text.command_halt)
        80007c40         80007c40       3c     1                 command_halt
        80007c40         80007c40        0     1                 $x
        80007c7c         80007c7c       38     4         build-hardware-probe/kernel/console.o:(.text.console_init)
        80007c7c         80007c7c        0     1                 $x
        80007c7c         80007c7c       38     1                 console_init
        80007cb4         80007cb4      104     4         build-hardware-probe/kernel/console.o:(.text.console_putc)
        80007cb4         80007cb4        0     1                 $x
        80007cb4         80007cb4      104     1                 console_putc
        80007db8         80007db8       38     4         build-hardware-probe/kernel/console.o:(.text.console_write)
        80007db8         80007db8        0     1                 $x
        80007db8         80007db8       38     1                 console_write
        80007df0         80007df0       38     4         build-hardware-probe/kernel/console.o:(.text.console_write_n)
        80007df0         80007df0        0     1                 $x
        80007df0         80007df0       38     1                 console_write_n
        80007e28         80007e28        4     4         build-hardware-probe/kernel/console.o:(.text.console_getc_nonblocking)
        80007e28         80007e28        0     1                 $x
        80007e28         80007e28        4     1                 console_getc_nonblocking
        80007e2c         80007e2c       28     4         build-hardware-probe/kernel/console.o:(.text.console_getc_blocking)
        80007e2c         80007e2c        0     1                 $x
        80007e2c         80007e2c       28     1                 console_getc_blocking
        80007e54         80007e54       30     4         build-hardware-probe/kernel/console.o:(.text.console_capture_begin)
        80007e54         80007e54        0     1                 $x
        80007e54         80007e54       30     1                 console_capture_begin
        80007e84         80007e84       48     4         build-hardware-probe/kernel/console.o:(.text.console_capture_end)
        80007e84         80007e84        0     1                 $x
        80007e84         80007e84       48     1                 console_capture_end
        80007ecc         80007ecc       e0     4         build-hardware-probe/kernel/console.o:(.text.console_history_copy)
        80007ecc         80007ecc        0     1                 $x
        80007ecc         80007ecc       e0     1                 console_history_copy
        80007fac         80007fac       24     4         build-hardware-probe/kernel/console.o:(.text.console_history_stats)
        80007fac         80007fac        0     1                 $x
        80007fac         80007fac       24     1                 console_history_stats
        80007fd0         80007fd0       40     4         build-hardware-probe/kernel/console.o:(.text.console_semihosting_set)
        80007fd0         80007fd0        0     1                 $x
        80007fd0         80007fd0       40     1                 console_semihosting_set
        80008010         80008010        c     4         build-hardware-probe/kernel/console.o:(.text.console_semihosting_enabled)
        80008010         80008010        0     1                 $x
        80008010         80008010        c     1                 console_semihosting_enabled
        8000801c         8000801c       cc     4         build-hardware-probe/kernel/crash.o:(.text.crash_init)
        8000801c         8000801c        0     1                 $x
        8000801c         8000801c       cc     1                 crash_init
        800080e8         800080e8       b8     4         build-hardware-probe/kernel/crash.o:(.text.crash_available)
        800080e8         800080e8        0     1                 $x
        800080e8         800080e8       b8     1                 crash_available
        800081a0         800081a0      1ec     4         build-hardware-probe/kernel/crash.o:(.text.crash_capture)
        800081a0         800081a0        0     1                 $x
        800081a0         800081a0      1ec     1                 crash_capture
        8000838c         8000838c      374     4         build-hardware-probe/kernel/crash.o:(.text.crash_export_text)
        8000838c         8000838c        0     1                 $x
        8000838c         8000838c      374     1                 crash_export_text
        80008700         80008700       c0     4         build-hardware-probe/kernel/crash.o:(.text.append)
        80008700         80008700       c0     1                 append
        80008700         80008700        0     1                 $x
        800087c0         800087c0      25c     4         build-hardware-probe/kernel/crash.o:(.text.crash_export_json)
        800087c0         800087c0        0     1                 $x
        800087c0         800087c0      25c     1                 crash_export_json
        80008a1c         80008a1c       68     4         build-hardware-probe/kernel/crash.o:(.text.crash_print)
        80008a1c         80008a1c        0     1                 $x
        80008a1c         80008a1c       68     1                 crash_print
        80008a84         80008a84       14     4         build-hardware-probe/kernel/crash.o:(.text.crash_clear)
        80008a84         80008a84        0     1                 $x
        80008a84         80008a84       14     1                 crash_clear
        80008a98         80008a98        8     4         build-hardware-probe/kernel/crc32.o:(.text.crc32_begin)
        80008a98         80008a98        0     1                 $x
        80008a98         80008a98        8     1                 crc32_begin
        80008aa0         80008aa0       a8     4         build-hardware-probe/kernel/crc32.o:(.text.crc32_update)
        80008aa0         80008aa0        0     1                 $x
        80008aa0         80008aa0       a8     1                 crc32_update
        80008b48         80008b48        8     4         build-hardware-probe/kernel/crc32.o:(.text.crc32_finish)
        80008b48         80008b48        0     1                 $x
        80008b48         80008b48        8     1                 crc32_finish
        80008b50         80008b50       b8     4         build-hardware-probe/kernel/crc32.o:(.text.crc32_compute)
        80008b50         80008b50        0     1                 $x
        80008b50         80008b50       b8     1                 crc32_compute
        80008c08         80008c08      198     4         build-hardware-probe/kernel/device_tree.o:(.text.device_tree_looks_valid)
        80008c08         80008c08        0     1                 $x
        80008c08         80008c08      198     1                 device_tree_looks_valid
        80008da0         80008da0       64     4         build-hardware-probe/kernel/device_tree.o:(.text.reservation_map_valid)
        80008da0         80008da0       64     1                 reservation_map_valid
        80008da0         80008da0        0     1                 $x
        80008e04         80008e04       14     4         build-hardware-probe/kernel/device_tree.o:(.text.device_tree_valid)
        80008e04         80008e04        0     1                 $x
        80008e04         80008e04       14     1                 device_tree_valid
        80008e18         80008e18        c     4         build-hardware-probe/kernel/device_tree.o:(.text.device_tree_blob)
        80008e18         80008e18        0     1                 $x
        80008e18         80008e18        c     1                 device_tree_blob
        80008e24         80008e24        c     4         build-hardware-probe/kernel/device_tree.o:(.text.device_tree_size)
        80008e24         80008e24        0     1                 $x
        80008e24         80008e24        c     1                 device_tree_size
        80008e30         80008e30      298     4         build-hardware-probe/kernel/device_tree.o:(.text.device_tree_init)
        80008e30         80008e30        0     1                 $x
        80008e30         80008e30      298     1                 device_tree_init
        800090c8         800090c8      120     4         build-hardware-probe/kernel/device_tree.o:(.text.device_tree_summary)
        800090c8         800090c8        0     1                 $x
        800090c8         800090c8      120     1                 device_tree_summary
        800091e8         800091e8      29c     4         build-hardware-probe/kernel/device_tree.o:(.text.walk_next)
        800091e8         800091e8      29c     1                 walk_next
        800091e8         800091e8        0     1                 $x
        80009484         80009484      114     4         build-hardware-probe/kernel/device_tree.o:(.text.device_tree_has_node)
        80009484         80009484        0     1                 $x
        80009484         80009484      114     1                 device_tree_has_node
        80009598         80009598      174     4         build-hardware-probe/kernel/device_tree.o:(.text.find_property)
        80009598         80009598      174     1                 find_property
        80009598         80009598        0     1                 $x
        8000970c         8000970c       90     4         build-hardware-probe/kernel/device_tree.o:(.text.device_tree_get_u32)
        8000970c         8000970c        0     1                 $x
        8000970c         8000970c       90     1                 device_tree_get_u32
        8000979c         8000979c       d8     4         build-hardware-probe/kernel/device_tree.o:(.text.device_tree_get_string)
        8000979c         8000979c        0     1                 $x
        8000979c         8000979c       d8     1                 device_tree_get_string
        80009874         80009874       dc     4         build-hardware-probe/kernel/device_tree.o:(.text.device_tree_string_list_contains)
        80009874         80009874        0     1                 $x
        80009874         80009874       dc     1                 device_tree_string_list_contains
        80009950         80009950      23c     4         build-hardware-probe/kernel/device_tree.o:(.text.device_tree_get_reg)
        80009950         80009950        0     1                 $x
        80009950         80009950      23c     1                 device_tree_get_reg
        80009b8c         80009b8c       4c     4         build-hardware-probe/kernel/device_tree.o:(.text.read_cells)
        80009b8c         80009b8c       4c     1                 read_cells
        80009b8c         80009b8c        0     1                 $x
        80009bd8         80009bd8      11c     4         build-hardware-probe/kernel/device_tree.o:(.text.device_tree_resolve_alias)
        80009bd8         80009bd8        0     1                 $x
        80009bd8         80009bd8      11c     1                 device_tree_resolve_alias
        80009cf4         80009cf4      1a8     4         build-hardware-probe/kernel/device_tree.o:(.text.device_tree_stdout_path)
        80009cf4         80009cf4        0     1                 $x
        80009cf4         80009cf4      1a8     1                 device_tree_stdout_path
        80009e9c         80009e9c      180     4         build-hardware-probe/kernel/device_tree.o:(.text.device_tree_find_compatible)
        80009e9c         80009e9c        0     1                 $x
        80009e9c         80009e9c      180     1                 device_tree_find_compatible
        8000a01c         8000a01c      1dc     4         build-hardware-probe/kernel/device_tree.o:(.text.device_tree_print_node)
        8000a01c         8000a01c        0     1                 $x
        8000a01c         8000a01c      1dc     1                 device_tree_print_node
        8000a1f8         8000a1f8      1d4     4         build-hardware-probe/kernel/device_tree.o:(.text.device_tree_find)
        8000a1f8         8000a1f8        0     1                 $x
        8000a1f8         8000a1f8      1d4     1                 device_tree_find
        8000a3cc         8000a3cc      240     4         build-hardware-probe/kernel/device_tree.o:(.text.device_tree_print_property)
        8000a3cc         8000a3cc        0     1                 $x
        8000a3cc         8000a3cc      240     1                 device_tree_print_property
        8000a60c         8000a60c       e4     4         build-hardware-probe/kernel/device_tree.o:(.text.device_tree_get_cells)
        8000a60c         8000a60c        0     1                 $x
        8000a60c         8000a60c       e4     1                 device_tree_get_cells
        8000a6f0         8000a6f0       fc     4         build-hardware-probe/kernel/device_tree.o:(.text.device_tree_get_clock_frequency)
        8000a6f0         8000a6f0        0     1                 $x
        8000a6f0         8000a6f0       fc     1                 device_tree_get_clock_frequency
        8000a7ec         8000a7ec      194     4         build-hardware-probe/kernel/device_tree.o:(.text.device_tree_find_compatible_path)
        8000a7ec         8000a7ec        0     1                 $x
        8000a7ec         8000a7ec      194     1                 device_tree_find_compatible_path
        8000a980         8000a980       60     4         build-hardware-probe/kernel/device_tree.o:(.text.device_tree_reservation_count)
        8000a980         8000a980        0     1                 $x
        8000a980         8000a980       60     1                 device_tree_reservation_count
        8000a9e0         8000a9e0       78     4         build-hardware-probe/kernel/device_tree.o:(.text.device_tree_reservation_at)
        8000a9e0         8000a9e0        0     1                 $x
        8000a9e0         8000a9e0       78     1                 device_tree_reservation_at
        8000aa58         8000aa58       58     4         build-hardware-probe/kernel/device_tree.o:(.text.property_name)
        8000aa58         8000aa58       58     1                 property_name
        8000aa58         8000aa58        0     1                 $x
        8000aab0         8000aab0       40     4         build-hardware-probe/kernel/driver.o:(.text.driver_manager_init)
        8000aab0         8000aab0        0     1                 $x
        8000aab0         8000aab0       40     1                 driver_manager_init
        8000aaf0         8000aaf0       c8     4         build-hardware-probe/kernel/driver.o:(.text.driver_manager_shutdown)
        8000aaf0         8000aaf0        0     1                 $x
        8000aaf0         8000aaf0       c8     1                 driver_manager_shutdown
        8000abb8         8000abb8       c4     4         build-hardware-probe/kernel/driver.o:(.text.driver_stop_all)
        8000abb8         8000abb8        0     1                 $x
        8000abb8         8000abb8       c4     1                 driver_stop_all
        8000ac7c         8000ac7c        c     4         build-hardware-probe/kernel/driver.o:(.text.driver_manager_ready)
        8000ac7c         8000ac7c        0     1                 $x
        8000ac7c         8000ac7c        c     1                 driver_manager_ready
        8000ac88         8000ac88      150     4         build-hardware-probe/kernel/driver.o:(.text.driver_register)
        8000ac88         8000ac88        0     1                 $x
        8000ac88         8000ac88      150     1                 driver_register
        8000add8         8000add8      2ec     4         build-hardware-probe/kernel/driver.o:(.text.driver_start_all)
        8000add8         8000add8        0     1                 $x
        8000add8         8000add8      2ec     1                 driver_start_all
        8000b0c4         8000b0c4       70     4         build-hardware-probe/kernel/driver.o:(.text.driver_manager_healthy)
        8000b0c4         8000b0c4        0     1                 $x
        8000b0c4         8000b0c4       70     1                 driver_manager_healthy
        8000b134         8000b134        c     4         build-hardware-probe/kernel/driver.o:(.text.driver_count)
        8000b134         8000b134        0     1                 $x
        8000b134         8000b134        c     1                 driver_count
        8000b140         8000b140       5c     4         build-hardware-probe/kernel/driver.o:(.text.driver_at)
        8000b140         8000b140        0     1                 $x
        8000b140         8000b140       5c     1                 driver_at
        8000b19c         8000b19c       24     4         build-hardware-probe/kernel/driver.o:(.text.driver_state_name)
        8000b19c         8000b19c        0     1                 $x
        8000b19c         8000b19c       24     1                 driver_state_name
        8000b1c0         8000b1c0       68     4         build-hardware-probe/kernel/event.o:(.text.event_bus_init)
        8000b1c0         8000b1c0        0     1                 $x
        8000b1c0         8000b1c0       68     1                 event_bus_init
        8000b228         8000b228       1c     4         build-hardware-probe/kernel/event.o:(.text.event_bus_shutdown)
        8000b228         8000b228        0     1                 $x
        8000b228         8000b228       1c     1                 event_bus_shutdown
        8000b244         8000b244        c     4         build-hardware-probe/kernel/event.o:(.text.event_bus_ready)
        8000b244         8000b244        0     1                 $x
        8000b244         8000b244        c     1                 event_bus_ready
        8000b250         8000b250       5c     4         build-hardware-probe/kernel/event.o:(.text.event_bus_subscribe)
        8000b250         8000b250        0     1                 $x
        8000b250         8000b250       5c     1                 event_bus_subscribe
        8000b2ac         8000b2ac      204     4         build-hardware-probe/kernel/event.o:(.text.event_bus_publish)
        8000b2ac         8000b2ac        0     1                 $x
        8000b2ac         8000b2ac      204     1                 event_bus_publish
        8000b4b0         8000b4b0        c     4         build-hardware-probe/kernel/event.o:(.text.event_bus_count)
        8000b4b0         8000b4b0        0     1                 $x
        8000b4b0         8000b4b0        c     1                 event_bus_count
        8000b4bc         8000b4bc       80     4         build-hardware-probe/kernel/event.o:(.text.event_bus_at)
        8000b4bc         8000b4bc        0     1                 $x
        8000b4bc         8000b4bc       80     1                 event_bus_at
        8000b53c         8000b53c       2c     4         build-hardware-probe/kernel/event.o:(.text.event_bus_stats)
        8000b53c         8000b53c        0     1                 $x
        8000b53c         8000b53c       2c     1                 event_bus_stats
        8000b568         8000b568       24     4         build-hardware-probe/kernel/event.o:(.text.event_type_name)
        8000b568         8000b568        0     1                 $x
        8000b568         8000b568       24     1                 event_type_name
        8000b58c         8000b58c       14     4         build-hardware-probe/kernel/exception.o:(.text.exception_init)
        8000b58c         8000b58c        0     1                 $x
        8000b58c         8000b58c       14     1                 exception_init
        8000b5a0         8000b5a0       a0     4         build-hardware-probe/kernel/exception.o:(.text.exception_handle)
        8000b5a0         8000b5a0        0     1                 $x
        8000b5a0         8000b5a0       a0     1                 exception_handle
        8000b640         8000b640       40     4         build-hardware-probe/kernel/fault.o:(.text.fault_injection_init)
        8000b640         8000b640        0     1                 $x
        8000b640         8000b640       40     1                 fault_injection_init
        8000b680         8000b680        8     4         build-hardware-probe/kernel/fault.o:(.text.fault_injection_available)
        8000b680         8000b680        0     1                 $x
        8000b680         8000b680        8     1                 fault_injection_available
        8000b688         8000b688        8     4         build-hardware-probe/kernel/fault.o:(.text.fault_injection_should_fail)
        8000b688         8000b688        0     1                 $x
        8000b688         8000b688        8     1                 fault_injection_should_fail
        8000b690         8000b690       2c     4         build-hardware-probe/kernel/fault.o:(.text.fault_injection_status)
        8000b690         8000b690        0     1                 $x
        8000b690         8000b690       2c     1                 fault_injection_status
        8000b6bc         8000b6bc       24     4         build-hardware-probe/kernel/fault.o:(.text.fault_point_name)
        8000b6bc         8000b6bc        0     1                 $x
        8000b6bc         8000b6bc       24     1                 fault_point_name
        8000b6e0         8000b6e0       b8     4         build-hardware-probe/kernel/framebuffer_console.o:(.text.framebuffer_console_init)
        8000b6e0         8000b6e0        0     1                 $x
        8000b6e0         8000b6e0       b8     1                 framebuffer_console_init
        8000b798         8000b798       50     4         build-hardware-probe/kernel/framebuffer_console.o:(.text.framebuffer_console_set_enabled)
        8000b798         8000b798        0     1                 $x
        8000b798         8000b798       50     1                 framebuffer_console_set_enabled
        8000b7e8         8000b7e8      520     4         build-hardware-probe/kernel/framebuffer_console.o:(.text.framebuffer_console_putc)
        8000b7e8         8000b7e8        0     1                 $x
        8000b7e8         8000b7e8      520     1                 framebuffer_console_putc
        8000bd08         8000bd08       38     4         build-hardware-probe/kernel/framebuffer_console.o:(.text.framebuffer_console_write)
        8000bd08         8000bd08        0     1                 $x
        8000bd08         8000bd08       38     1                 framebuffer_console_write
        8000bd40         8000bd40      13c     4         build-hardware-probe/kernel/framebuffer_console.o:(.text.framebuffer_console_clear)
        8000bd40         8000bd40        0     1                 $x
        8000bd40         8000bd40      13c     1                 framebuffer_console_clear
        8000be7c         8000be7c      10c     4         build-hardware-probe/kernel/framebuffer_console.o:(.text.clear_rows)
        8000be7c         8000be7c      10c     1                 clear_rows
        8000be7c         8000be7c        0     1                 $x
        8000bf88         8000bf88      110     4         build-hardware-probe/kernel/framebuffer_console.o:(.text.framebuffer_console_panic)
        8000bf88         8000bf88        0     1                 $x
        8000bf88         8000bf88      110     1                 framebuffer_console_panic
        8000c098         8000c098       74     4         build-hardware-probe/kernel/framebuffer_console.o:(.text.framebuffer_console_stats)
        8000c098         8000c098        0     1                 $x
        8000c098         8000c098       74     1                 framebuffer_console_stats
        8000c10c         8000c10c      650     4         build-hardware-probe/kernel/format.o:(.text.fm_vprintf)
        8000c10c         8000c10c        0     1                 $x
        8000c10c         8000c10c      650     1                 fm_vprintf
        8000c75c         8000c75c       78     4         build-hardware-probe/kernel/format.o:(.text.fm_printf)
        8000c75c         8000c75c        0     1                 $x
        8000c75c         8000c75c       78     1                 fm_printf
        8000c7d4         8000c7d4      7bc     4         build-hardware-probe/kernel/format.o:(.text.fm_vsnprintf)
        8000c7d4         8000c7d4        0     1                 $x
        8000c7d4         8000c7d4      7bc     1                 fm_vsnprintf
        8000cf90         8000cf90       74     4         build-hardware-probe/kernel/format.o:(.text.fm_snprintf)
        8000cf90         8000cf90        0     1                 $x
        8000cf90         8000cf90       74     1                 fm_snprintf
        8000d004         8000d004       54     4         build-hardware-probe/kernel/handoff.o:(.text.fbr34ker_handoff_covers_range)
        8000d004         8000d004        0     1                 $x
        8000d004         8000d004       54     1                 fbr34ker_handoff_covers_range
        8000d058         8000d058       ac     4         build-hardware-probe/kernel/handoff.o:(.text.fbr34ker_handoff_describes_range)
        8000d058         8000d058        0     1                 $x
        8000d058         8000d058       ac     1                 fbr34ker_handoff_describes_range
        8000d104         8000d104      14c     4         build-hardware-probe/kernel/handoff.o:(.text.fbr34ker_handoff_valid)
        8000d104         8000d104        0     1                 $x
        8000d104         8000d104      14c     1                 fbr34ker_handoff_valid
        8000d250         8000d250       74     4         build-hardware-probe/kernel/handoff.o:(.text.regions_basic_valid)
        8000d250         8000d250       74     1                 regions_basic_valid
        8000d250         8000d250        0     1                 $x
        8000d2c4         8000d2c4       78     4         build-hardware-probe/kernel/handoff.o:(.text.boot_modules_valid)
        8000d2c4         8000d2c4       78     1                 boot_modules_valid
        8000d2c4         8000d2c4        0     1                 $x
        8000d33c         8000d33c       f4     4         build-hardware-probe/kernel/handoff.o:(.text.v2_flags_valid)
        8000d33c         8000d33c       f4     1                 v2_flags_valid
        8000d33c         8000d33c        0     1                 $x
        8000d430         8000d430       a8     4         build-hardware-probe/kernel/handoff.o:(.text.v3_callbacks_valid)
        8000d430         8000d430       a8     1                 v3_callbacks_valid
        8000d430         8000d430        0     1                 $x
        8000d4d8         8000d4d8      27c     4         build-hardware-probe/kernel/handoff.o:(.text.v4_valid)
        8000d4d8         8000d4d8      27c     1                 v4_valid
        8000d4d8         8000d4d8        0     1                 $x
        8000d754         8000d754       30     4         build-hardware-probe/kernel/handoff.o:(.text.fbr34ker_handoff_set_active)
        8000d754         8000d754        0     1                 $x
        8000d754         8000d754       30     1                 fbr34ker_handoff_set_active
        8000d784         8000d784        c     4         build-hardware-probe/kernel/handoff.o:(.text.fbr34ker_handoff_active)
        8000d784         8000d784        0     1                 $x
        8000d784         8000d784        c     1                 fbr34ker_handoff_active
        8000d790         8000d790      15c     4         build-hardware-probe/kernel/handoff.o:(.text.regions_v4_valid)
        8000d790         8000d790      15c     1                 regions_v4_valid
        8000d790         8000d790        0     1                 $x
        8000d8ec         8000d8ec      17c     4         build-hardware-probe/kernel/handoff.o:(.text.framebuffer_v4_valid)
        8000d8ec         8000d8ec      17c     1                 framebuffer_v4_valid
        8000d8ec         8000d8ec        0     1                 $x
        8000da68         8000da68      320     4         build-hardware-probe/kernel/handoff.o:(.text.v4_metadata_ranges_valid)
        8000da68         8000da68      320     1                 v4_metadata_ranges_valid
        8000da68         8000da68        0     1                 $x
        8000dd88         8000dd88      5e4     4         build-hardware-probe/kernel/handoff.o:(.text.callback_set_v4_valid)
        8000dd88         8000dd88      5e4     1                 callback_set_v4_valid
        8000dd88         8000dd88        0     1                 $x
        8000e36c         8000e36c       b8     4         build-hardware-probe/kernel/handoff.o:(.text.callback_address_valid)
        8000e36c         8000e36c       b8     1                 callback_address_valid
        8000e36c         8000e36c        0     1                 $x
        8000e424         8000e424       2c     4         build-hardware-probe/kernel/hardware_probe.o:(.text.hardware_probe_init)
        8000e424         8000e424        0     1                 $x
        8000e424         8000e424       2c     1                 hardware_probe_init
        8000e450         8000e450       20     4         build-hardware-probe/kernel/hardware_probe.o:(.text.hardware_probe_status)
        8000e450         8000e450        0     1                 $x
        8000e450         8000e450       20     1                 hardware_probe_status
        8000e470         8000e470        c     4         build-hardware-probe/kernel/hardware_probe.o:(.text.hardware_probe_active)
        8000e470         8000e470        0     1                 $x
        8000e470         8000e470        c     1                 hardware_probe_active
        8000e47c         8000e47c        c     4         build-hardware-probe/kernel/hardware_probe.o:(.text.hardware_probe_immutable)
        8000e47c         8000e47c        0     1                 $x
        8000e47c         8000e47c        c     1                 hardware_probe_immutable
        8000e488         8000e488       34     4         build-hardware-probe/kernel/hardware_probe.o:(.text.hardware_probe_unlock)
        8000e488         8000e488        0     1                 $x
        8000e488         8000e488       34     1                 hardware_probe_unlock
        8000e4bc         8000e4bc       14     4         build-hardware-probe/kernel/hardware_probe.o:(.text.hardware_probe_mark_reviewed)
        8000e4bc         8000e4bc        0     1                 $x
        8000e4bc         8000e4bc       14     1                 hardware_probe_mark_reviewed
        8000e4d0         8000e4d0       28     4         build-hardware-probe/kernel/hardware_probe.o:(.text.hardware_probe_mark_validated)
        8000e4d0         8000e4d0        0     1                 $x
        8000e4d0         8000e4d0       28     1                 hardware_probe_mark_validated
        8000e4f8         8000e4f8        8     4         build-hardware-probe/kernel/hardware_probe.o:(.text.hardware_probe_modules_allowed)
        8000e4f8         8000e4f8        0     1                 $x
        8000e4f8         8000e4f8        8     1                 hardware_probe_modules_allowed
        8000e500         8000e500        8     4         build-hardware-probe/kernel/hardware_probe.o:(.text.hardware_probe_framebuffer_writes_allowed)
        8000e500         8000e500        0     1                 $x
        8000e500         8000e500        8     1                 hardware_probe_framebuffer_writes_allowed
        8000e508         8000e508        8     4         build-hardware-probe/kernel/hardware_probe.o:(.text.hardware_probe_interrupt_mutation_allowed)
        8000e508         8000e508        0     1                 $x
        8000e508         8000e508        8     1                 hardware_probe_interrupt_mutation_allowed
        8000e510         8000e510        8     4         build-hardware-probe/kernel/hardware_probe.o:(.text.hardware_probe_watchdog_mutation_allowed)
        8000e510         8000e510        0     1                 $x
        8000e510         8000e510        8     1                 hardware_probe_watchdog_mutation_allowed
        8000e518         8000e518        8     4         build-hardware-probe/kernel/hardware_probe.o:(.text.hardware_probe_power_actions_allowed)
        8000e518         8000e518        0     1                 $x
        8000e518         8000e518        8     1                 hardware_probe_power_actions_allowed
        8000e520         8000e520      10c     4         build-hardware-probe/kernel/hardware_probe.o:(.text.hardware_probe_memory_map_valid)
        8000e520         8000e520        0     1                 $x
        8000e520         8000e520      10c     1                 hardware_probe_memory_map_valid
        8000e62c         8000e62c       24     4         build-hardware-probe/kernel/hardware_probe.o:(.text.hardware_compatibility_state_name)
        8000e62c         8000e62c        0     1                 $x
        8000e62c         8000e62c       24     1                 hardware_compatibility_state_name
        8000e650         8000e650       34     4         build-hardware-probe/kernel/hardware_probe.o:(.text.hardware_probe_handoff_state)
        8000e650         8000e650        0     1                 $x
        8000e650         8000e650       34     1                 hardware_probe_handoff_state
        8000e684         8000e684       1c     4         build-hardware-probe/kernel/hardware_probe.o:(.text.hardware_probe_console_output_state)
        8000e684         8000e684        0     1                 $x
        8000e684         8000e684       1c     1                 hardware_probe_console_output_state
        8000e6a0         8000e6a0       1c     4         build-hardware-probe/kernel/hardware_probe.o:(.text.hardware_probe_console_input_state)
        8000e6a0         8000e6a0        0     1                 $x
        8000e6a0         8000e6a0       1c     1                 hardware_probe_console_input_state
        8000e6bc         8000e6bc       20     4         build-hardware-probe/kernel/hardware_probe.o:(.text.hardware_probe_timer_state)
        8000e6bc         8000e6bc        0     1                 $x
        8000e6bc         8000e6bc       20     1                 hardware_probe_timer_state
        8000e6dc         8000e6dc       20     4         build-hardware-probe/kernel/hardware_probe.o:(.text.hardware_probe_memory_state)
        8000e6dc         8000e6dc        0     1                 $x
        8000e6dc         8000e6dc       20     1                 hardware_probe_memory_state
        8000e6fc         8000e6fc       1c     4         build-hardware-probe/kernel/hardware_probe.o:(.text.hardware_probe_device_tree_state)
        8000e6fc         8000e6fc        0     1                 $x
        8000e6fc         8000e6fc       1c     1                 hardware_probe_device_tree_state
        8000e718         8000e718       34     4         build-hardware-probe/kernel/hardware_probe.o:(.text.hardware_probe_interrupt_state)
        8000e718         8000e718        0     1                 $x
        8000e718         8000e718       34     1                 hardware_probe_interrupt_state
        8000e74c         8000e74c       38     4         build-hardware-probe/kernel/hardware_probe.o:(.text.hardware_probe_watchdog_state)
        8000e74c         8000e74c        0     1                 $x
        8000e74c         8000e74c       38     1                 hardware_probe_watchdog_state
        8000e784         8000e784       44     4         build-hardware-probe/kernel/hardware_probe.o:(.text.hardware_probe_framebuffer_state)
        8000e784         8000e784        0     1                 $x
        8000e784         8000e784       44     1                 hardware_probe_framebuffer_state
        8000e7c8         8000e7c8        8     4         build-hardware-probe/kernel/hardware_probe.o:(.text.hardware_probe_module_state)
        8000e7c8         8000e7c8        0     1                 $x
        8000e7c8         8000e7c8        8     1                 hardware_probe_module_state
        8000e7d0         8000e7d0       44     4         build-hardware-probe/kernel/hardware_probe.o:(.text.hardware_probe_power_state)
        8000e7d0         8000e7d0        0     1                 $x
        8000e7d0         8000e7d0       44     1                 hardware_probe_power_state
        8000e814         8000e814       5c     4         build-hardware-probe/kernel/interrupt.o:(.text.interrupt_init)
        8000e814         8000e814        0     1                 $x
        8000e814         8000e814       5c     1                 interrupt_init
        8000e870         8000e870       68     4         build-hardware-probe/kernel/interrupt.o:(.text.interrupt_set_delivery)
        8000e870         8000e870        0     1                 $x
        8000e870         8000e870       68     1                 interrupt_set_delivery
        8000e8d8         8000e8d8       fc     4         build-hardware-probe/kernel/interrupt.o:(.text.interrupt_handle_vector)
        8000e8d8         8000e8d8        0     1                 $x
        8000e8d8         8000e8d8       fc     1                 interrupt_handle_vector
        8000e9d4         8000e9d4       24     4         build-hardware-probe/kernel/interrupt.o:(.text.interrupt_stats)
        8000e9d4         8000e9d4        0     1                 $x
        8000e9d4         8000e9d4       24     1                 interrupt_stats
[...]
            5138             5138      170     1         build-hardware-probe/kernel/hardware_probe.o:(.debug_addr)
            5138             5138        0     1                 $d
            52a8             52a8       70     1         build-hardware-probe/kernel/hal_sim.o:(.debug_addr)
            52a8             52a8        0     1                 $d
            5318             5318       d0     1         build-hardware-probe/kernel/interrupt.o:(.debug_addr)
            5318             5318        0     1                 $d
            53e8             53e8      228     1         build-hardware-probe/kernel/lifecycle.o:(.debug_addr)
            53e8             53e8        0     1                 $d
            5610             5610       e8     1         build-hardware-probe/kernel/log.o:(.debug_addr)
            5610             5610        0     1                 $d
            56f8             56f8      2a0     1         build-hardware-probe/kernel/main.o:(.debug_addr)
            56f8             56f8        0     1                 $d
            5998             5998      628     1         build-hardware-probe/kernel/module.o:(.debug_addr)
            5998             5998        0     1                 $d
            5fc0             5fc0      2d0     1         build-hardware-probe/kernel/mmio.o:(.debug_addr)
            5fc0             5fc0        0     1                 $d
            6290             6290      290     1         build-hardware-probe/kernel/physical_memory.o:(.debug_addr)
            6290             6290        0     1                 $d
            6520             6520      478     1         build-hardware-probe/kernel/protocol.o:(.debug_addr)
            6520             6520        0     1                 $d
            6998             6998       c8     1         build-hardware-probe/kernel/sha256.o:(.debug_addr)
            6998             6998        0     1                 $d
            6a60             6a60      100     1         build-hardware-probe/kernel/service_guard.o:(.debug_addr)
            6a60             6a60        0     1                 $d
            6b60             6b60      190     1         build-hardware-probe/kernel/service_registry.o:(.debug_addr)
            6b60             6b60        0     1                 $d
            6cf0             6cf0       68     1         build-hardware-probe/kernel/stack_guard.o:(.debug_addr)
            6cf0             6cf0        0     1                 $d
            6d58             6d58       b0     1         build-hardware-probe/kernel/string.o:(.debug_addr)
            6d58             6d58        0     1                 $d
            6e08             6e08      120     1         build-hardware-probe/kernel/trace.o:(.debug_addr)
            6e08             6e08        0     1                 $d
            6f28             6f28       e0     1         build-hardware-probe/kernel/watchdog.o:(.debug_addr)
            6f28             6f28        0     1                 $d
            7008             7008       60     1         build-hardware-probe/modules/hello/hello.o:(.debug_addr)
            7008             7008        0     1                 $d
            7068             7068      198     1         build-hardware-probe/platform/gic.o:(.debug_addr)
            7068             7068        0     1                 $d
            7200             7200      478     1         build-hardware-probe/platform/generic_arm64/platform.o:(.debug_addr)
            7200             7200        0     1                 $d
            7678             7678      120     1         build-hardware-probe/platform/generic_arm64/timer.o:(.debug_addr)
            7678             7678        0     1                 $d
               0                0     45f0     8 .debug_frame
               0                0       60     8         build-hardware-probe/arch/arm64/cpu.o:(.debug_frame)
               0                0        0     1                 $d
              60               60      158     8         build-hardware-probe/kernel/allocator.o:(.debug_frame)
              60               60        0     1                 $d
             1b8              1b8      2f0     8         build-hardware-probe/kernel/architecture.o:(.debug_frame)
             1b8              1b8        0     1                 $d
             4a8              4a8      1d0     8         build-hardware-probe/kernel/board.o:(.debug_frame)
             4a8              4a8        0     1                 $d
             678              678      128     8         build-hardware-probe/kernel/boot_evidence.o:(.debug_frame)
             678              678        0     1                 $d
             7a0              7a0      140     8         build-hardware-probe/kernel/bringup_report.o:(.debug_frame)
             7a0              7a0        0     1                 $d
             8e0              8e0       30     8         build-hardware-probe/kernel/build_info.o:(.debug_frame)
             8e0              8e0        0     1                 $d
             910              910       d8     8         build-hardware-probe/kernel/bringup.o:(.debug_frame)
             910              910        0     1                 $d
             9e8              9e8      da8     8         build-hardware-probe/kernel/command.o:(.debug_frame)
             9e8              9e8        0     1                 $d
            1790             1790      188     8         build-hardware-probe/kernel/console.o:(.debug_frame)
            1790             1790        0     1                 $d
            1918             1918      188     8         build-hardware-probe/kernel/crash.o:(.debug_frame)
            1918             1918        0     1                 $d
            1aa0             1aa0       78     8         build-hardware-probe/kernel/crc32.o:(.debug_frame)
            1aa0             1aa0        0     1                 $d
            1b18             1b18      498     8         build-hardware-probe/kernel/device_tree.o:(.debug_frame)
            1b18             1b18        0     1                 $d
            1fb0             1fb0      170     8         build-hardware-probe/kernel/driver.o:(.debug_frame)
            1fb0             1fb0        0     1                 $d
            2120             2120      110     8         build-hardware-probe/kernel/event.o:(.debug_frame)
            2120             2120        0     1                 $d
            2230             2230       58     8         build-hardware-probe/kernel/exception.o:(.debug_frame)
            2230             2230        0     1                 $d
            2288             2288      110     8         build-hardware-probe/kernel/fault.o:(.debug_frame)
            2288             2288        0     1                 $d
            2398             2398      148     8         build-hardware-probe/kernel/framebuffer_console.o:(.debug_frame)
            2398             2398        0     1                 $d
            24e0             24e0       c0     8         build-hardware-probe/kernel/format.o:(.debug_frame)
            24e0             24e0        0     1                 $d
            25a0             25a0      1c0     8         build-hardware-probe/kernel/handoff.o:(.debug_frame)
            25a0             25a0        0     1                 $d
            2760             2760      2d0     8         build-hardware-probe/kernel/hardware_probe.o:(.debug_frame)
            2760             2760        0     1                 $d
            2a30             2a30      130     8         build-hardware-probe/kernel/hal_sim.o:(.debug_frame)
            2a30             2a30        0     1                 $d
            2b60             2b60      100     8         build-hardware-probe/kernel/interrupt.o:(.debug_frame)
            2b60             2b60        0     1                 $d
            2c60             2c60      190     8         build-hardware-probe/kernel/lifecycle.o:(.debug_frame)
            2c60             2c60        0     1                 $d
            2df0             2df0       e8     8         build-hardware-probe/kernel/log.o:(.debug_frame)
            2df0             2df0        0     1                 $d
            2ed8             2ed8       48     8         build-hardware-probe/kernel/main.o:(.debug_frame)
            2ed8             2ed8        0     1                 $d
            2f20             2f20      320     8         build-hardware-probe/kernel/module.o:(.debug_frame)
            2f20             2f20        0     1                 $d
            3240             3240      2f8     8         build-hardware-probe/kernel/mmio.o:(.debug_frame)
            3240             3240        0     1                 $d
            3538             3538      1c0     8         build-hardware-probe/kernel/physical_memory.o:(.debug_frame)
            3538             3538        0     1                 $d
            36f8             36f8      178     8         build-hardware-probe/kernel/protocol.o:(.debug_frame)
            36f8             36f8        0     1                 $d
            3870             3870      100     8         build-hardware-probe/kernel/sha256.o:(.debug_frame)
            3870             3870        0     1                 $d
            3970             3970       c8     8         build-hardware-probe/kernel/service_guard.o:(.debug_frame)
            3970             3970        0     1                 $d
            3a38             3a38      1e0     8         build-hardware-probe/kernel/service_registry.o:(.debug_frame)
            3a38             3a38        0     1                 $d
            3c18             3c18       a0     8         build-hardware-probe/kernel/stack_guard.o:(.debug_frame)
            3c18             3c18        0     1                 $d
            3cb8             3cb8      150     8         build-hardware-probe/kernel/string.o:(.debug_frame)
            3cb8             3cb8        0     1                 $d
            3e08             3e08      168     8         build-hardware-probe/kernel/trace.o:(.debug_frame)
            3e08             3e08        0     1                 $d
            3f70             3f70      110     8         build-hardware-probe/kernel/watchdog.o:(.debug_frame)
            3f70             3f70        0     1                 $d
            4080             4080       60     8         build-hardware-probe/modules/hello/hello.o:(.debug_frame)
            4080             4080        0     1                 $d
            40e0             40e0      118     8         build-hardware-probe/platform/gic.o:(.debug_frame)
            40e0             40e0        0     1                 $d
            41f8             41f8      340     8         build-hardware-probe/platform/generic_arm64/platform.o:(.debug_frame)
            41f8             41f8        0     1                 $d
            4538             4538       b8     8         build-hardware-probe/platform/generic_arm64/timer.o:(.debug_frame)
            4538             4538        0     1                 $d
               0                0    11158     1 .debug_line
               0                0       e1     1         build-hardware-probe/arch/arm64/cpu.o:(.debug_line)
               0                0        0     1                 $d
              e1               e1      5ad     1         build-hardware-probe/kernel/allocator.o:(.debug_line)
              e1               e1        0     1                 $d
             68e              68e      5e9     1         build-hardware-probe/kernel/architecture.o:(.debug_line)
             68e              68e        0     1                 $d
             c77              c77      8a9     1         build-hardware-probe/kernel/board.o:(.debug_line)
             c77              c77        0     1                 $d
            1520             1520      4bb     1         build-hardware-probe/kernel/boot_evidence.o:(.debug_line)
            1520             1520        0     1                 $d
            19db             19db      a1c     1         build-hardware-probe/kernel/bringup_report.o:(.debug_line)
            19db             19db        0     1                 $d
            23f7             23f7       89     1         build-hardware-probe/kernel/build_info.o:(.debug_line)
            23f7             23f7        0     1                 $d
            2480             2480      1e0     1         build-hardware-probe/kernel/bringup.o:(.debug_line)
            2480             2480        0     1                 $d
            2660             2660     2b71     1         build-hardware-probe/kernel/command.o:(.debug_line)
            2660             2660        0     1                 $d
            51d1             51d1      3cd     1         build-hardware-probe/kernel/console.o:(.debug_line)
            51d1             51d1        0     1                 $d
            559e             559e      655     1         build-hardware-probe/kernel/crash.o:(.debug_line)
            559e             559e        0     1                 $d
            5bf3             5bf3      149     1         build-hardware-probe/kernel/crc32.o:(.debug_line)
            5bf3             5bf3        0     1                 $d
            5d3c             5d3c     144e     1         build-hardware-probe/kernel/device_tree.o:(.debug_line)
            5d3c             5d3c        0     1                 $d
            718a             718a      5ec     1         build-hardware-probe/kernel/driver.o:(.debug_line)
            718a             718a        0     1                 $d
            7776             7776      2dd     1         build-hardware-probe/kernel/event.o:(.debug_line)
            7776             7776        0     1                 $d
            7a53             7a53      164     1         build-hardware-probe/kernel/exception.o:(.debug_line)
            7a53             7a53        0     1                 $d
            7bb7             7bb7      1e8     1         build-hardware-probe/kernel/fault.o:(.debug_line)
            7bb7             7bb7        0     1                 $d
            7d9f             7d9f      74b     1         build-hardware-probe/kernel/framebuffer_console.o:(.debug_line)
            7d9f             7d9f        0     1                 $d
            84ea             84ea      90b     1         build-hardware-probe/kernel/format.o:(.debug_line)
            84ea             84ea        0     1                 $d
            8df5             8df5      f63     1         build-hardware-probe/kernel/handoff.o:(.debug_line)
            8df5             8df5        0     1                 $d
            9d58             9d58      4fb     1         build-hardware-probe/kernel/hardware_probe.o:(.debug_line)
            9d58             9d58        0     1                 $d
            a253             a253      301     1         build-hardware-probe/kernel/hal_sim.o:(.debug_line)
            a253             a253        0     1                 $d
            a554             a554      35b     1         build-hardware-probe/kernel/interrupt.o:(.debug_line)
            a554             a554        0     1                 $d
            a8af             a8af      71b     1         build-hardware-probe/kernel/lifecycle.o:(.debug_line)
            a8af             a8af        0     1                 $d
            afca             afca      29a     1         build-hardware-probe/kernel/log.o:(.debug_line)
            afca             afca        0     1                 $d
            b264             b264      3cd     1         build-hardware-probe/kernel/main.o:(.debug_line)
            b264             b264        0     1                 $d
            b631             b631     13bd     1         build-hardware-probe/kernel/module.o:(.debug_line)
            b631             b631        0     1                 $d
            c9ee             c9ee      baa     1         build-hardware-probe/kernel/mmio.o:(.debug_line)
            c9ee             c9ee        0     1                 $d
            d598             d598      926     1         build-hardware-probe/kernel/physical_memory.o:(.debug_line)
            d598             d598        0     1                 $d
            debe             debe      886     1         build-hardware-probe/kernel/protocol.o:(.debug_line)
            debe             debe        0     1                 $d
            e744             e744      46e     1         build-hardware-probe/kernel/sha256.o:(.debug_line)
            e744             e744        0     1                 $d
            ebb2             ebb2      252     1         build-hardware-probe/kernel/service_guard.o:(.debug_line)
            ebb2             ebb2        0     1                 $d
            ee04             ee04      4c0     1         build-hardware-probe/kernel/service_registry.o:(.debug_line)
            ee04             ee04        0     1                 $d
            f2c4             f2c4      170     1         build-hardware-probe/kernel/stack_guard.o:(.debug_line)
            f2c4             f2c4        0     1                 $d
            f434             f434      35c     1         build-hardware-probe/kernel/string.o:(.debug_line)
            f434             f434        0     1                 $d
            f790             f790      3f3     1         build-hardware-probe/kernel/trace.o:(.debug_line)
            f790             f790        0     1                 $d
            fb83             fb83      2e4     1         build-hardware-probe/kernel/watchdog.o:(.debug_line)
            fb83             fb83        0     1                 $d
            fe67             fe67       d0     1         build-hardware-probe/modules/hello/hello.o:(.debug_line)
            fe67             fe67        0     1                 $d
            ff37             ff37      485     1         build-hardware-probe/platform/gic.o:(.debug_line)
            ff37             ff37        0     1                 $d
           103bc            103bc      9dc     1         build-hardware-probe/platform/generic_arm64/platform.o:(.debug_line)
           103bc            103bc        0     1                 $d
           10d98            10d98      25e     1         build-hardware-probe/platform/generic_arm64/timer.o:(.debug_line)
           10d98            10d98        0     1                 $d
           10ff6            10ff6       73     1         build-hardware-probe/arch/arm64/start.o:(.debug_line)
           10ff6            10ff6        0     1                 $d
           11069            11069       ef     1         build-hardware-probe/arch/arm64/vectors.o:(.debug_line)
           11069            11069        0     1                 $d
               0                0      541     1 .debug_line_str
               0                0      541     1         <internal>:(.debug_line_str)
               0                0       70     1 .debug_aranges
               0                0       30     1         build-hardware-probe/arch/arm64/start.o:(.debug_aranges)
               0                0        0     1                 $d
              30               30       40     1         build-hardware-probe/arch/arm64/vectors.o:(.debug_aranges)
              30               30        0     1                 $d
               0                0     9d50     8 .symtab
               0                0     9d50     8         <internal>:(.symtab)
               0                0      132     1 .shstrtab
               0                0      132     1         <internal>:(.shstrtab)
               0                0     36fd     1 .strtab
               0                0     36fd     1         <internal>:(.strtab)
