             VMA              LMA     Size Align Out     In      Symbol
               0                0 80000000     1 . = ORIGIN(RAM)
        80000000                0        0     1 __image_start = .
        80000000         80000000    22a70  4096 .text
        80000000         80000000       b0   128         build-hardware-probe/arch/arm64/start.o:(.text.boot)
        80000000         80000000        0     1                 $x
        80000000         80000000       b0     1                 _start
        80000004         80000004       ac     1                 fbr34ker_entry
        800000b0         800000b0       10     4         build-hardware-probe/arch/arm64/cpu.o:(.text.cpu_current_el)
        800000b0         800000b0        0     1                 $x
        800000b0         800000b0       10     1                 cpu_current_el
        800000c0         800000c0       60     4         build-hardware-probe/arch/arm64/cpu.o:(.text.cpu_read_system_registers)
        800000c0         800000c0        0     1                 $x
        800000c0         800000c0       60     1                 cpu_read_system_registers
        80000120         80000120        c     4         build-hardware-probe/arch/arm64/cpu.o:(.text.cpu_halt_forever)
        80000120         80000120        0     1                 $x
        80000120         80000120        c     1                 cpu_halt_forever
        8000012c         8000012c       c0     4         build-hardware-probe/kernel/allocator.o:(.text.allocator_init)
        8000012c         8000012c        0     1                 $x
        8000012c         8000012c       c0     1                 allocator_init
        800001ec         800001ec      24c     4         build-hardware-probe/kernel/allocator.o:(.text.allocator_alloc)
        800001ec         800001ec        0     1                 $x
        800001ec         800001ec      24c     1                 allocator_alloc
        80000438         80000438      2cc     4         build-hardware-probe/kernel/allocator.o:(.text.header_valid)
        80000438         80000438      2cc     1                 header_valid
        80000438         80000438        0     1                 $x
        80000704         80000704      1cc     4         build-hardware-probe/kernel/allocator.o:(.text.allocator_check)
        80000704         80000704        0     1                 $x
        80000704         80000704      1cc     1                 allocator_check
        800008d0         800008d0       18     4         build-hardware-probe/kernel/allocator.o:(.text.allocator_stats)
        800008d0         800008d0        0     1                 $x
        800008d0         800008d0       18     1                 allocator_stats
        800008e8         800008e8       10     4         build-hardware-probe/kernel/allocator.o:(.text.allocator_base)
        800008e8         800008e8        0     1                 $x
        800008e8         800008e8       10     1                 allocator_base
        800008f8         800008f8       10     4         build-hardware-probe/kernel/allocator.o:(.text.allocator_limit)
        800008f8         800008f8        0     1                 $x
        800008f8         800008f8       10     1                 allocator_limit
        80000908         80000908      188     4         build-hardware-probe/kernel/architecture.o:(.text.architecture_init)
        80000908         80000908        0     1                 $x
        80000908         80000908      188     1                 architecture_init
        80000a90         80000a90       10     4         build-hardware-probe/kernel/architecture.o:(.text.architecture_ready)
        80000a90         80000a90        0     1                 $x
        80000a90         80000a90       10     1                 architecture_ready
        80000aa0         80000aa0       64     4         build-hardware-probe/kernel/architecture.o:(.text.architecture_healthy)
        80000aa0         80000aa0        0     1                 $x
        80000aa0         80000aa0       64     1                 architecture_healthy
        80000b04         80000b04       14     4         build-hardware-probe/kernel/architecture.o:(.text.start_trace)
        80000b04         80000b04       14     1                 start_trace
        80000b04         80000b04        0     1                 $x
        80000b18         80000b18        4     4         build-hardware-probe/kernel/architecture.o:(.text.stop_trace)
        80000b18         80000b18        4     1                 stop_trace
        80000b18         80000b18        0     1                 $x
        80000b1c         80000b1c        4     4         build-hardware-probe/kernel/architecture.o:(.text.start_board_description)
        80000b1c         80000b1c        4     1                 start_board_description
        80000b1c         80000b1c        0     1                 $x
        80000b20         80000b20        4     4         build-hardware-probe/kernel/architecture.o:(.text.stop_board_description)
        80000b20         80000b20        4     1                 stop_board_description
        80000b20         80000b20        0     1                 $x
        80000b24         80000b24       38     4         build-hardware-probe/kernel/architecture.o:(.text.start_event_bus)
        80000b24         80000b24       38     1                 start_event_bus
        80000b24         80000b24        0     1                 $x
        80000b5c         80000b5c        4     4         build-hardware-probe/kernel/architecture.o:(.text.stop_event_bus)
        80000b5c         80000b5c        4     1                 stop_event_bus
        80000b5c         80000b5c        0     1                 $x
        80000b60         80000b60       d4     4         build-hardware-probe/kernel/architecture.o:(.text.start_mmio_manager)
        80000b60         80000b60       d4     1                 start_mmio_manager
        80000b60         80000b60        0     1                 $x
        80000c34         80000c34        4     4         build-hardware-probe/kernel/architecture.o:(.text.stop_mmio_manager)
        80000c34         80000c34        4     1                 stop_mmio_manager
        80000c34         80000c34        0     1                 $x
        80000c38         80000c38       14     4         build-hardware-probe/kernel/architecture.o:(.text.start_service_registry)
        80000c38         80000c38       14     1                 start_service_registry
        80000c38         80000c38        0     1                 $x
        80000c4c         80000c4c        4     4         build-hardware-probe/kernel/architecture.o:(.text.stop_service_registry)
        80000c4c         80000c4c        4     1                 stop_service_registry
        80000c4c         80000c4c        0     1                 $x
        80000c50         80000c50       14     4         build-hardware-probe/kernel/architecture.o:(.text.start_physical_memory)
        80000c50         80000c50       14     1                 start_physical_memory
        80000c50         80000c50        0     1                 $x
        80000c64         80000c64        4     4         build-hardware-probe/kernel/architecture.o:(.text.stop_physical_memory)
        80000c64         80000c64        4     1                 stop_physical_memory
        80000c64         80000c64        0     1                 $x
        80000c68         80000c68       14     4         build-hardware-probe/kernel/architecture.o:(.text.start_driver_manager)
        80000c68         80000c68       14     1                 start_driver_manager
        80000c68         80000c68        0     1                 $x
        80000c7c         80000c7c        4     4         build-hardware-probe/kernel/architecture.o:(.text.stop_driver_manager)
        80000c7c         80000c7c        4     1                 stop_driver_manager
        80000c7c         80000c7c        0     1                 $x
        80000c80         80000c80      18c     4         build-hardware-probe/kernel/architecture.o:(.text.start_platform_catalog)
        80000c80         80000c80      18c     1                 start_platform_catalog
        80000c80         80000c80        0     1                 $x
        80000e0c         80000e0c        4     4         build-hardware-probe/kernel/architecture.o:(.text.stop_platform_catalog)
        80000e0c         80000e0c        4     1                 stop_platform_catalog
        80000e0c         80000e0c        0     1                 $x
        80000e10         80000e10        8     4         build-hardware-probe/kernel/architecture.o:(.text.start_bringup_report)
        80000e10         80000e10        8     1                 start_bringup_report
        80000e10         80000e10        0     1                 $x
        80000e18         80000e18        4     4         build-hardware-probe/kernel/architecture.o:(.text.stop_bringup_report)
        80000e18         80000e18        4     1                 stop_bringup_report
        80000e18         80000e18        0     1                 $x
        80000e1c         80000e1c       44     4         build-hardware-probe/kernel/architecture.o:(.text.trace_event)
        80000e1c         80000e1c       44     1                 trace_event
        80000e1c         80000e1c        0     1                 $x
        80000e60         80000e60        8     4         build-hardware-probe/kernel/architecture.o:(.text.always_start)
        80000e60         80000e60        8     1                 always_start
        80000e60         80000e60        0     1                 $x
        80000e68         80000e68      83c     4         build-hardware-probe/kernel/board.o:(.text.board_init)
        80000e68         80000e68        0     1                 $x
        80000e68         80000e68      83c     1                 board_init
        800016a4         800016a4       3c     4         build-hardware-probe/kernel/board.o:(.text.board_shutdown)
        800016a4         800016a4        0     1                 $x
        800016a4         800016a4       3c     1                 board_shutdown
        800016e0         800016e0       10     4         build-hardware-probe/kernel/board.o:(.text.board_ready)
        800016e0         800016e0        0     1                 $x
        800016e0         800016e0       10     1                 board_ready
        800016f0         800016f0       90     4         build-hardware-probe/kernel/board.o:(.text.board_healthy)
        800016f0         800016f0        0     1                 $x
        800016f0         800016f0       90     1                 board_healthy
        80001780         80001780       20     4         build-hardware-probe/kernel/board.o:(.text.board_active)
        80001780         80001780        0     1                 $x
        80001780         80001780       20     1                 board_active
        800017a0         800017a0       2c     4         build-hardware-probe/kernel/board.o:(.text.board_source_name)
        800017a0         800017a0        0     1                 $x
        800017a0         800017a0       2c     1                 board_source_name
        800017cc         800017cc       2c     4         build-hardware-probe/kernel/board.o:(.text.board_device_type_name)
        800017cc         800017cc        0     1                 $x
        800017cc         800017cc       2c     1                 board_device_type_name
        800017f8         800017f8      194     4         build-hardware-probe/kernel/board.o:(.text.board_add_device)
        800017f8         800017f8        0     1                 $x
        800017f8         800017f8      194     1                 board_add_device
        8000198c         8000198c      27c     4         build-hardware-probe/kernel/board.o:(.text.board_export_json)
        8000198c         8000198c        0     1                 $x
        8000198c         8000198c      27c     1                 board_export_json
        80001c08         80001c08       f0     4         build-hardware-probe/kernel/board.o:(.text.append)
        80001c08         80001c08       f0     1                 append
        80001c08         80001c08        0     1                 $x
        80001cf8         80001cf8      1e0     4         build-hardware-probe/kernel/board.o:(.text.add_dtb_device)
        80001cf8         80001cf8      1e0     1                 add_dtb_device
        80001cf8         80001cf8        0     1                 $x
        80001ed8         80001ed8      16c     4         build-hardware-probe/kernel/boot_evidence.o:(.text.boot_evidence_init)
        80001ed8         80001ed8        0     1                 $x
        80001ed8         80001ed8      16c     1                 boot_evidence_init
        80002044         80002044      11c     4         build-hardware-probe/kernel/boot_evidence.o:(.text.boot_evidence_stage)
        80002044         80002044        0     1                 $x
        80002044         80002044      11c     1                 boot_evidence_stage
        80002160         80002160      114     4         build-hardware-probe/kernel/boot_evidence.o:(.text.boot_evidence_error)
        80002160         80002160        0     1                 $x
        80002160         80002160      114     1                 boot_evidence_error
        80002274         80002274      10c     4         build-hardware-probe/kernel/boot_evidence.o:(.text.boot_evidence_clean_shutdown)
        80002274         80002274        0     1                 $x
        80002274         80002274      10c     1                 boot_evidence_clean_shutdown
        80002380         80002380       c4     4         build-hardware-probe/kernel/boot_evidence.o:(.text.boot_evidence_record)
        80002380         80002380        0     1                 $x
        80002380         80002380       c4     1                 boot_evidence_record
        80002444         80002444       2c     4         build-hardware-probe/kernel/boot_evidence.o:(.text.boot_stage_name)
        80002444         80002444        0     1                 $x
        80002444         80002444       2c     1                 boot_stage_name
        80002470         80002470      1c0     4         build-hardware-probe/kernel/boot_evidence.o:(.text.boot_evidence_export_json)
        80002470         80002470        0     1                 $x
        80002470         80002470      1c0     1                 boot_evidence_export_json
        80002630         80002630       34     4         build-hardware-probe/kernel/bringup_report.o:(.text.bringup_report_init)
        80002630         80002630        0     1                 $x
        80002630         80002630       34     1                 bringup_report_init
        80002664         80002664      b78     4         build-hardware-probe/kernel/bringup_report.o:(.text.bringup_report_run)
        80002664         80002664        0     1                 $x
        80002664         80002664      b78     1                 bringup_report_run
        800031dc         800031dc       10     4         build-hardware-probe/kernel/bringup_report.o:(.text.bringup_report_count)
        800031dc         800031dc        0     1                 $x
        800031dc         800031dc       10     1                 bringup_report_count
        800031ec         800031ec       68     4         build-hardware-probe/kernel/bringup_report.o:(.text.bringup_report_at)
        800031ec         800031ec        0     1                 $x
        800031ec         800031ec       68     1                 bringup_report_at
        80003254         80003254       18     4         build-hardware-probe/kernel/bringup_report.o:(.text.bringup_report_summary)
        80003254         80003254        0     1                 $x
        80003254         80003254       18     1                 bringup_report_summary
        8000326c         8000326c       2c     4         build-hardware-probe/kernel/bringup_report.o:(.text.bringup_status_name)
        8000326c         8000326c        0     1                 $x
        8000326c         8000326c       2c     1                 bringup_status_name
        80003298         80003298      21c     4         build-hardware-probe/kernel/bringup_report.o:(.text.bringup_report_export_json)
        80003298         80003298        0     1                 $x
        80003298         80003298      21c     1                 bringup_report_export_json
        800034b4         800034b4       f0     4         build-hardware-probe/kernel/bringup_report.o:(.text.append)
        800034b4         800034b4       f0     1                 append
        800034b4         800034b4        0     1                 $x
        800035a4         800035a4        c     4         build-hardware-probe/kernel/build_info.o:(.text.fbr34ker_build_info)
        800035a4         800035a4        0     1                 $x
        800035a4         800035a4        c     1                 fbr34ker_build_info
        800035b0         800035b0       5c     4         build-hardware-probe/kernel/bringup.o:(.text.bringup_init)
        800035b0         800035b0        0     1                 $x
        800035b0         800035b0       5c     1                 bringup_init
        8000360c         8000360c       10     4         build-hardware-probe/kernel/bringup.o:(.text.bringup_restricted)
        8000360c         8000360c        0     1                 $x
        8000360c         8000360c       10     1                 bringup_restricted
        8000361c         8000361c       2c     4         build-hardware-probe/kernel/bringup.o:(.text.bringup_enter)
        8000361c         8000361c        0     1                 $x
        8000361c         8000361c       2c     1                 bringup_enter
        80003648         80003648       4c     4         build-hardware-probe/kernel/bringup.o:(.text.bringup_exit)
        80003648         80003648        0     1                 $x
        80003648         80003648       4c     1                 bringup_exit
        80003694         80003694       90     4         build-hardware-probe/kernel/bringup.o:(.text.bringup_command_allowed)
        80003694         80003694        0     1                 $x
        80003694         80003694       90     1                 bringup_command_allowed
        80003724         80003724       50     4         build-hardware-probe/kernel/bringup.o:(.text.bringup_mode_name)
        80003724         80003724        0     1                 $x
        80003724         80003724       50     1                 bringup_mode_name
        80003774         80003774       74     4         build-hardware-probe/kernel/command.o:(.text.shell_command_name_reserved)
        80003774         80003774        0     1                 $x
        80003774         80003774       74     1                 shell_command_name_reserved
        800037e8         800037e8       24     4         build-hardware-probe/kernel/command.o:(.text.shell_init)
        800037e8         800037e8        0     1                 $x
        800037e8         800037e8       24     1                 shell_init
        8000380c         8000380c      214     4         build-hardware-probe/kernel/command.o:(.text.shell_execute_line)
        8000380c         8000380c        0     1                 $x
        8000380c         8000380c      214     1                 shell_execute_line
        80003a20         80003a20      17c     4         build-hardware-probe/kernel/command.o:(.text.shell_run)
        80003a20         80003a20        0     1                 $x
        80003a20         80003a20      17c     1                 shell_run
        80003b9c         80003b9c       90     4         build-hardware-probe/kernel/command.o:(.text.command_help)
        80003b9c         80003b9c       90     1                 command_help
        80003b9c         80003b9c        0     1                 $x
        80003c2c         80003c2c      13c     4         build-hardware-probe/kernel/command.o:(.text.command_version)
        80003c2c         80003c2c      13c     1                 command_version
        80003c2c         80003c2c        0     1                 $x
        80003d68         80003d68      124     4         build-hardware-probe/kernel/command.o:(.text.command_architecture)
        80003d68         80003d68      124     1                 command_architecture
        80003d68         80003d68        0     1                 $x
        80003e8c         80003e8c      228     4         build-hardware-probe/kernel/command.o:(.text.command_board_info)
        80003e8c         80003e8c      228     1                 command_board_info
        80003e8c         80003e8c        0     1                 $x
        800040b4         800040b4       9c     4         build-hardware-probe/kernel/command.o:(.text.command_board_json)
        800040b4         800040b4       9c     1                 command_board_json
        800040b4         800040b4        0     1                 $x
        80004150         80004150      198     4         build-hardware-probe/kernel/command.o:(.text.command_mmio_map)
        80004150         80004150      198     1                 command_mmio_map
        80004150         80004150        0     1                 $x
        800042e8         800042e8      1d0     4         build-hardware-probe/kernel/command.o:(.text.command_physical_memory)
        800042e8         800042e8      1d0     1                 command_physical_memory
        800042e8         800042e8        0     1                 $x
        800044b8         800044b8      170     4         build-hardware-probe/kernel/command.o:(.text.command_bringup_report_show)
        800044b8         800044b8      170     1                 command_bringup_report_show
        800044b8         800044b8        0     1                 $x
        80004628         80004628       a4     4         build-hardware-probe/kernel/command.o:(.text.command_bringup_report_json)
        80004628         80004628       a4     1                 command_bringup_report_json
        80004628         80004628        0     1                 $x
        800046cc         800046cc       e4     4         build-hardware-probe/kernel/command.o:(.text.command_boot_evidence_show)
        800046cc         800046cc       e4     1                 command_boot_evidence_show
        800046cc         800046cc        0     1                 $x
        800047b0         800047b0       94     4         build-hardware-probe/kernel/command.o:(.text.command_boot_evidence_json)
        800047b0         800047b0       94     1                 command_boot_evidence_json
        800047b0         800047b0        0     1                 $x
        80004844         80004844      134     4         build-hardware-probe/kernel/command.o:(.text.command_components)
        80004844         80004844      134     1                 command_components
        80004844         80004844        0     1                 $x
        80004978         80004978       f0     4         build-hardware-probe/kernel/command.o:(.text.command_service_registry)
        80004978         80004978       f0     1                 command_service_registry
        80004978         80004978        0     1                 $x
        80004a68         80004a68      138     4         build-hardware-probe/kernel/command.o:(.text.command_drivers)
        80004a68         80004a68      138     1                 command_drivers
        80004a68         80004a68        0     1                 $x
        80004ba0         80004ba0      110     4         build-hardware-probe/kernel/command.o:(.text.command_events)
        80004ba0         80004ba0      110     1                 command_events
        80004ba0         80004ba0        0     1                 $x
        80004cb0         80004cb0      120     4         build-hardware-probe/kernel/command.o:(.text.command_trace)
        80004cb0         80004cb0      120     1                 command_trace
        80004cb0         80004cb0        0     1                 $x
        80004dd0         80004dd0       9c     4         build-hardware-probe/kernel/command.o:(.text.command_trace_json)
        80004dd0         80004dd0       9c     1                 command_trace_json
        80004dd0         80004dd0        0     1                 $x
        80004e6c         80004e6c      11c     4         build-hardware-probe/kernel/command.o:(.text.command_fault_status)
        80004e6c         80004e6c      11c     1                 command_fault_status
        80004e6c         80004e6c        0     1                 $x
        80004f88         80004f88       bc     4         build-hardware-probe/kernel/command.o:(.text.command_info)
        80004f88         80004f88       bc     1                 command_info
        80004f88         80004f88        0     1                 $x
        80005044         80005044       2c     4         build-hardware-probe/kernel/command.o:(.text.command_exception_level)
        80005044         80005044       2c     1                 command_exception_level
        80005044         80005044        0     1                 $x
        80005070         80005070       f4     4         build-hardware-probe/kernel/command.o:(.text.command_system_registers)
        80005070         80005070       f4     1                 command_system_registers
        80005070         80005070        0     1                 $x
        80005164         80005164       3c     4         build-hardware-probe/kernel/command.o:(.text.command_timer_frequency)
        80005164         80005164       3c     1                 command_timer_frequency
        80005164         80005164        0     1                 $x
        800051a0         800051a0      4c4     4         build-hardware-probe/kernel/command.o:(.text.command_handoff)
        800051a0         800051a0      4c4     1                 command_handoff
        800051a0         800051a0        0     1                 $x
        80005664         80005664      2a0     4         build-hardware-probe/kernel/command.o:(.text.command_boot_modules)
        80005664         80005664      2a0     1                 command_boot_modules
        80005664         80005664        0     1                 $x
        80005904         80005904      164     4         build-hardware-probe/kernel/command.o:(.text.command_probe_status)
        80005904         80005904      164     1                 command_probe_status
        80005904         80005904        0     1                 $x
        80005a68         80005a68      214     4         build-hardware-probe/kernel/command.o:(.text.command_probe_validate)
        80005a68         80005a68      214     1                 command_probe_validate
        80005a68         80005a68        0     1                 $x
        80005c7c         80005c7c      178     4         build-hardware-probe/kernel/command.o:(.text.command_compatibility)
        80005c7c         80005c7c      178     1                 command_compatibility
        80005c7c         80005c7c        0     1                 $x
        80005df4         80005df4       4c     4         build-hardware-probe/kernel/command.o:(.text.command_bringup_status)
        80005df4         80005df4       4c     1                 command_bringup_status
        80005df4         80005df4        0     1                 $x
        80005e40         80005e40       24     4         build-hardware-probe/kernel/command.o:(.text.command_bringup_enter)
        80005e40         80005e40       24     1                 command_bringup_enter
        80005e40         80005e40        0     1                 $x
        80005e64         80005e64       80     4         build-hardware-probe/kernel/command.o:(.text.command_bringup_exit)
        80005e64         80005e64       80     1                 command_bringup_exit
        80005e64         80005e64        0     1                 $x
        80005ee4         80005ee4       3c     4         build-hardware-probe/kernel/command.o:(.text.command_console_test)
        80005ee4         80005ee4       3c     1                 command_console_test
        80005ee4         80005ee4        0     1                 $x
        80005f20         80005f20       b8     4         build-hardware-probe/kernel/command.o:(.text.command_console_history)
        80005f20         80005f20       b8     1                 command_console_history
        80005f20         80005f20        0     1                 $x
        80005fd8         80005fd8      100     4         build-hardware-probe/kernel/command.o:(.text.command_console_transports)
        80005fd8         80005fd8      100     1                 command_console_transports
        80005fd8         80005fd8        0     1                 $x
        800060d8         800060d8       c4     4         build-hardware-probe/kernel/command.o:(.text.command_console_semihosting)
        800060d8         800060d8       c4     1                 command_console_semihosting
        800060d8         800060d8        0     1                 $x
        8000619c         8000619c      260     4         build-hardware-probe/kernel/command.o:(.text.command_timer_test)
        8000619c         8000619c      260     1                 command_timer_test
        8000619c         8000619c        0     1                 $x
        800063fc         800063fc      1c0     4         build-hardware-probe/kernel/command.o:(.text.command_memory_check)
        800063fc         800063fc      1c0     1                 command_memory_check
        800063fc         800063fc        0     1                 $x
        800065bc         800065bc       58     4         build-hardware-probe/kernel/command.o:(.text.command_uptime)
        800065bc         800065bc       58     1                 command_uptime
        800065bc         800065bc        0     1                 $x
        80006614         80006614      100     4         build-hardware-probe/kernel/command.o:(.text.command_regions)
        80006614         80006614      100     1                 command_regions
        80006614         80006614        0     1                 $x
        80006714         80006714       d4     4         build-hardware-probe/kernel/command.o:(.text.command_heap)
        80006714         80006714       d4     1                 command_heap
        80006714         80006714        0     1                 $x
        800067e8         800067e8       18     4         build-hardware-probe/kernel/command.o:(.text.command_log)
        800067e8         800067e8       18     1                 command_log
        800067e8         800067e8        0     1                 $x
        80006800         80006800       b0     4         build-hardware-probe/kernel/command.o:(.text.command_dt_info)
        80006800         80006800       b0     1                 command_dt_info
        80006800         80006800        0     1                 $x
        800068b0         800068b0       60     4         build-hardware-probe/kernel/command.o:(.text.command_dt_node)
        800068b0         800068b0       60     1                 command_dt_node
        800068b0         800068b0        0     1                 $x
        80006910         80006910       5c     4         build-hardware-probe/kernel/command.o:(.text.command_dt_find)
        80006910         80006910       5c     1                 command_dt_find
        80006910         80006910        0     1                 $x
        8000696c         8000696c       44     4         build-hardware-probe/kernel/command.o:(.text.command_dt_property)
        8000696c         8000696c       44     1                 command_dt_property
        8000696c         8000696c        0     1                 $x
        800069b0         800069b0       5c     4         build-hardware-probe/kernel/command.o:(.text.command_dt_compatible)
        800069b0         800069b0       5c     1                 command_dt_compatible
        800069b0         800069b0        0     1                 $x
        80006a0c         80006a0c      1c8     4         build-hardware-probe/kernel/command.o:(.text.command_dt_reg)
        80006a0c         80006a0c      1c8     1                 command_dt_reg
        80006a0c         80006a0c        0     1                 $x
        80006bd4         80006bd4       a4     4         build-hardware-probe/kernel/command.o:(.text.command_dt_alias)
        80006bd4         80006bd4       a4     1                 command_dt_alias
        80006bd4         80006bd4        0     1                 $x
        80006c78         80006c78       88     4         build-hardware-probe/kernel/command.o:(.text.command_dt_stdout)
        80006c78         80006c78       88     1                 command_dt_stdout
        80006c78         80006c78        0     1                 $x
        80006d00         80006d00      128     4         build-hardware-probe/kernel/command.o:(.text.command_dt_cells)
        80006d00         80006d00      128     1                 command_dt_cells
        80006d00         80006d00        0     1                 $x
        80006e28         80006e28       ac     4         build-hardware-probe/kernel/command.o:(.text.command_dt_clock)
        80006e28         80006e28       ac     1                 command_dt_clock
        80006e28         80006e28        0     1                 $x
        80006ed4         80006ed4      130     4         build-hardware-probe/kernel/command.o:(.text.command_dt_interrupts)
        80006ed4         80006ed4      130     1                 command_dt_interrupts
        80006ed4         80006ed4        0     1                 $x
        80007004         80007004      130     4         build-hardware-probe/kernel/command.o:(.text.command_dt_clocks)
        80007004         80007004      130     1                 command_dt_clocks
        80007004         80007004        0     1                 $x
        80007134         80007134      1ac     4         build-hardware-probe/kernel/command.o:(.text.command_platform_features)
        80007134         80007134      1ac     1                 command_platform_features
        80007134         80007134        0     1                 $x
        800072e0         800072e0       f4     4         build-hardware-probe/kernel/command.o:(.text.command_service_health)
        800072e0         800072e0       f4     1                 command_service_health
        800072e0         800072e0        0     1                 $x
        800073d4         800073d4      11c     4         build-hardware-probe/kernel/command.o:(.text.command_display_info)
        800073d4         800073d4      11c     1                 command_display_info
        800073d4         800073d4        0     1                 $x
        800074f0         800074f0      178     4         build-hardware-probe/kernel/command.o:(.text.command_display_clear)
        800074f0         800074f0      178     1                 command_display_clear
        800074f0         800074f0        0     1                 $x
        80007668         80007668      198     4         build-hardware-probe/kernel/command.o:(.text.command_display_console)
        80007668         80007668      198     1                 command_display_console
        80007668         80007668        0     1                 $x
        80007800         80007800      114     4         build-hardware-probe/kernel/command.o:(.text.command_display_test)
        80007800         80007800      114     1                 command_display_test
        80007800         80007800        0     1                 $x
        80007914         80007914       d4     4         build-hardware-probe/kernel/command.o:(.text.command_irq_info)
        80007914         80007914       d4     1                 command_irq_info
        80007914         80007914        0     1                 $x
        800079e8         800079e8      194     4         build-hardware-probe/kernel/command.o:(.text.command_irq_test)
        800079e8         800079e8      194     1                 command_irq_test
        800079e8         800079e8        0     1                 $x
        80007b7c         80007b7c       68     4         build-hardware-probe/kernel/command.o:(.text.command_irq_enable)
        80007b7c         80007b7c       68     1                 command_irq_enable
        80007b7c         80007b7c        0     1                 $x
        80007be4         80007be4       4c     4         build-hardware-probe/kernel/command.o:(.text.command_irq_disable)
        80007be4         80007be4       4c     1                 command_irq_disable
        80007be4         80007be4        0     1                 $x
        80007c30         80007c30       90     4         build-hardware-probe/kernel/command.o:(.text.command_irq_selftest)
        80007c30         80007c30       90     1                 command_irq_selftest
        80007c30         80007c30        0     1                 $x
        80007cc0         80007cc0      138     4         build-hardware-probe/kernel/command.o:(.text.command_platform_selftest)
        80007cc0         80007cc0      138     1                 command_platform_selftest
        80007cc0         80007cc0        0     1                 $x
        80007df8         80007df8       c8     4         build-hardware-probe/kernel/command.o:(.text.command_watchdog_info)
        80007df8         80007df8       c8     1                 command_watchdog_info
        80007df8         80007df8        0     1                 $x
        80007ec0         80007ec0      15c     4         build-hardware-probe/kernel/command.o:(.text.command_watchdog_arm)
        80007ec0         80007ec0      15c     1                 command_watchdog_arm
        80007ec0         80007ec0        0     1                 $x
        8000801c         8000801c       64     4         build-hardware-probe/kernel/command.o:(.text.command_watchdog_pet)
        8000801c         8000801c       64     1                 command_watchdog_pet
        8000801c         8000801c        0     1                 $x
        80008080         80008080       64     4         build-hardware-probe/kernel/command.o:(.text.command_watchdog_disarm)
        80008080         80008080       64     1                 command_watchdog_disarm
        80008080         80008080        0     1                 $x
        800080e4         800080e4       6c     4         build-hardware-probe/kernel/command.o:(.text.command_watchdog_test)
        800080e4         800080e4       6c     1                 command_watchdog_test
        800080e4         800080e4        0     1                 $x
        80008150         80008150      150     4         build-hardware-probe/kernel/command.o:(.text.command_module_policy)
        80008150         80008150      150     1                 command_module_policy
        80008150         80008150        0     1                 $x
        800082a0         800082a0       24     4         build-hardware-probe/kernel/command.o:(.text.command_crash_show)
        800082a0         800082a0       24     1                 command_crash_show
        800082a0         800082a0        0     1                 $x
        800082c4         800082c4       24     4         build-hardware-probe/kernel/command.o:(.text.command_crash_clear)
        800082c4         800082c4       24     1                 command_crash_clear
        800082c4         800082c4        0     1                 $x
        800082e8         800082e8       80     4         build-hardware-probe/kernel/command.o:(.text.command_crash_json)
        800082e8         800082e8       80     1                 command_crash_json
        800082e8         800082e8        0     1                 $x
        80008368         80008368       c8     4         build-hardware-probe/kernel/command.o:(.text.command_health)
        80008368         80008368       c8     1                 command_health
        80008368         80008368        0     1                 $x
        80008430         80008430      204     4         build-hardware-probe/kernel/command.o:(.text.command_modules)
        80008430         80008430      204     1                 command_modules
        80008430         80008430        0     1                 $x
        80008634         80008634      2b0     4         build-hardware-probe/kernel/command.o:(.text.command_module_info)
        80008634         80008634      2b0     1                 command_module_info
        80008634         80008634        0     1                 $x
        800088e4         800088e4      23c     4         build-hardware-probe/kernel/command.o:(.text.command_module_load)
        800088e4         800088e4      23c     1                 command_module_load
        800088e4         800088e4        0     1                 $x
        80008b20         80008b20       68     4         build-hardware-probe/kernel/command.o:(.text.command_module_run)
        80008b20         80008b20       68     1                 command_module_run
        80008b20         80008b20        0     1                 $x
        80008b88         80008b88       68     4         build-hardware-probe/kernel/command.o:(.text.command_module_unload)
        80008b88         80008b88       68     1                 command_module_unload
        80008b88         80008b88        0     1                 $x
        80008bf0         80008bf0       70     4         build-hardware-probe/kernel/command.o:(.text.command_echo)
        80008bf0         80008bf0       70     1                 command_echo
        80008bf0         80008bf0        0     1                 $x
        80008c60         80008c60       20     4         build-hardware-probe/kernel/command.o:(.text.command_clear)
        80008c60         80008c60       20     1                 command_clear
        80008c60         80008c60        0     1                 $x
        80008c80         80008c80       54     4         build-hardware-probe/kernel/command.o:(.text.command_reboot)
        80008c80         80008c80       54     1                 command_reboot
        80008c80         80008c80        0     1                 $x
        80008cd4         80008cd4       54     4         build-hardware-probe/kernel/command.o:(.text.command_halt)
        80008cd4         80008cd4       54     1                 command_halt
        80008cd4         80008cd4        0     1                 $x
        80008d28         80008d28      254     4         build-hardware-probe/kernel/command.o:(.text.command_kernel_patches)
        80008d28         80008d28      254     1                 command_kernel_patches
        80008d28         80008d28        0     1                 $x
        80008f7c         80008f7c      288     4         build-hardware-probe/kernel/command.o:(.text.command_secure_boot_bypass)
        80008f7c         80008f7c      288     1                 command_secure_boot_bypass
        80008f7c         80008f7c        0     1                 $x
        80009204         80009204      288     4         build-hardware-probe/kernel/command.o:(.text.command_persistence)
        80009204         80009204      288     1                 command_persistence
        80009204         80009204        0     1                 $x
        8000948c         8000948c      8ec     4         build-hardware-probe/kernel/command.o:(.text.command_exploit_chain)
        8000948c         8000948c      8ec     1                 command_exploit_chain
        8000948c         8000948c        0     1                 $x
        80009d78         80009d78      244     4         build-hardware-probe/kernel/command.o:(.text.command_exploit_status)
        80009d78         80009d78      244     1                 command_exploit_status
        80009d78         80009d78        0     1                 $x
        80009fbc         80009fbc      104     4         build-hardware-probe/kernel/command.o:(.text.parse_u64)
        80009fbc         80009fbc      104     1                 parse_u64
        80009fbc         80009fbc        0     1                 $x
        8000a0c0         8000a0c0       40     4         build-hardware-probe/kernel/console.o:(.text.console_init)
        8000a0c0         8000a0c0        0     1                 $x
        8000a0c0         8000a0c0       40     1                 console_init
        8000a100         8000a100      134     4         build-hardware-probe/kernel/console.o:(.text.console_putc)
        8000a100         8000a100        0     1                 $x
        8000a100         8000a100      134     1                 console_putc
        8000a234         8000a234       40     4         build-hardware-probe/kernel/console.o:(.text.console_write)
        8000a234         8000a234        0     1                 $x
        8000a234         8000a234       40     1                 console_write
        8000a274         8000a274       40     4         build-hardware-probe/kernel/console.o:(.text.console_write_n)
        8000a274         8000a274        0     1                 $x
        8000a274         8000a274       40     1                 console_write_n
        8000a2b4         8000a2b4        4     4         build-hardware-probe/kernel/console.o:(.text.console_getc_nonblocking)
        8000a2b4         8000a2b4        0     1                 $x
        8000a2b4         8000a2b4        4     1                 console_getc_nonblocking
        8000a2b8         8000a2b8       44     4         build-hardware-probe/kernel/console.o:(.text.console_capture_begin)
        8000a2b8         8000a2b8        0     1                 $x
        8000a2b8         8000a2b8       44     1                 console_capture_begin
        8000a2fc         8000a2fc       60     4         build-hardware-probe/kernel/console.o:(.text.console_capture_end)
        8000a2fc         8000a2fc        0     1                 $x
        8000a2fc         8000a2fc       60     1                 console_capture_end
        8000a35c         8000a35c      10c     4         build-hardware-probe/kernel/console.o:(.text.console_history_copy)
        8000a35c         8000a35c        0     1                 $x
        8000a35c         8000a35c      10c     1                 console_history_copy
        8000a468         8000a468       34     4         build-hardware-probe/kernel/console.o:(.text.console_history_stats)
        8000a468         8000a468        0     1                 $x
        8000a468         8000a468       34     1                 console_history_stats
        8000a49c         8000a49c       48     4         build-hardware-probe/kernel/console.o:(.text.console_semihosting_set)
        8000a49c         8000a49c        0     1                 $x
        8000a49c         8000a49c       48     1                 console_semihosting_set
        8000a4e4         8000a4e4       10     4         build-hardware-probe/kernel/console.o:(.text.console_semihosting_enabled)
        8000a4e4         8000a4e4        0     1                 $x
        8000a4e4         8000a4e4       10     1                 console_semihosting_enabled
        8000a4f4         8000a4f4       e0     4         build-hardware-probe/kernel/crash.o:(.text.crash_init)
        8000a4f4         8000a4f4        0     1                 $x
        8000a4f4         8000a4f4       e0     1                 crash_init
        8000a5d4         8000a5d4       c8     4         build-hardware-probe/kernel/crash.o:(.text.crash_available)
        8000a5d4         8000a5d4        0     1                 $x
        8000a5d4         8000a5d4       c8     1                 crash_available
        8000a69c         8000a69c      22c     4         build-hardware-probe/kernel/crash.o:(.text.crash_capture)
        8000a69c         8000a69c        0     1                 $x
        8000a69c         8000a69c      22c     1                 crash_capture
        8000a8c8         8000a8c8      3b0     4         build-hardware-probe/kernel/crash.o:(.text.crash_export_text)
        8000a8c8         8000a8c8        0     1                 $x
        8000a8c8         8000a8c8      3b0     1                 crash_export_text
        8000ac78         8000ac78       f0     4         build-hardware-probe/kernel/crash.o:(.text.append)
        8000ac78         8000ac78       f0     1                 append
        8000ac78         8000ac78        0     1                 $x
        8000ad68         8000ad68      28c     4         build-hardware-probe/kernel/crash.o:(.text.crash_export_json)
        8000ad68         8000ad68        0     1                 $x
        8000ad68         8000ad68      28c     1                 crash_export_json
        8000aff4         8000aff4       78     4         build-hardware-probe/kernel/crash.o:(.text.crash_print)
        8000aff4         8000aff4        0     1                 $x
        8000aff4         8000aff4       78     1                 crash_print
        8000b06c         8000b06c       14     4         build-hardware-probe/kernel/crash.o:(.text.crash_clear)
        8000b06c         8000b06c        0     1                 $x
        8000b06c         8000b06c       14     1                 crash_clear
        8000b080         8000b080        8     4         build-hardware-probe/kernel/crc32.o:(.text.crc32_begin)
        8000b080         8000b080        0     1                 $x
        8000b080         8000b080        8     1                 crc32_begin
        8000b088         8000b088       dc     4         build-hardware-probe/kernel/crc32.o:(.text.crc32_update)
        8000b088         8000b088        0     1                 $x
        8000b088         8000b088       dc     1                 crc32_update
        8000b164         8000b164        8     4         build-hardware-probe/kernel/crc32.o:(.text.crc32_finish)
        8000b164         8000b164        0     1                 $x
        8000b164         8000b164        8     1                 crc32_finish
        8000b16c         8000b16c       f0     4         build-hardware-probe/kernel/crc32.o:(.text.crc32_compute)
        8000b16c         8000b16c        0     1                 $x
        8000b16c         8000b16c       f0     1                 crc32_compute
        8000b25c         8000b25c      2c4     4         build-hardware-probe/kernel/device_tree.o:(.text.device_tree_looks_valid)
        8000b25c         8000b25c        0     1                 $x
        8000b25c         8000b25c      2c4     1                 device_tree_looks_valid
        8000b520         8000b520      11c     4         build-hardware-probe/kernel/device_tree.o:(.text.reservation_map_valid)
        8000b520         8000b520      11c     1                 reservation_map_valid
        8000b520         8000b520        0     1                 $x
        8000b63c         8000b63c       18     4         build-hardware-probe/kernel/device_tree.o:(.text.device_tree_valid)
        8000b63c         8000b63c        0     1                 $x
        8000b63c         8000b63c       18     1                 device_tree_valid
        8000b654         8000b654       10     4         build-hardware-probe/kernel/device_tree.o:(.text.device_tree_blob)
        8000b654         8000b654        0     1                 $x
        8000b654         8000b654       10     1                 device_tree_blob
        8000b664         8000b664       10     4         build-hardware-probe/kernel/device_tree.o:(.text.device_tree_size)
        8000b664         8000b664        0     1                 $x
        8000b664         8000b664       10     1                 device_tree_size
        8000b674         8000b674      378     4         build-hardware-probe/kernel/device_tree.o:(.text.device_tree_init)
        8000b674         8000b674        0     1                 $x
        8000b674         8000b674      378     1                 device_tree_init
        8000b9ec         8000b9ec      140     4         build-hardware-probe/kernel/device_tree.o:(.text.device_tree_summary)
        8000b9ec         8000b9ec        0     1                 $x
        8000b9ec         8000b9ec      140     1                 device_tree_summary
        8000bb2c         8000bb2c      308     4         build-hardware-probe/kernel/device_tree.o:(.text.walk_next)
        8000bb2c         8000bb2c      308     1                 walk_next
        8000bb2c         8000bb2c        0     1                 $x
        8000be34         8000be34      12c     4         build-hardware-probe/kernel/device_tree.o:(.text.device_tree_has_node)
        8000be34         8000be34        0     1                 $x
        8000be34         8000be34      12c     1                 device_tree_has_node
        8000bf60         8000bf60      194     4         build-hardware-probe/kernel/device_tree.o:(.text.find_property)
        8000bf60         8000bf60      194     1                 find_property
        8000bf60         8000bf60        0     1                 $x
        8000c0f4         8000c0f4       bc     4         build-hardware-probe/kernel/device_tree.o:(.text.device_tree_get_u32)
        8000c0f4         8000c0f4        0     1                 $x
        8000c0f4         8000c0f4       bc     1                 device_tree_get_u32
        8000c1b0         8000c1b0       f0     4         build-hardware-probe/kernel/device_tree.o:(.text.device_tree_get_string)
        8000c1b0         8000c1b0        0     1                 $x
        8000c1b0         8000c1b0       f0     1                 device_tree_get_string
        8000c2a0         8000c2a0       f4     4         build-hardware-probe/kernel/device_tree.o:(.text.device_tree_string_list_contains)
        8000c2a0         8000c2a0        0     1                 $x
        8000c2a0         8000c2a0       f4     1                 device_tree_string_list_contains
        8000c394         8000c394      284     4         build-hardware-probe/kernel/device_tree.o:(.text.device_tree_get_reg)
        8000c394         8000c394        0     1                 $x
        8000c394         8000c394      284     1                 device_tree_get_reg
        8000c618         8000c618       94     4         build-hardware-probe/kernel/device_tree.o:(.text.read_cells)
        8000c618         8000c618       94     1                 read_cells
        8000c618         8000c618        0     1                 $x
        8000c6ac         8000c6ac      130     4         build-hardware-probe/kernel/device_tree.o:(.text.device_tree_resolve_alias)
        8000c6ac         8000c6ac        0     1                 $x
        8000c6ac         8000c6ac      130     1                 device_tree_resolve_alias
        8000c7dc         8000c7dc      1c0     4         build-hardware-probe/kernel/device_tree.o:(.text.device_tree_stdout_path)
        8000c7dc         8000c7dc        0     1                 $x
        8000c7dc         8000c7dc      1c0     1                 device_tree_stdout_path
        8000c99c         8000c99c      19c     4         build-hardware-probe/kernel/device_tree.o:(.text.device_tree_find_compatible)
        8000c99c         8000c99c        0     1                 $x
        8000c99c         8000c99c      19c     1                 device_tree_find_compatible
        8000cb38         8000cb38      1f4     4         build-hardware-probe/kernel/device_tree.o:(.text.device_tree_print_node)
        8000cb38         8000cb38        0     1                 $x
        8000cb38         8000cb38      1f4     1                 device_tree_print_node
        8000cd2c         8000cd2c      208     4         build-hardware-probe/kernel/device_tree.o:(.text.device_tree_find)
        8000cd2c         8000cd2c        0     1                 $x
        8000cd2c         8000cd2c      208     1                 device_tree_find
        8000cf34         8000cf34      280     4         build-hardware-probe/kernel/device_tree.o:(.text.device_tree_print_property)
        8000cf34         8000cf34        0     1                 $x
        8000cf34         8000cf34      280     1                 device_tree_print_property
        8000d1b4         8000d1b4      118     4         build-hardware-probe/kernel/device_tree.o:(.text.device_tree_get_cells)
        8000d1b4         8000d1b4        0     1                 $x
        8000d1b4         8000d1b4      118     1                 device_tree_get_cells
        8000d2cc         8000d2cc      124     4         build-hardware-probe/kernel/device_tree.o:(.text.device_tree_get_clock_frequency)
        8000d2cc         8000d2cc        0     1                 $x
        8000d2cc         8000d2cc      124     1                 device_tree_get_clock_frequency
        8000d3f0         8000d3f0      1b0     4         build-hardware-probe/kernel/device_tree.o:(.text.device_tree_find_compatible_path)
        8000d3f0         8000d3f0        0     1                 $x
        8000d3f0         8000d3f0      1b0     1                 device_tree_find_compatible_path
        8000d5a0         8000d5a0      114     4         build-hardware-probe/kernel/device_tree.o:(.text.device_tree_reservation_count)
        8000d5a0         8000d5a0        0     1                 $x
        8000d5a0         8000d5a0      114     1                 device_tree_reservation_count
        8000d6b4         8000d6b4      130     4         build-hardware-probe/kernel/device_tree.o:(.text.device_tree_reservation_at)
        8000d6b4         8000d6b4        0     1                 $x
        8000d6b4         8000d6b4      130     1                 device_tree_reservation_at
        8000d7e4         8000d7e4       68     4         build-hardware-probe/kernel/device_tree.o:(.text.property_name)
        8000d7e4         8000d7e4       68     1                 property_name
        8000d7e4         8000d7e4        0     1                 $x
        8000d84c         8000d84c       58     4         build-hardware-probe/kernel/driver.o:(.text.driver_manager_init)
        8000d84c         8000d84c        0     1                 $x
        8000d84c         8000d84c       58     1                 driver_manager_init
        8000d8a4         8000d8a4       e0     4         build-hardware-probe/kernel/driver.o:(.text.driver_manager_shutdown)
        8000d8a4         8000d8a4        0     1                 $x
        8000d8a4         8000d8a4       e0     1                 driver_manager_shutdown
        8000d984         8000d984       dc     4         build-hardware-probe/kernel/driver.o:(.text.driver_stop_all)
        8000d984         8000d984        0     1                 $x
        8000d984         8000d984       dc     1                 driver_stop_all
        8000da60         8000da60       10     4         build-hardware-probe/kernel/driver.o:(.text.driver_manager_ready)
        8000da60         8000da60        0     1                 $x
        8000da60         8000da60       10     1                 driver_manager_ready
        8000da70         8000da70      168     4         build-hardware-probe/kernel/driver.o:(.text.driver_register)
        8000da70         8000da70        0     1                 $x
        8000da70         8000da70      168     1                 driver_register
        8000dbd8         8000dbd8      308     4         build-hardware-probe/kernel/driver.o:(.text.driver_start_all)
        8000dbd8         8000dbd8        0     1                 $x
        8000dbd8         8000dbd8      308     1                 driver_start_all
        8000dee0         8000dee0       80     4         build-hardware-probe/kernel/driver.o:(.text.driver_manager_healthy)
        8000dee0         8000dee0        0     1                 $x
        8000dee0         8000dee0       80     1                 driver_manager_healthy
        8000df60         8000df60       10     4         build-hardware-probe/kernel/driver.o:(.text.driver_count)
        8000df60         8000df60        0     1                 $x
        8000df60         8000df60       10     1                 driver_count
        8000df70         8000df70       70     4         build-hardware-probe/kernel/driver.o:(.text.driver_at)
        8000df70         8000df70        0     1                 $x
        8000df70         8000df70       70     1                 driver_at
        8000dfe0         8000dfe0       2c     4         build-hardware-probe/kernel/driver.o:(.text.driver_state_name)
        8000dfe0         8000dfe0        0     1                 $x
        8000dfe0         8000dfe0       2c     1                 driver_state_name
        8000e00c         8000e00c       80     4         build-hardware-probe/kernel/event.o:(.text.event_bus_init)
        8000e00c         8000e00c        0     1                 $x
        8000e00c         8000e00c       80     1                 event_bus_init
        8000e08c         8000e08c       24     4         build-hardware-probe/kernel/event.o:(.text.event_bus_shutdown)
        8000e08c         8000e08c        0     1                 $x
        8000e08c         8000e08c       24     1                 event_bus_shutdown
        8000e0b0         8000e0b0       10     4         build-hardware-probe/kernel/event.o:(.text.event_bus_ready)
        8000e0b0         8000e0b0        0     1                 $x
        8000e0b0         8000e0b0       10     1                 event_bus_ready
        8000e0c0         8000e0c0       78     4         build-hardware-probe/kernel/event.o:(.text.event_bus_subscribe)
        8000e0c0         8000e0c0        0     1                 $x
        8000e0c0         8000e0c0       78     1                 event_bus_subscribe
        8000e138         8000e138      20c     4         build-hardware-probe/kernel/event.o:(.text.event_bus_publish)
        8000e138         8000e138        0     1                 $x
        8000e138         8000e138      20c     1                 event_bus_publish
        8000e344         8000e344       10     4         build-hardware-probe/kernel/event.o:(.text.event_bus_count)
        8000e344         8000e344        0     1                 $x
        8000e344         8000e344       10     1                 event_bus_count
        8000e354         8000e354       88     4         build-hardware-probe/kernel/event.o:(.text.event_bus_at)
        8000e354         8000e354        0     1                 $x
        8000e354         8000e354       88     1                 event_bus_at
        8000e3dc         8000e3dc       18     4         build-hardware-probe/kernel/event.o:(.text.event_bus_stats)
        8000e3dc         8000e3dc        0     1                 $x
        8000e3dc         8000e3dc       18     1                 event_bus_stats
        8000e3f4         8000e3f4       2c     4         build-hardware-probe/kernel/event.o:(.text.event_type_name)
        8000e3f4         8000e3f4        0     1                 $x
        8000e3f4         8000e3f4       2c     1                 event_type_name
        8000e420         8000e420       18     4         build-hardware-probe/kernel/exception.o:(.text.exception_init)
        8000e420         8000e420        0     1                 $x
        8000e420         8000e420       18     1                 exception_init
        8000e438         8000e438       b0     4         build-hardware-probe/kernel/exception.o:(.text.exception_handle)
        8000e438         8000e438        0     1                 $x
        8000e438         8000e438       b0     1                 exception_handle
        8000e4e8         8000e4e8       50     4         build-hardware-probe/kernel/fault.o:(.text.fault_injection_init)
        8000e4e8         8000e4e8        0     1                 $x
        8000e4e8         8000e4e8       50     1                 fault_injection_init
        8000e538         8000e538        8     4         build-hardware-probe/kernel/fault.o:(.text.fault_injection_available)
        8000e538         8000e538        0     1                 $x
        8000e538         8000e538        8     1                 fault_injection_available
        8000e540         8000e540        8     4         build-hardware-probe/kernel/fault.o:(.text.fault_injection_should_fail)
        8000e540         8000e540        0     1                 $x
        8000e540         8000e540        8     1                 fault_injection_should_fail
        8000e548         8000e548       18     4         build-hardware-probe/kernel/fault.o:(.text.fault_injection_status)
        8000e548         8000e548        0     1                 $x
        8000e548         8000e548       18     1                 fault_injection_status
        8000e560         8000e560       2c     4         build-hardware-probe/kernel/fault.o:(.text.fault_point_name)
        8000e560         8000e560        0     1                 $x
        8000e560         8000e560       2c     1                 fault_point_name
        8000e58c         8000e58c       d4     4         build-hardware-probe/kernel/framebuffer_console.o:(.text.framebuffer_console_init)
        8000e58c         8000e58c        0     1                 $x
        8000e58c         8000e58c       d4     1                 framebuffer_console_init
        8000e660         8000e660       58     4         build-hardware-probe/kernel/framebuffer_console.o:(.text.framebuffer_console_set_enabled)
        8000e660         8000e660        0     1                 $x
        8000e660         8000e660       58     1                 framebuffer_console_set_enabled
        8000e6b8         8000e6b8      5b4     4         build-hardware-probe/kernel/framebuffer_console.o:(.text.framebuffer_console_putc)
        8000e6b8         8000e6b8        0     1                 $x
        8000e6b8         8000e6b8      5b4     1                 framebuffer_console_putc
        8000ec6c         8000ec6c       40     4         build-hardware-probe/kernel/framebuffer_console.o:(.text.framebuffer_console_write)
        8000ec6c         8000ec6c        0     1                 $x
        8000ec6c         8000ec6c       40     1                 framebuffer_console_write
        8000ecac         8000ecac      194     4         build-hardware-probe/kernel/framebuffer_console.o:(.text.framebuffer_console_clear)
        8000ecac         8000ecac        0     1                 $x
        8000ecac         8000ecac      194     1                 framebuffer_console_clear
        8000ee40         8000ee40      140     4         build-hardware-probe/kernel/framebuffer_console.o:(.text.clear_rows)
        8000ee40         8000ee40      140     1                 clear_rows
        8000ee40         8000ee40        0     1                 $x
        8000ef80         8000ef80      134     4         build-hardware-probe/kernel/framebuffer_console.o:(.text.framebuffer_console_panic)
        8000ef80         8000ef80        0     1                 $x
        8000ef80         8000ef80      134     1                 framebuffer_console_panic
        8000f0b4         8000f0b4       90     4         build-hardware-probe/kernel/framebuffer_console.o:(.text.framebuffer_console_stats)
        8000f0b4         8000f0b4        0     1                 $x
        8000f0b4         8000f0b4       90     1                 framebuffer_console_stats
        8000f144         8000f144      664     4         build-hardware-probe/kernel/format.o:(.text.fm_vprintf)
        8000f144         8000f144        0     1                 $x
        8000f144         8000f144      664     1                 fm_vprintf
        8000f7a8         8000f7a8       a4     4         build-hardware-probe/kernel/format.o:(.text.fm_printf)
        8000f7a8         8000f7a8        0     1                 $x
        8000f7a8         8000f7a8       a4     1                 fm_printf
        8000f84c         8000f84c      804     4         build-hardware-probe/kernel/format.o:(.text.fm_vsnprintf)
        8000f84c         8000f84c        0     1                 $x
        8000f84c         8000f84c      804     1                 fm_vsnprintf
        80010050         80010050       98     4         build-hardware-probe/kernel/format.o:(.text.fm_snprintf)
        80010050         80010050        0     1                 $x
        80010050         80010050       98     1                 fm_snprintf
        800100e8         800100e8      124     4         build-hardware-probe/kernel/handoff.o:(.text.fbr34ker_handoff_covers_range)
        800100e8         800100e8        0     1                 $x
        800100e8         800100e8      124     1                 fbr34ker_handoff_covers_range
        8001020c         8001020c      228     4         build-hardware-probe/kernel/handoff.o:(.text.fbr34ker_handoff_describes_range)
        8001020c         8001020c        0     1                 $x
        8001020c         8001020c      228     1                 fbr34ker_handoff_describes_range
        80010434         80010434      3d4     4         build-hardware-probe/kernel/handoff.o:(.text.fbr34ker_handoff_valid)
        80010434         80010434        0     1                 $x
        80010434         80010434      3d4     1                 fbr34ker_handoff_valid
        80010808         80010808      198     4         build-hardware-probe/kernel/handoff.o:(.text.regions_basic_valid)
        80010808         80010808      198     1                 regions_basic_valid
        80010808         80010808        0     1                 $x
        800109a0         800109a0      19c     4         build-hardware-probe/kernel/handoff.o:(.text.boot_modules_valid)
        800109a0         800109a0      19c     1                 boot_modules_valid
        800109a0         800109a0        0     1                 $x
        80010b3c         80010b3c      370     4         build-hardware-probe/kernel/handoff.o:(.text.v2_flags_valid)
        80010b3c         80010b3c      370     1                 v2_flags_valid
        80010b3c         80010b3c        0     1                 $x
        80010eac         80010eac      300     4         build-hardware-probe/kernel/handoff.o:(.text.v3_callbacks_valid)
        80010eac         80010eac      300     1                 v3_callbacks_valid
        80010eac         80010eac        0     1                 $x
        800111ac         800111ac      d70     4         build-hardware-probe/kernel/handoff.o:(.text.v4_valid)
        800111ac         800111ac      d70     1                 v4_valid
        800111ac         800111ac        0     1                 $x
        80011f1c         80011f1c       3c     4         build-hardware-probe/kernel/handoff.o:(.text.fbr34ker_handoff_set_active)
        80011f1c         80011f1c        0     1                 $x
        80011f1c         80011f1c       3c     1                 fbr34ker_handoff_set_active
        80011f58         80011f58       10     4         build-hardware-probe/kernel/handoff.o:(.text.fbr34ker_handoff_active)
        80011f58         80011f58        0     1                 $x
        80011f58         80011f58       10     1                 fbr34ker_handoff_active
        80011f68         80011f68      20c     4         build-hardware-probe/kernel/handoff.o:(.text.context_pointer_valid)
        80011f68         80011f68      20c     1                 context_pointer_valid
        80011f68         80011f68        0     1                 $x
        80012174         80012174      4e0     4         build-hardware-probe/kernel/handoff.o:(.text.regions_v4_valid)
        80012174         80012174      4e0     1                 regions_v4_valid
        80012174         80012174        0     1                 $x
        80012654         80012654      47c     4         build-hardware-probe/kernel/handoff.o:(.text.framebuffer_v4_valid)
        80012654         80012654      47c     1                 framebuffer_v4_valid
        80012654         80012654        0     1                 $x
        80012ad0         80012ad0      96c     4         build-hardware-probe/kernel/handoff.o:(.text.v4_metadata_ranges_valid)
        80012ad0         80012ad0      96c     1                 v4_metadata_ranges_valid
        80012ad0         80012ad0        0     1                 $x
        8001343c         8001343c     1318     4         build-hardware-probe/kernel/handoff.o:(.text.callback_set_v4_valid)
        8001343c         8001343c     1318     1                 callback_set_v4_valid
        8001343c         8001343c        0     1                 $x
        80014754         80014754      220     4         build-hardware-probe/kernel/handoff.o:(.text.callback_address_valid)
        80014754         80014754      220     1                 callback_address_valid
        80014754         80014754        0     1                 $x
        80014974         80014974       30     4         build-hardware-probe/kernel/hardware_probe.o:(.text.hardware_probe_init)
        80014974         80014974        0     1                 $x
        80014974         80014974       30     1                 hardware_probe_init
        800149a4         800149a4       18     4         build-hardware-probe/kernel/hardware_probe.o:(.text.hardware_probe_status)
        800149a4         800149a4        0     1                 $x
        800149a4         800149a4       18     1                 hardware_probe_status
        800149bc         800149bc       10     4         build-hardware-probe/kernel/hardware_probe.o:(.text.hardware_probe_active)
        800149bc         800149bc        0     1                 $x
        800149bc         800149bc       10     1                 hardware_probe_active
        800149cc         800149cc       10     4         build-hardware-probe/kernel/hardware_probe.o:(.text.hardware_probe_immutable)
        800149cc         800149cc        0     1                 $x
        800149cc         800149cc       10     1                 hardware_probe_immutable
        800149dc         800149dc       3c     4         build-hardware-probe/kernel/hardware_probe.o:(.text.hardware_probe_unlock)
        800149dc         800149dc        0     1                 $x
        800149dc         800149dc       3c     1                 hardware_probe_unlock
        80014a18         80014a18       1c     4         build-hardware-probe/kernel/hardware_probe.o:(.text.hardware_probe_mark_reviewed)
        80014a18         80014a18        0     1                 $x
        80014a18         80014a18       1c     1                 hardware_probe_mark_reviewed
        80014a34         80014a34       34     4         build-hardware-probe/kernel/hardware_probe.o:(.text.hardware_probe_mark_validated)
        80014a34         80014a34        0     1                 $x
        80014a34         80014a34       34     1                 hardware_probe_mark_validated
        80014a68         80014a68        8     4         build-hardware-probe/kernel/hardware_probe.o:(.text.hardware_probe_modules_allowed)
        80014a68         80014a68        0     1                 $x
        80014a68         80014a68        8     1                 hardware_probe_modules_allowed
        80014a70         80014a70        8     4         build-hardware-probe/kernel/hardware_probe.o:(.text.hardware_probe_framebuffer_writes_allowed)
        80014a70         80014a70        0     1                 $x
        80014a70         80014a70        8     1                 hardware_probe_framebuffer_writes_allowed
        80014a78         80014a78        8     4         build-hardware-probe/kernel/hardware_probe.o:(.text.hardware_probe_interrupt_mutation_allowed)
        80014a78         80014a78        0     1                 $x
        80014a78         80014a78        8     1                 hardware_probe_interrupt_mutation_allowed
        80014a80         80014a80        8     4         build-hardware-probe/kernel/hardware_probe.o:(.text.hardware_probe_watchdog_mutation_allowed)
        80014a80         80014a80        0     1                 $x
        80014a80         80014a80        8     1                 hardware_probe_watchdog_mutation_allowed
        80014a88         80014a88        8     4         build-hardware-probe/kernel/hardware_probe.o:(.text.hardware_probe_power_actions_allowed)
        80014a88         80014a88        0     1                 $x
        80014a88         80014a88        8     1                 hardware_probe_power_actions_allowed
        80014a90         80014a90      128     4         build-hardware-probe/kernel/hardware_probe.o:(.text.hardware_probe_memory_map_valid)
        80014a90         80014a90        0     1                 $x
        80014a90         80014a90      128     1                 hardware_probe_memory_map_valid
        80014bb8         80014bb8       2c     4         build-hardware-probe/kernel/hardware_probe.o:(.text.hardware_compatibility_state_name)
        80014bb8         80014bb8        0     1                 $x
        80014bb8         80014bb8       2c     1                 hardware_compatibility_state_name
        80014be4         80014be4       3c     4         build-hardware-probe/kernel/hardware_probe.o:(.text.hardware_probe_handoff_state)
        80014be4         80014be4        0     1                 $x
        80014be4         80014be4       3c     1                 hardware_probe_handoff_state
        80014c20         80014c20       20     4         build-hardware-probe/kernel/hardware_probe.o:(.text.hardware_probe_console_output_state)
        80014c20         80014c20        0     1                 $x
        80014c20         80014c20       20     1                 hardware_probe_console_output_state
        80014c40         80014c40       20     4         build-hardware-probe/kernel/hardware_probe.o:(.text.hardware_probe_console_input_state)
        80014c40         80014c40        0     1                 $x
        80014c40         80014c40       20     1                 hardware_probe_console_input_state
        80014c60         80014c60       24     4         build-hardware-probe/kernel/hardware_probe.o:(.text.hardware_probe_timer_state)
        80014c60         80014c60        0     1                 $x
        80014c60         80014c60       24     1                 hardware_probe_timer_state
        80014c84         80014c84       24     4         build-hardware-probe/kernel/hardware_probe.o:(.text.hardware_probe_memory_state)
        80014c84         80014c84        0     1                 $x
        80014c84         80014c84       24     1                 hardware_probe_memory_state
        80014ca8         80014ca8       20     4         build-hardware-probe/kernel/hardware_probe.o:(.text.hardware_probe_device_tree_state)
        80014ca8         80014ca8        0     1                 $x
        80014ca8         80014ca8       20     1                 hardware_probe_device_tree_state
        80014cc8         80014cc8       3c     4         build-hardware-probe/kernel/hardware_probe.o:(.text.hardware_probe_interrupt_state)
        80014cc8         80014cc8        0     1                 $x
        80014cc8         80014cc8       3c     1                 hardware_probe_interrupt_state
        80014d04         80014d04       40     4         build-hardware-probe/kernel/hardware_probe.o:(.text.hardware_probe_watchdog_state)
        80014d04         80014d04        0     1                 $x
        80014d04         80014d04       40     1                 hardware_probe_watchdog_state
        80014d44         80014d44       44     4         build-hardware-probe/kernel/hardware_probe.o:(.text.hardware_probe_framebuffer_state)
[...]
            86d0             86d0        0     1                 $d
            87f8             87f8       e0     1         build-hardware-probe/kernel/watchdog.o:(.debug_addr)
            87f8             87f8        0     1                 $d
            88d8             88d8      1d8     1         build-hardware-probe/kernel/apple_platform.o:(.debug_addr)
            88d8             88d8        0     1                 $d
            8ab0             8ab0      778     1         build-hardware-probe/kernel/usb.o:(.debug_addr)
            8ab0             8ab0        0     1                 $d
            9228             9228      1f8     1         build-hardware-probe/kernel/usbliter8_exploit.o:(.debug_addr)
            9228             9228        0     1                 $d
            9420             9420       60     1         build-hardware-probe/modules/hello/hello.o:(.debug_addr)
            9420             9420        0     1                 $d
            9480             9480      1a0     1         build-hardware-probe/platform/gic.o:(.debug_addr)
            9480             9480        0     1                 $d
            9620             9620      470     1         build-hardware-probe/platform/generic_arm64/platform.o:(.debug_addr)
            9620             9620        0     1                 $d
            9a90             9a90      120     1         build-hardware-probe/platform/generic_arm64/timer.o:(.debug_addr)
            9a90             9a90        0     1                 $d
               0                0     5658     8 .debug_frame
               0                0       60     8         build-hardware-probe/arch/arm64/cpu.o:(.debug_frame)
               0                0        0     1                 $d
              60               60      158     8         build-hardware-probe/kernel/allocator.o:(.debug_frame)
              60               60        0     1                 $d
             1b8              1b8      2f0     8         build-hardware-probe/kernel/architecture.o:(.debug_frame)
             1b8              1b8        0     1                 $d
             4a8              4a8      208     8         build-hardware-probe/kernel/board.o:(.debug_frame)
             4a8              4a8        0     1                 $d
             6b0              6b0      128     8         build-hardware-probe/kernel/boot_evidence.o:(.debug_frame)
             6b0              6b0        0     1                 $d
             7d8              7d8      140     8         build-hardware-probe/kernel/bringup_report.o:(.debug_frame)
             7d8              7d8        0     1                 $d
             918              918       30     8         build-hardware-probe/kernel/build_info.o:(.debug_frame)
             918              918        0     1                 $d
             948              948       d8     8         build-hardware-probe/kernel/bringup.o:(.debug_frame)
             948              948        0     1                 $d
             a20              a20      e98     8         build-hardware-probe/kernel/command.o:(.debug_frame)
             a20              a20        0     1                 $d
            18b8             18b8      188     8         build-hardware-probe/kernel/console.o:(.debug_frame)
            18b8             18b8        0     1                 $d
            1a40             1a40      188     8         build-hardware-probe/kernel/crash.o:(.debug_frame)
            1a40             1a40        0     1                 $d
            1bc8             1bc8       78     8         build-hardware-probe/kernel/crc32.o:(.debug_frame)
            1bc8             1bc8        0     1                 $d
            1c40             1c40      498     8         build-hardware-probe/kernel/device_tree.o:(.debug_frame)
            1c40             1c40        0     1                 $d
            20d8             20d8      170     8         build-hardware-probe/kernel/driver.o:(.debug_frame)
            20d8             20d8        0     1                 $d
            2248             2248      118     8         build-hardware-probe/kernel/event.o:(.debug_frame)
            2248             2248        0     1                 $d
            2360             2360       58     8         build-hardware-probe/kernel/exception.o:(.debug_frame)
            2360             2360        0     1                 $d
            23b8             23b8      110     8         build-hardware-probe/kernel/fault.o:(.debug_frame)
            23b8             23b8        0     1                 $d
            24c8             24c8      148     8         build-hardware-probe/kernel/framebuffer_console.o:(.debug_frame)
            24c8             24c8        0     1                 $d
            2610             2610       c0     8         build-hardware-probe/kernel/format.o:(.debug_frame)
            2610             2610        0     1                 $d
            26d0             26d0      240     8         build-hardware-probe/kernel/handoff.o:(.debug_frame)
            26d0             26d0        0     1                 $d
            2910             2910      360     8         build-hardware-probe/kernel/hardware_probe.o:(.debug_frame)
            2910             2910        0     1                 $d
            2c70             2c70      2b8     8         build-hardware-probe/kernel/kernel_patches.o:(.debug_frame)
            2c70             2c70        0     1                 $d
            2f28             2f28      240     8         build-hardware-probe/kernel/secure_boot_bypass.o:(.debug_frame)
            2f28             2f28        0     1                 $d
            3168             3168      318     8         build-hardware-probe/kernel/persistence.o:(.debug_frame)
            3168             3168        0     1                 $d
            3480             3480      130     8         build-hardware-probe/kernel/hal_sim.o:(.debug_frame)
            3480             3480        0     1                 $d
            35b0             35b0      100     8         build-hardware-probe/kernel/interrupt.o:(.debug_frame)
            35b0             35b0        0     1                 $d
            36b0             36b0      190     8         build-hardware-probe/kernel/lifecycle.o:(.debug_frame)
            36b0             36b0        0     1                 $d
            3840             3840      130     8         build-hardware-probe/kernel/log.o:(.debug_frame)
            3840             3840        0     1                 $d
            3970             3970       48     8         build-hardware-probe/kernel/main.o:(.debug_frame)
            3970             3970        0     1                 $d
            39b8             39b8      330     8         build-hardware-probe/kernel/module.o:(.debug_frame)
            39b8             39b8        0     1                 $d
            3ce8             3ce8      308     8         build-hardware-probe/kernel/mmio.o:(.debug_frame)
            3ce8             3ce8        0     1                 $d
            3ff0             3ff0      1e8     8         build-hardware-probe/kernel/physical_memory.o:(.debug_frame)
            3ff0             3ff0        0     1                 $d
            41d8             41d8      178     8         build-hardware-probe/kernel/protocol.o:(.debug_frame)
            41d8             41d8        0     1                 $d
            4350             4350      100     8         build-hardware-probe/kernel/sha256.o:(.debug_frame)
            4350             4350        0     1                 $d
            4450             4450       c8     8         build-hardware-probe/kernel/service_guard.o:(.debug_frame)
            4450             4450        0     1                 $d
            4518             4518      1f0     8         build-hardware-probe/kernel/service_registry.o:(.debug_frame)
            4518             4518        0     1                 $d
            4708             4708       a0     8         build-hardware-probe/kernel/stack_guard.o:(.debug_frame)
            4708             4708        0     1                 $d
            47a8             47a8      150     8         build-hardware-probe/kernel/string.o:(.debug_frame)
            47a8             47a8        0     1                 $d
            48f8             48f8      170     8         build-hardware-probe/kernel/trace.o:(.debug_frame)
            48f8             48f8        0     1                 $d
            4a68             4a68      110     8         build-hardware-probe/kernel/watchdog.o:(.debug_frame)
            4a68             4a68        0     1                 $d
            4b78             4b78       d0     8         build-hardware-probe/kernel/apple_platform.o:(.debug_frame)
            4b78             4b78        0     1                 $d
            4c48             4c48      320     8         build-hardware-probe/kernel/usb.o:(.debug_frame)
            4c48             4c48        0     1                 $d
            4f68             4f68      178     8         build-hardware-probe/kernel/usbliter8_exploit.o:(.debug_frame)
            4f68             4f68        0     1                 $d
            50e0             50e0       60     8         build-hardware-probe/modules/hello/hello.o:(.debug_frame)
            50e0             50e0        0     1                 $d
            5140             5140      118     8         build-hardware-probe/platform/gic.o:(.debug_frame)
            5140             5140        0     1                 $d
            5258             5258      348     8         build-hardware-probe/platform/generic_arm64/platform.o:(.debug_frame)
            5258             5258        0     1                 $d
            55a0             55a0       b8     8         build-hardware-probe/platform/generic_arm64/timer.o:(.debug_frame)
            55a0             55a0        0     1                 $d
               0                0    1643c     1 .debug_line
               0                0       e1     1         build-hardware-probe/arch/arm64/cpu.o:(.debug_line)
               0                0        0     1                 $d
              e1               e1      5ea     1         build-hardware-probe/kernel/allocator.o:(.debug_line)
              e1               e1        0     1                 $d
             6cb              6cb      5ef     1         build-hardware-probe/kernel/architecture.o:(.debug_line)
             6cb              6cb        0     1                 $d
             cba              cba      97f     1         build-hardware-probe/kernel/board.o:(.debug_line)
             cba              cba        0     1                 $d
            1639             1639      46e     1         build-hardware-probe/kernel/boot_evidence.o:(.debug_line)
            1639             1639        0     1                 $d
            1aa7             1aa7      a26     1         build-hardware-probe/kernel/bringup_report.o:(.debug_line)
            1aa7             1aa7        0     1                 $d
            24cd             24cd       89     1         build-hardware-probe/kernel/build_info.o:(.debug_line)
            24cd             24cd        0     1                 $d
            2556             2556      1d6     1         build-hardware-probe/kernel/bringup.o:(.debug_line)
            2556             2556        0     1                 $d
            272c             272c     370c     1         build-hardware-probe/kernel/command.o:(.debug_line)
            272c             272c        0     1                 $d
            5e38             5e38      3df     1         build-hardware-probe/kernel/console.o:(.debug_line)
            5e38             5e38        0     1                 $d
            6217             6217      65e     1         build-hardware-probe/kernel/crash.o:(.debug_line)
            6217             6217        0     1                 $d
            6875             6875      149     1         build-hardware-probe/kernel/crc32.o:(.debug_line)
            6875             6875        0     1                 $d
            69be             69be     16df     1         build-hardware-probe/kernel/device_tree.o:(.debug_line)
            69be             69be        0     1                 $d
            809d             809d      5e8     1         build-hardware-probe/kernel/driver.o:(.debug_line)
            809d             809d        0     1                 $d
            8685             8685      2e3     1         build-hardware-probe/kernel/event.o:(.debug_line)
            8685             8685        0     1                 $d
            8968             8968      165     1         build-hardware-probe/kernel/exception.o:(.debug_line)
            8968             8968        0     1                 $d
            8acd             8acd      1e6     1         build-hardware-probe/kernel/fault.o:(.debug_line)
            8acd             8acd        0     1                 $d
            8cb3             8cb3      73b     1         build-hardware-probe/kernel/framebuffer_console.o:(.debug_line)
            8cb3             8cb3        0     1                 $d
            93ee             93ee      911     1         build-hardware-probe/kernel/format.o:(.debug_line)
            93ee             93ee        0     1                 $d
            9cff             9cff     16fb     1         build-hardware-probe/kernel/handoff.o:(.debug_line)
            9cff             9cff        0     1                 $d
            b3fa             b3fa      59f     1         build-hardware-probe/kernel/hardware_probe.o:(.debug_line)
            b3fa             b3fa        0     1                 $d
            b999             b999      82f     1         build-hardware-probe/kernel/kernel_patches.o:(.debug_line)
            b999             b999        0     1                 $d
            c1c8             c1c8      618     1         build-hardware-probe/kernel/secure_boot_bypass.o:(.debug_line)
            c1c8             c1c8        0     1                 $d
            c7e0             c7e0      96e     1         build-hardware-probe/kernel/persistence.o:(.debug_line)
            c7e0             c7e0        0     1                 $d
            d14e             d14e      2e6     1         build-hardware-probe/kernel/hal_sim.o:(.debug_line)
            d14e             d14e        0     1                 $d
            d434             d434      354     1         build-hardware-probe/kernel/interrupt.o:(.debug_line)
            d434             d434        0     1                 $d
            d788             d788      715     1         build-hardware-probe/kernel/lifecycle.o:(.debug_line)
            d788             d788        0     1                 $d
            de9d             de9d      30c     1         build-hardware-probe/kernel/log.o:(.debug_line)
            de9d             de9d        0     1                 $d
            e1a9             e1a9      50c     1         build-hardware-probe/kernel/main.o:(.debug_line)
            e1a9             e1a9        0     1                 $d
            e6b5             e6b5     14c4     1         build-hardware-probe/kernel/module.o:(.debug_line)
            e6b5             e6b5        0     1                 $d
            fb79             fb79      bab     1         build-hardware-probe/kernel/mmio.o:(.debug_line)
            fb79             fb79        0     1                 $d
           10724            10724      8fb     1         build-hardware-probe/kernel/physical_memory.o:(.debug_line)
           10724            10724        0     1                 $d
           1101f            1101f      8c8     1         build-hardware-probe/kernel/protocol.o:(.debug_line)
           1101f            1101f        0     1                 $d
           118e7            118e7      65b     1         build-hardware-probe/kernel/sha256.o:(.debug_line)
           118e7            118e7        0     1                 $d
           11f42            11f42      24a     1         build-hardware-probe/kernel/service_guard.o:(.debug_line)
           11f42            11f42        0     1                 $d
           1218c            1218c      4bb     1         build-hardware-probe/kernel/service_registry.o:(.debug_line)
           1218c            1218c        0     1                 $d
           12647            12647      164     1         build-hardware-probe/kernel/stack_guard.o:(.debug_line)
           12647            12647        0     1                 $d
           127ab            127ab      3a7     1         build-hardware-probe/kernel/string.o:(.debug_line)
           127ab            127ab        0     1                 $d
           12b52            12b52      3ee     1         build-hardware-probe/kernel/trace.o:(.debug_line)
           12b52            12b52        0     1                 $d
           12f40            12f40      2e5     1         build-hardware-probe/kernel/watchdog.o:(.debug_line)
           12f40            12f40        0     1                 $d
           13225            13225      203     1         build-hardware-probe/kernel/apple_platform.o:(.debug_line)
           13225            13225        0     1                 $d
           13428            13428     13ac     1         build-hardware-probe/kernel/usb.o:(.debug_line)
           13428            13428        0     1                 $d
           147d4            147d4      376     1         build-hardware-probe/kernel/usbliter8_exploit.o:(.debug_line)
           147d4            147d4        0     1                 $d
           14b4a            14b4a       c9     1         build-hardware-probe/modules/hello/hello.o:(.debug_line)
           14b4a            14b4a        0     1                 $d
           14c13            14c13      46e     1         build-hardware-probe/platform/gic.o:(.debug_line)
           14c13            14c13        0     1                 $d
           15081            15081      f00     1         build-hardware-probe/platform/generic_arm64/platform.o:(.debug_line)
           15081            15081        0     1                 $d
           15f81            15f81      359     1         build-hardware-probe/platform/generic_arm64/timer.o:(.debug_line)
           15f81            15f81        0     1                 $d
           162da            162da       73     1         build-hardware-probe/arch/arm64/start.o:(.debug_line)
           162da            162da        0     1                 $d
           1634d            1634d       ef     1         build-hardware-probe/arch/arm64/vectors.o:(.debug_line)
           1634d            1634d        0     1                 $d
               0                0      667     1 .debug_line_str
               0                0      667     1         <internal>:(.debug_line_str)
               0                0       70     1 .debug_aranges
               0                0       30     1         build-hardware-probe/arch/arm64/start.o:(.debug_aranges)
               0                0        0     1                 $d
              30               30       40     1         build-hardware-probe/arch/arm64/vectors.o:(.debug_aranges)
              30               30        0     1                 $d
               0                0     b3a0     8 .symtab
               0                0     b3a0     8         <internal>:(.symtab)
               0                0      132     1 .shstrtab
               0                0      132     1         <internal>:(.shstrtab)
               0                0     408b     1 .strtab
               0                0     408b     1         <internal>:(.strtab)
